Archive member included to satisfy reference by file (symbol)

.\CortexM3\ARM_GCC_541\Debug\Final_Project.a(UART.o)
                              .\CortexM3\ARM_GCC_541\Debug\main.o (UART_Start)
.\CortexM3\ARM_GCC_541\Debug\Final_Project.a(I2C_Master.o)
                              .\CortexM3\ARM_GCC_541\Debug\I2C_Interface.o (I2C_Master_Start)
.\CortexM3\ARM_GCC_541\Debug\Final_Project.a(I2C_Master_INT.o)
                              .\CortexM3\ARM_GCC_541\Debug\Final_Project.a(I2C_Master.o) (I2C_Master_ISR)
.\CortexM3\ARM_GCC_541\Debug\Final_Project.a(I2C_Master_PM.o)
                              .\CortexM3\ARM_GCC_541\Debug\Final_Project.a(I2C_Master.o) (I2C_Master_backup)
.\CortexM3\ARM_GCC_541\Debug\Final_Project.a(I2C_Master_MASTER.o)
                              .\CortexM3\ARM_GCC_541\Debug\Final_Project.a(I2C_Master.o) (I2C_Master_mstrStatus)
.\CortexM3\ARM_GCC_541\Debug\Final_Project.a(SPIM.o)
                              .\CortexM3\ARM_GCC_541\Debug\SPI_Interface.o (SPIM_ReadTxStatus)
.\CortexM3\ARM_GCC_541\Debug\Final_Project.a(SPIM_INT.o)
                              .\CortexM3\ARM_GCC_541\Debug\Final_Project.a(SPIM.o) (SPIM_TX_ISR)
.\CortexM3\ARM_GCC_541\Debug\Final_Project.a(CS.o)
                              .\CortexM3\ARM_GCC_541\Debug\SPI_Interface.o (CS_Write)
.\CortexM3\ARM_GCC_541\Debug\Final_Project.a(PWM_B.o)
                              .\CortexM3\ARM_GCC_541\Debug\RGBLedDriver.o (PWM_B_Stop)
.\CortexM3\ARM_GCC_541\Debug\Final_Project.a(PWM_RG.o)
                              .\CortexM3\ARM_GCC_541\Debug\RGBLedDriver.o (PWM_RG_Stop)
.\CortexM3\ARM_GCC_541\Debug\Final_Project.a(ADC_DelSig.o)
                              .\CortexM3\ARM_GCC_541\Debug\main.o (ADC_DelSig_Start)
.\CortexM3\ARM_GCC_541\Debug\Final_Project.a(ADC_DelSig_INT.o)
                              .\CortexM3\ARM_GCC_541\Debug\Final_Project.a(ADC_DelSig.o) (ADC_DelSig_ISR1)
.\CortexM3\ARM_GCC_541\Debug\Final_Project.a(Timer_SW.o)
                              .\CortexM3\ARM_GCC_541\Debug\SW_State.o (Timer_SW_Stop)
.\CortexM3\ARM_GCC_541\Debug\Final_Project.a(BUTTON.o)
                              .\CortexM3\ARM_GCC_541\Debug\SW_State.o (BUTTON_Read)
.\CortexM3\ARM_GCC_541\Debug\Final_Project.a(PWM_ONBOARD.o)
                              .\CortexM3\ARM_GCC_541\Debug\main.o (PWM_ONBOARD_Stop)
.\CortexM3\ARM_GCC_541\Debug\Final_Project.a(ISR_SW.o)
                              .\CortexM3\ARM_GCC_541\Debug\main.o (ISR_SW_StartEx)
.\CortexM3\ARM_GCC_541\Debug\Final_Project.a(FLAG.o)
                              .\CortexM3\ARM_GCC_541\Debug\main.o (FLAG_Read)
.\CortexM3\ARM_GCC_541\Debug\Final_Project.a(UART_IntClock.o)
                              .\CortexM3\ARM_GCC_541\Debug\Final_Project.a(UART.o) (UART_IntClock_Start)
.\CortexM3\ARM_GCC_541\Debug\Final_Project.a(SPIM_IntClock.o)
                              .\CortexM3\ARM_GCC_541\Debug\Final_Project.a(SPIM.o) (SPIM_IntClock_Start)
.\CortexM3\ARM_GCC_541\Debug\Final_Project.a(ADC_DelSig_AMux.o)
                              .\CortexM3\ARM_GCC_541\Debug\Final_Project.a(ADC_DelSig.o) (ADC_DelSig_AMux_Select)
.\CortexM3\ARM_GCC_541\Debug\Final_Project.a(ADC_DelSig_Ext_CP_Clk.o)
                              .\CortexM3\ARM_GCC_541\Debug\Final_Project.a(ADC_DelSig.o) (ADC_DelSig_Ext_CP_Clk_SetModeRegister)
.\CortexM3\ARM_GCC_541\Debug\Final_Project.a(ADC_DelSig_theACLK.o)
                              .\CortexM3\ARM_GCC_541\Debug\Final_Project.a(ADC_DelSig.o) (ADC_DelSig_theACLK_SetModeRegister)
.\CortexM3\ARM_GCC_541\Debug\Final_Project.a(CyLib.o)
                              .\CortexM3\ARM_GCC_541\Debug\Cm3Start.o (CyHalt)
.\CortexM3\ARM_GCC_541\Debug\Final_Project.a(cyPm.o)
                              .\CortexM3\ARM_GCC_541\Debug\Final_Project.a(CyLib.o) (CyPmReadStatus)
.\CortexM3\ARM_GCC_541\Debug\Final_Project.a(Timer_CountTime.o)
                              .\CortexM3\ARM_GCC_541\Debug\InterruptRoutines.o (Timer_CountTime_ReadStatusRegister)
.\CortexM3\ARM_GCC_541\Debug\Final_Project.a(isr_TimePassed.o)
                              .\CortexM3\ARM_GCC_541\Debug\main.o (isr_TimePassed_StartEx)
.\CortexM3\ARM_GCC_541\Debug\Final_Project.a(CyBootAsmGnu.o)
                              .\CortexM3\ARM_GCC_541\Debug\cyfitter_cfg.o (CyDelayCycles)
.\CortexM3\ARM_GCC_541\Debug\Final_Project.a(CyFlash.o)
                              .\CortexM3\ARM_GCC_541\Debug\Final_Project.a(cyPm.o) (CyFlash_SetWaitCycles)
.\CortexM3\ARM_GCC_541\Debug\Final_Project.a(CySpc.o)
                              .\CortexM3\ARM_GCC_541\Debug\Final_Project.a(CyFlash.o) (CySpcStart)
c:/program files (x86)/cypress/psoc creator/4.3/psoc creator/import/gnu/arm/5.4.1/bin/../lib/gcc/arm-none-eabi/5.4.1/armv7-m\libgcc.a(_arm_addsubdf3.o)
                              .\CortexM3\ARM_GCC_541\Debug\Final_Project.a(ADC_DelSig.o) (__aeabi_f2d)
c:/program files (x86)/cypress/psoc creator/4.3/psoc creator/import/gnu/arm/5.4.1/bin/../lib/gcc/arm-none-eabi/5.4.1/armv7-m\libgcc.a(_arm_cmpdf2.o)
[...]
Memory Configuration

Name             Origin             Length             Attributes
rom              0x00000000         0x00040000         xr
ram              0x1fff8000         0x00010000         xrw
*default*        0x00000000         0xffffffff

Linker script and memory map

LOAD c:/program files (x86)/cypress/psoc creator/4.3/psoc creator/import/gnu/arm/5.4.1/bin/../lib/gcc/arm-none-eabi/5.4.1/armv7-m/crti.o
LOAD c:/program files (x86)/cypress/psoc creator/4.3/psoc creator/import/gnu/arm/5.4.1/bin/../lib/gcc/arm-none-eabi/5.4.1/armv7-m/crtbegin.o
LOAD c:/program files (x86)/cypress/psoc creator/4.3/psoc creator/import/gnu/arm/5.4.1/bin/../lib/gcc/arm-none-eabi/5.4.1/../../../../arm-none-eabi/lib/armv7-m/crt0.o
START GROUP
LOAD .\CortexM3\ARM_GCC_541\Debug\main.o
LOAD .\CortexM3\ARM_GCC_541\Debug\I2C_Interface.o
LOAD .\CortexM3\ARM_GCC_541\Debug\InterruptRoutines.o
LOAD .\CortexM3\ARM_GCC_541\Debug\SW_State.o
LOAD .\CortexM3\ARM_GCC_541\Debug\RGBLedDriver.o
LOAD .\CortexM3\ARM_GCC_541\Debug\SettingParameter.o
LOAD .\CortexM3\ARM_GCC_541\Debug\25LC256.o
LOAD .\CortexM3\ARM_GCC_541\Debug\SPI_Interface.o
LOAD .\CortexM3\ARM_GCC_541\Debug\cyfitter_cfg.o
LOAD .\CortexM3\ARM_GCC_541\Debug\cymetadata.o
LOAD .\CortexM3\ARM_GCC_541\Debug\Cm3Start.o
LOAD .\CortexM3\ARM_GCC_541\Debug\Final_Project.a
LOAD C:\Program Files (x86)\Cypress\PSoC Creator\4.3\PSoC Creator\psoc\content\cycomponentlibrary\CyComponentLibrary.cylib\CortexM3\ARM_GCC_541\Debug\CyComponentLibrary.a
END GROUP
START GROUP
LOAD c:/program files (x86)/cypress/psoc creator/4.3/psoc creator/import/gnu/arm/5.4.1/bin/../lib/gcc/arm-none-eabi/5.4.1/armv7-m\libgcc.a
LOAD c:/program files (x86)/cypress/psoc creator/4.3/psoc creator/import/gnu/arm/5.4.1/bin/../lib/gcc/arm-none-eabi/5.4.1/../../../../arm-none-eabi/lib/armv7-m\libg_nano.a
LOAD c:/program files (x86)/cypress/psoc creator/4.3/psoc creator/import/gnu/arm/5.4.1/bin/../lib/gcc/arm-none-eabi/5.4.1/../../../../arm-none-eabi/lib/armv7-m\libc_nano.a
END GROUP
START GROUP
LOAD c:/program files (x86)/cypress/psoc creator/4.3/psoc creator/import/gnu/arm/5.4.1/bin/../lib/gcc/arm-none-eabi/5.4.1/armv7-m\libgcc.a
LOAD c:/program files (x86)/cypress/psoc creator/4.3/psoc creator/import/gnu/arm/5.4.1/bin/../lib/gcc/arm-none-eabi/5.4.1/../../../../arm-none-eabi/lib/armv7-m\libc_nano.a
END GROUP
LOAD c:/program files (x86)/cypress/psoc creator/4.3/psoc creator/import/gnu/arm/5.4.1/bin/../lib/gcc/arm-none-eabi/5.4.1/armv7-m/crtend.o
LOAD c:/program files (x86)/cypress/psoc creator/4.3/psoc creator/import/gnu/arm/5.4.1/bin/../lib/gcc/arm-none-eabi/5.4.1/armv7-m/crtn.o
START GROUP
LOAD c:/program files (x86)/cypress/psoc creator/4.3/psoc creator/import/gnu/arm/5.4.1/bin/../lib/gcc/arm-none-eabi/5.4.1/armv7-m\libgcc.a
LOAD c:/program files (x86)/cypress/psoc creator/4.3/psoc creator/import/gnu/arm/5.4.1/bin/../lib/gcc/arm-none-eabi/5.4.1/../../../../arm-none-eabi/lib/armv7-m\libc.a
LOAD c:/program files (x86)/cypress/psoc creator/4.3/psoc creator/import/gnu/arm/5.4.1/bin/../lib/gcc/arm-none-eabi/5.4.1/../../../../arm-none-eabi/lib/armv7-m\libnosys.a
END GROUP
                0x00000000                CY_APPL_ORIGIN = 0x0
                0x00000100                CY_FLASH_ROW_SIZE = 0x100
                0x00000020                CY_ECC_ROW_SIZE = 0x20
                0x00000000                CY_EE_IN_BTLDR = 0x0
                0x00000000                CY_APPL_LOADABLE = 0x0
                0x00000800                CY_EE_SIZE = 0x800
                0x00000001                CY_APPL_NUM = 0x1
                0x00000001                CY_APPL_MAX = 0x1
                0x00000040                CY_METADATA_SIZE = 0x40
                0x00000000                CY_APPL_LOADABLE = 0x0
                0x00000000                CY_CHECKSUM_EXCLUDE_SIZE = ALIGN (0x0, CY_FLASH_ROW_SIZE)
                [!provide]                PROVIDE (__cy_heap_start, _end)
                0x00000001                PROVIDE (__cy_region_num, ((__cy_regions_end - __cy_regions) / 0x10))
                0x20008000                PROVIDE (__cy_stack, (ORIGIN (ram) + LENGTH (ram)))
                [!provide]                PROVIDE (__cy_heap_end, (__cy_stack - 0x800))

.cybootloader   0x00000000        0x0
 *(.cybootloader)
                0x00000000                appl1_start = CY_APPL_ORIGIN?CY_APPL_ORIGIN:ALIGN (CY_FLASH_ROW_SIZE)
                0x0001ff00                appl2_start = (appl1_start + ALIGN ((((LENGTH (rom) - appl1_start) - (0x2 * CY_FLASH_ROW_SIZE)) / 0x2), CY_FLASH_ROW_SIZE))
                0x00000000                appl_start = (CY_APPL_NUM == 0x1)?appl1_start:appl2_start
                0x00000000                ecc_offset = ((appl_start / CY_FLASH_ROW_SIZE) * CY_ECC_ROW_SIZE)
                0x00000000                ee_offset = (CY_APPL_LOADABLE && ! (CY_EE_IN_BTLDR))?((CY_EE_SIZE / CY_APPL_MAX) * (CY_APPL_NUM - 0x1)):0x0
                0x00000800                ee_size = (CY_APPL_LOADABLE && ! (CY_EE_IN_BTLDR))?(CY_EE_SIZE / CY_APPL_MAX):CY_EE_SIZE
                [!provide]                PROVIDE (CY_ECC_OFFSET, ecc_offset)

.text           0x00000000     0x3758
 CREATE_OBJECT_SYMBOLS
                0x00000000                PROVIDE (__cy_interrupt_vector, RomVectors)
 *(.romvectors)
 .romvectors    0x00000000       0x10 .\CortexM3\ARM_GCC_541\Debug\Cm3Start.o
                0x00000000                RomVectors
                0x00000001                ASSERT ((. != __cy_interrupt_vector), No interrupt vector)
                0x00000001                ASSERT (CY_APPL_ORIGIN?(SIZEOF (.cybootloader) <= CY_APPL_ORIGIN):0x1, Wrong image location)
                0x00000010                PROVIDE (__cy_reset, Reset)
 *(.text.Reset)
 .text.Reset    0x00000010       0x18 .\CortexM3\ARM_GCC_541\Debug\Cm3Start.o
                0x00000010                Reset
                0x00000001                ASSERT ((. != __cy_reset), No reset code)
 *(.dma_init)
                0x00000001                ASSERT ((((appl_start + .) <= 0x10000) || 0x1), DMA Init must be within the first 64k of flash)
 *(.text .text.* .gnu.linkonce.t.*)
 .text          0x00000028       0x5c c:/program files (x86)/cypress/psoc creator/4.3/psoc creator/import/gnu/arm/5.4.1/bin/../lib/gcc/arm-none-eabi/5.4.1/armv7-m/crtbegin.o
 .text.main     0x00000084      0x8ac .\CortexM3\ARM_GCC_541\Debug\main.o
                0x00000084                main
 .text.I2C_Peripheral_Start
                0x00000930        0xc .\CortexM3\ARM_GCC_541\Debug\I2C_Interface.o
                0x00000930                I2C_Peripheral_Start
 .text.I2C_Peripheral_ReadRegister
                0x0000093c       0x3c .\CortexM3\ARM_GCC_541\Debug\I2C_Interface.o
                0x0000093c                I2C_Peripheral_ReadRegister
 .text.I2C_Peripheral_ReadRegisterMulti
                0x00000978       0x64 .\CortexM3\ARM_GCC_541\Debug\I2C_Interface.o
                0x00000978                I2C_Peripheral_ReadRegisterMulti
 .text.I2C_Peripheral_WriteRegister
                0x000009dc       0x30 .\CortexM3\ARM_GCC_541\Debug\I2C_Interface.o
                0x000009dc                I2C_Peripheral_WriteRegister
 .text.Switch_ISR
                0x00000a0c       0x20 .\CortexM3\ARM_GCC_541\Debug\InterruptRoutines.o
                0x00000a0c                Switch_ISR
 .text.TIME_ISR
                0x00000a2c       0x18 .\CortexM3\ARM_GCC_541\Debug\InterruptRoutines.o
                0x00000a2c                TIME_ISR
 .text.Switch_State
                0x00000a44       0xc4 .\CortexM3\ARM_GCC_541\Debug\SW_State.o
                0x00000a44                Switch_State
 .text.RGBLed_Start
                0x00000b08        0xc .\CortexM3\ARM_GCC_541\Debug\RGBLedDriver.o
                0x00000b08                RGBLed_Start
 .text.RGBLed_Stop
                0x00000b14        0xc .\CortexM3\ARM_GCC_541\Debug\RGBLedDriver.o
                0x00000b14                RGBLed_Stop
 .text.set_PWM  0x00000b20      0x380 .\CortexM3\ARM_GCC_541\Debug\RGBLedDriver.o
                0x00000b20                set_PWM
 .text.setParameter
                0x00000ea0      0x180 .\CortexM3\ARM_GCC_541\Debug\SettingParameter.o
                0x00000ea0                setParameter
 .text.EEPROM_readStatus
                0x00001020        0xc .\CortexM3\ARM_GCC_541\Debug\25LC256.o
                0x00001020                EEPROM_readStatus
 .text.EEPROM_writeEnable
                0x0000102c        0xc .\CortexM3\ARM_GCC_541\Debug\25LC256.o
                0x0000102c                EEPROM_writeEnable
 .text.EEPROM_readByte
                0x00001038       0x2c .\CortexM3\ARM_GCC_541\Debug\25LC256.o
                0x00001038                EEPROM_readByte
 .text.EEPROM_writeByte
                0x00001064       0x38 .\CortexM3\ARM_GCC_541\Debug\25LC256.o
                0x00001064                EEPROM_writeByte
 .text.EEPROM_readPage
                0x0000109c       0x24 .\CortexM3\ARM_GCC_541\Debug\25LC256.o
                0x0000109c                EEPROM_readPage
 .text.EEPROM_writePage
                0x000010c0       0x5c .\CortexM3\ARM_GCC_541\Debug\25LC256.o
                0x000010c0                EEPROM_writePage
 .text.EEPROM_waitForWriteComplete
                0x0000111c       0x10 .\CortexM3\ARM_GCC_541\Debug\25LC256.o
                0x0000111c                EEPROM_waitForWriteComplete
 .text.SPI_Interface_tradeByte
                0x0000112c       0x2c .\CortexM3\ARM_GCC_541\Debug\SPI_Interface.o
                0x0000112c                SPI_Interface_tradeByte
 .text.SPI_Interface_ReadByte
                0x00001158       0x34 .\CortexM3\ARM_GCC_541\Debug\SPI_Interface.o
                0x00001158                SPI_Interface_ReadByte
 .text.SPI_Interface_Multi_RW
                0x0000118c       0xb8 .\CortexM3\ARM_GCC_541\Debug\SPI_Interface.o
                0x0000118c                SPI_Interface_Multi_RW
 .text.CyClockStartupError
                0x00001244        0x4 .\CortexM3\ARM_GCC_541\Debug\cyfitter_cfg.o
 .text.cfg_write_bytes32
                0x00001248       0x34 .\CortexM3\ARM_GCC_541\Debug\cyfitter_cfg.o
 .text.AnalogSetDefault
                0x0000127c       0x40 .\CortexM3\ARM_GCC_541\Debug\cyfitter_cfg.o
 .text.CYMEMZERO
                0x000012bc        0xc .\CortexM3\ARM_GCC_541\Debug\cyfitter_cfg.o
 .text.CYCONFIGCPY
                0x000012c8        0x8 .\CortexM3\ARM_GCC_541\Debug\cyfitter_cfg.o
 .text.ClockSetup
                0x000012d0      0x13c .\CortexM3\ARM_GCC_541\Debug\cyfitter_cfg.o
 .text.ADC_DelSig_AMux_Set
                0x0000140c       0x1c .\CortexM3\ARM_GCC_541\Debug\cyfitter_cfg.o
                0x0000140c                ADC_DelSig_AMux_Set
 .text.ADC_DelSig_AMux_Unset
                0x00001428       0x1c .\CortexM3\ARM_GCC_541\Debug\cyfitter_cfg.o
                0x00001428                ADC_DelSig_AMux_Unset
 .text.cyfitter_cfg
                0x00001444      0x13c .\CortexM3\ARM_GCC_541\Debug\cyfitter_cfg.o
                0x00001444                cyfitter_cfg
 .text.IntDefaultHandler
                0x00001580       0x10 .\CortexM3\ARM_GCC_541\Debug\Cm3Start.o
                0x00001580                IntDefaultHandler
 .text._sbrk    0x00001590       0x30 .\CortexM3\ARM_GCC_541\Debug\Cm3Start.o
                0x00001590                _sbrk
 .text.Start_c  0x000015c0       0x4c .\CortexM3\ARM_GCC_541\Debug\Cm3Start.o
                0x000015c0                Start_c
 .text.initialize_psoc
                0x0000160c       0x68 .\CortexM3\ARM_GCC_541\Debug\Cm3Start.o
                0x0000160c                initialize_psoc
 .text.UART_Init
                0x00001674       0x24 .\CortexM3\ARM_GCC_541\Debug\Final_Project.a(UART.o)
                0x00001674                UART_Init
 .text.UART_Enable
                0x00001698       0x38 .\CortexM3\ARM_GCC_541\Debug\Final_Project.a(UART.o)
                0x00001698                UART_Enable
 .text.UART_Start
                0x000016d0       0x1c .\CortexM3\ARM_GCC_541\Debug\Final_Project.a(UART.o)
                0x000016d0                UART_Start
 .text.UART_PutChar
                0x000016ec       0x18 .\CortexM3\ARM_GCC_541\Debug\Final_Project.a(UART.o)
                0x000016ec                UART_PutChar
 .text.UART_PutString
                0x00001704       0x24 .\CortexM3\ARM_GCC_541\Debug\Final_Project.a(UART.o)
                0x00001704                UART_PutString
 .text.I2C_Master_Init
                0x00001728       0x68 .\CortexM3\ARM_GCC_541\Debug\Final_Project.a(I2C_Master.o)
                0x00001728                I2C_Master_Init
 .text.I2C_Master_Enable
                0x00001790       0x24 .\CortexM3\ARM_GCC_541\Debug\Final_Project.a(I2C_Master.o)
                0x00001790                I2C_Master_Enable
 .text.I2C_Master_Start
                0x000017b4       0x28 .\CortexM3\ARM_GCC_541\Debug\Final_Project.a(I2C_Master.o)
                0x000017b4                I2C_Master_Start
 .text.I2C_Master_ISR
                0x000017dc      0x2d0 .\CortexM3\ARM_GCC_541\Debug\Final_Project.a(I2C_Master_INT.o)
                0x000017dc                I2C_Master_ISR
 .text.I2C_Master_MasterSendStart
                0x00001aac       0x80 .\CortexM3\ARM_GCC_541\Debug\Final_Project.a(I2C_Master_MASTER.o)
                0x00001aac                I2C_Master_MasterSendStart
 .text.I2C_Master_MasterSendRestart
                0x00001b2c       0x6c .\CortexM3\ARM_GCC_541\Debug\Final_Project.a(I2C_Master_MASTER.o)
                0x00001b2c                I2C_Master_MasterSendRestart
 .text.I2C_Master_MasterSendStop
                0x00001b98       0x38 .\CortexM3\ARM_GCC_541\Debug\Final_Project.a(I2C_Master_MASTER.o)
                0x00001b98                I2C_Master_MasterSendStop
 .text.I2C_Master_MasterWriteByte
                0x00001bd0       0x58 .\CortexM3\ARM_GCC_541\Debug\Final_Project.a(I2C_Master_MASTER.o)
                0x00001bd0                I2C_Master_MasterWriteByte
 .text.I2C_Master_MasterReadByte
                0x00001c28       0x58 .\CortexM3\ARM_GCC_541\Debug\Final_Project.a(I2C_Master_MASTER.o)
                0x00001c28                I2C_Master_MasterReadByte
 .text.SPIM_EnableTxInt
                0x00001c80        0xc .\CortexM3\ARM_GCC_541\Debug\Final_Project.a(SPIM.o)
                0x00001c80                SPIM_EnableTxInt
 .text.SPIM_EnableRxInt
                0x00001c8c        0xc .\CortexM3\ARM_GCC_541\Debug\Final_Project.a(SPIM.o)
                0x00001c8c                SPIM_EnableRxInt
 .text.SPIM_Enable
                0x00001c98       0x3c .\CortexM3\ARM_GCC_541\Debug\Final_Project.a(SPIM.o)
                0x00001c98                SPIM_Enable
 .text.SPIM_DisableTxInt
                0x00001cd4        0xc .\CortexM3\ARM_GCC_541\Debug\Final_Project.a(SPIM.o)
                0x00001cd4                SPIM_DisableTxInt
 .text.SPIM_DisableRxInt
                0x00001ce0        0xc .\CortexM3\ARM_GCC_541\Debug\Final_Project.a(SPIM.o)
                0x00001ce0                SPIM_DisableRxInt
 .text.SPIM_ReadTxStatus
                0x00001cec       0x28 .\CortexM3\ARM_GCC_541\Debug\Final_Project.a(SPIM.o)
                0x00001cec                SPIM_ReadTxStatus
 .text.SPIM_ReadRxStatus
                0x00001d14       0x28 .\CortexM3\ARM_GCC_541\Debug\Final_Project.a(SPIM.o)
                0x00001d14                SPIM_ReadRxStatus
 .text.SPIM_WriteTxData
                0x00001d3c       0xd4 .\CortexM3\ARM_GCC_541\Debug\Final_Project.a(SPIM.o)
                0x00001d3c                SPIM_WriteTxData
 .text.SPIM_ReadRxData
                0x00001e10       0x64 .\CortexM3\ARM_GCC_541\Debug\Final_Project.a(SPIM.o)
                0x00001e10                SPIM_ReadRxData
 .text.SPIM_ClearRxBuffer
                0x00001e74       0x40 .\CortexM3\ARM_GCC_541\Debug\Final_Project.a(SPIM.o)
                0x00001e74                SPIM_ClearRxBuffer
 .text.SPIM_ClearTxBuffer
                0x00001eb4       0x54 .\CortexM3\ARM_GCC_541\Debug\Final_Project.a(SPIM.o)
                0x00001eb4                SPIM_ClearTxBuffer
 .text.SPIM_PutArray
                0x00001f08       0x20 .\CortexM3\ARM_GCC_541\Debug\Final_Project.a(SPIM.o)
                0x00001f08                SPIM_PutArray
 .text.SPIM_ClearFIFO
                0x00001f28       0x3c .\CortexM3\ARM_GCC_541\Debug\Final_Project.a(SPIM.o)
                0x00001f28                SPIM_ClearFIFO
 .text.SPIM_Init
                0x00001f64       0x90 .\CortexM3\ARM_GCC_541\Debug\Final_Project.a(SPIM.o)
                0x00001f64                SPIM_Init
 .text.SPIM_Start
                0x00001ff4       0x1c .\CortexM3\ARM_GCC_541\Debug\Final_Project.a(SPIM.o)
                0x00001ff4                SPIM_Start
 .text.SPIM_TX_ISR
                0x00002010       0xa0 .\CortexM3\ARM_GCC_541\Debug\Final_Project.a(SPIM_INT.o)
                0x00002010                SPIM_TX_ISR
 .text.SPIM_RX_ISR
                0x000020b0       0xa0 .\CortexM3\ARM_GCC_541\Debug\Final_Project.a(SPIM_INT.o)
                0x000020b0                SPIM_RX_ISR
 .text.CS_Write
                0x00002150       0x18 .\CortexM3\ARM_GCC_541\Debug\Final_Project.a(CS.o)
                0x00002150                CS_Write
 .text.PWM_B_Enable
                0x00002168       0x10 .\CortexM3\ARM_GCC_541\Debug\Final_Project.a(PWM_B.o)
                0x00002168                PWM_B_Enable
 .text.PWM_B_Stop
                0x00002178       0x10 .\CortexM3\ARM_GCC_541\Debug\Final_Project.a(PWM_B.o)
                0x00002178                PWM_B_Stop
 .text.PWM_B_WriteCounter
                0x00002188        0xc .\CortexM3\ARM_GCC_541\Debug\Final_Project.a(PWM_B.o)
                0x00002188                PWM_B_WriteCounter
 .text.PWM_B_WritePeriod
                0x00002194        0xc .\CortexM3\ARM_GCC_541\Debug\Final_Project.a(PWM_B.o)
                0x00002194                PWM_B_WritePeriod
 .text.PWM_B_WriteCompare
                0x000021a0        0xc .\CortexM3\ARM_GCC_541\Debug\Final_Project.a(PWM_B.o)
                0x000021a0                PWM_B_WriteCompare
 .text.PWM_B_SetInterruptMode
                0x000021ac        0xc .\CortexM3\ARM_GCC_541\Debug\Final_Project.a(PWM_B.o)
                0x000021ac                PWM_B_SetInterruptMode
 .text.PWM_B_ReadStatusRegister
                0x000021b8        0xc .\CortexM3\ARM_GCC_541\Debug\Final_Project.a(PWM_B.o)
                0x000021b8                PWM_B_ReadStatusRegister
 .text.PWM_B_ReadCapture
                0x000021c4        0xc .\CortexM3\ARM_GCC_541\Debug\Final_Project.a(PWM_B.o)
                0x000021c4                PWM_B_ReadCapture
 .text.PWM_B_ClearFIFO
                0x000021d0       0x14 .\CortexM3\ARM_GCC_541\Debug\Final_Project.a(PWM_B.o)
                0x000021d0                PWM_B_ClearFIFO
 .text.PWM_B_Init
                0x000021e4       0x54 .\CortexM3\ARM_GCC_541\Debug\Final_Project.a(PWM_B.o)
                0x000021e4                PWM_B_Init
 .text.PWM_B_Start
                0x00002238       0x1c .\CortexM3\ARM_GCC_541\Debug\Final_Project.a(PWM_B.o)
                0x00002238                PWM_B_Start
 .text.PWM_RG_Enable
                0x00002254       0x10 .\CortexM3\ARM_GCC_541\Debug\Final_Project.a(PWM_RG.o)
                0x00002254                PWM_RG_Enable
 .text.PWM_RG_Stop
                0x00002264       0x10 .\CortexM3\ARM_GCC_541\Debug\Final_Project.a(PWM_RG.o)
                0x00002264                PWM_RG_Stop
 .text.PWM_RG_WriteCounter
                0x00002274        0xc .\CortexM3\ARM_GCC_541\Debug\Final_Project.a(PWM_RG.o)
                0x00002274                PWM_RG_WriteCounter
 .text.PWM_RG_WritePeriod
                0x00002280        0xc .\CortexM3\ARM_GCC_541\Debug\Final_Project.a(PWM_RG.o)
                0x00002280                PWM_RG_WritePeriod
 .text.PWM_RG_WriteCompare1
                0x0000228c        0xc .\CortexM3\ARM_GCC_541\Debug\Final_Project.a(PWM_RG.o)
                0x0000228c                PWM_RG_WriteCompare1
 .text.PWM_RG_WriteCompare2
                0x00002298        0xc .\CortexM3\ARM_GCC_541\Debug\Final_Project.a(PWM_RG.o)
                0x00002298                PWM_RG_WriteCompare2
 .text.PWM_RG_SetInterruptMode
                0x000022a4        0xc .\CortexM3\ARM_GCC_541\Debug\Final_Project.a(PWM_RG.o)
                0x000022a4                PWM_RG_SetInterruptMode
 .text.PWM_RG_ReadStatusRegister
                0x000022b0        0xc .\CortexM3\ARM_GCC_541\Debug\Final_Project.a(PWM_RG.o)
                0x000022b0                PWM_RG_ReadStatusRegister
 .text.PWM_RG_ReadCapture
                0x000022bc        0xc .\CortexM3\ARM_GCC_541\Debug\Final_Project.a(PWM_RG.o)
                0x000022bc                PWM_RG_ReadCapture
 .text.PWM_RG_ClearFIFO
                0x000022c8       0x14 .\CortexM3\ARM_GCC_541\Debug\Final_Project.a(PWM_RG.o)
                0x000022c8                PWM_RG_ClearFIFO
 .text.PWM_RG_Init
                0x000022dc       0x58 .\CortexM3\ARM_GCC_541\Debug\Final_Project.a(PWM_RG.o)
                0x000022dc                PWM_RG_Init
 .text.PWM_RG_Start
                0x00002334       0x1c .\CortexM3\ARM_GCC_541\Debug\Final_Project.a(PWM_RG.o)
                0x00002334                PWM_RG_Start
 .text.ADC_DelSig_GainCompensation
                0x00002350       0xdc .\CortexM3\ARM_GCC_541\Debug\Final_Project.a(ADC_DelSig.o)
 .text.ADC_DelSig_SetDSMRef0Reg
                0x0000242c       0x4c .\CortexM3\ARM_GCC_541\Debug\Final_Project.a(ADC_DelSig.o)
 .text.ADC_DelSig_InitConfig
                0x00002478       0xe0 .\CortexM3\ARM_GCC_541\Debug\Final_Project.a(ADC_DelSig.o)
 .text.ADC_DelSig_Init
                0x00002558       0xc4 .\CortexM3\ARM_GCC_541\Debug\Final_Project.a(ADC_DelSig.o)
                0x00002558                ADC_DelSig_Init
 .text.ADC_DelSig_Enable
                0x0000261c       0xd8 .\CortexM3\ARM_GCC_541\Debug\Final_Project.a(ADC_DelSig.o)
                0x0000261c                ADC_DelSig_Enable
 .text.ADC_DelSig_Start
                0x000026f4       0x28 .\CortexM3\ARM_GCC_541\Debug\Final_Project.a(ADC_DelSig.o)
                0x000026f4                ADC_DelSig_Start
 .text.ADC_DelSig_StartConvert
                0x0000271c       0x10 .\CortexM3\ARM_GCC_541\Debug\Final_Project.a(ADC_DelSig.o)
                0x0000271c                ADC_DelSig_StartConvert
 .text.ADC_DelSig_StopConvert
                0x0000272c       0x10 .\CortexM3\ARM_GCC_541\Debug\Final_Project.a(ADC_DelSig.o)
                0x0000272c                ADC_DelSig_StopConvert
 .text.ADC_DelSig_IsEndConversion
                0x0000273c       0x30 .\CortexM3\ARM_GCC_541\Debug\Final_Project.a(ADC_DelSig.o)
                0x0000273c                ADC_DelSig_IsEndConversion
 .text.ADC_DelSig_GetResult32
                0x0000276c       0x6c .\CortexM3\ARM_GCC_541\Debug\Final_Project.a(ADC_DelSig.o)
                0x0000276c                ADC_DelSig_GetResult32
 .text.ADC_DelSig_CountsTo_mVolts
                0x000027d8       0x24 .\CortexM3\ARM_GCC_541\Debug\Final_Project.a(ADC_DelSig.o)
                0x000027d8                ADC_DelSig_CountsTo_mVolts
 .text.ADC_DelSig_Read32
                0x000027fc       0x28 .\CortexM3\ARM_GCC_541\Debug\Final_Project.a(ADC_DelSig.o)
                0x000027fc                ADC_DelSig_Read32
 .text.ADC_DelSig_ISR1
                0x00002824        0x4 .\CortexM3\ARM_GCC_541\Debug\Final_Project.a(ADC_DelSig_INT.o)
                0x00002824                ADC_DelSig_ISR1
 .text.Timer_SW_Enable
                0x00002828       0x10 .\CortexM3\ARM_GCC_541\Debug\Final_Project.a(Timer_SW.o)
                0x00002828                Timer_SW_Enable
 .text.Timer_SW_Stop
                0x00002838       0x10 .\CortexM3\ARM_GCC_541\Debug\Final_Project.a(Timer_SW.o)
                0x00002838                Timer_SW_Stop
 .text.Timer_SW_SetInterruptMode
                0x00002848        0xc .\CortexM3\ARM_GCC_541\Debug\Final_Project.a(Timer_SW.o)
                0x00002848                Timer_SW_SetInterruptMode
 .text.Timer_SW_ReadStatusRegister
                0x00002854        0xc .\CortexM3\ARM_GCC_541\Debug\Final_Project.a(Timer_SW.o)
                0x00002854                Timer_SW_ReadStatusRegister
 .text.Timer_SW_WritePeriod
                0x00002860        0xc .\CortexM3\ARM_GCC_541\Debug\Final_Project.a(Timer_SW.o)
                0x00002860                Timer_SW_WritePeriod
 .text.Timer_SW_ReadCapture
                0x0000286c        0xc .\CortexM3\ARM_GCC_541\Debug\Final_Project.a(Timer_SW.o)
                0x0000286c                Timer_SW_ReadCapture
 .text.Timer_SW_WriteCounter
                0x00002878        0xc .\CortexM3\ARM_GCC_541\Debug\Final_Project.a(Timer_SW.o)
                0x00002878                Timer_SW_WriteCounter
 .text.Timer_SW_ReadCounter
                0x00002884       0x14 .\CortexM3\ARM_GCC_541\Debug\Final_Project.a(Timer_SW.o)
                0x00002884                Timer_SW_ReadCounter
 .text.Timer_SW_ClearFIFO
                0x00002898       0x14 .\CortexM3\ARM_GCC_541\Debug\Final_Project.a(Timer_SW.o)
                0x00002898                Timer_SW_ClearFIFO
 .text.Timer_SW_Init
                0x000028ac       0x30 .\CortexM3\ARM_GCC_541\Debug\Final_Project.a(Timer_SW.o)
                0x000028ac                Timer_SW_Init
 .text.Timer_SW_Start
                0x000028dc       0x1c .\CortexM3\ARM_GCC_541\Debug\Final_Project.a(Timer_SW.o)
                0x000028dc                Timer_SW_Start
 .text.BUTTON_Read
                0x000028f8       0x10 .\CortexM3\ARM_GCC_541\Debug\Final_Project.a(BUTTON.o)
                0x000028f8                BUTTON_Read
 .text.PWM_ONBOARD_Enable
                0x00002908       0x10 .\CortexM3\ARM_GCC_541\Debug\Final_Project.a(PWM_ONBOARD.o)
                0x00002908                PWM_ONBOARD_Enable
 .text.PWM_ONBOARD_Stop
                0x00002918       0x10 .\CortexM3\ARM_GCC_541\Debug\Final_Project.a(PWM_ONBOARD.o)
                0x00002918                PWM_ONBOARD_Stop
 .text.PWM_ONBOARD_WriteCounter
                0x00002928        0xc .\CortexM3\ARM_GCC_541\Debug\Final_Project.a(PWM_ONBOARD.o)
                0x00002928                PWM_ONBOARD_WriteCounter
 .text.PWM_ONBOARD_WritePeriod
                0x00002934        0xc .\CortexM3\ARM_GCC_541\Debug\Final_Project.a(PWM_ONBOARD.o)
                0x00002934                PWM_ONBOARD_WritePeriod
 .text.PWM_ONBOARD_WriteCompare
                0x00002940        0xc .\CortexM3\ARM_GCC_541\Debug\Final_Project.a(PWM_ONBOARD.o)
                0x00002940                PWM_ONBOARD_WriteCompare
 .text.PWM_ONBOARD_SetInterruptMode
                0x0000294c        0xc .\CortexM3\ARM_GCC_541\Debug\Final_Project.a(PWM_ONBOARD.o)
                0x0000294c                PWM_ONBOARD_SetInterruptMode
 .text.PWM_ONBOARD_ReadStatusRegister
                0x00002958        0xc .\CortexM3\ARM_GCC_541\Debug\Final_Project.a(PWM_ONBOARD.o)
                0x00002958                PWM_ONBOARD_ReadStatusRegister
 .text.PWM_ONBOARD_ReadCapture
                0x00002964        0xc .\CortexM3\ARM_GCC_541\Debug\Final_Project.a(PWM_ONBOARD.o)
                0x00002964                PWM_ONBOARD_ReadCapture
 .text.PWM_ONBOARD_ClearFIFO
                0x00002970       0x14 .\CortexM3\ARM_GCC_541\Debug\Final_Project.a(PWM_ONBOARD.o)
                0x00002970                PWM_ONBOARD_ClearFIFO
 .text.PWM_ONBOARD_Init
                0x00002984       0x54 .\CortexM3\ARM_GCC_541\Debug\Final_Project.a(PWM_ONBOARD.o)
                0x00002984                PWM_ONBOARD_Init
 .text.PWM_ONBOARD_Start
                0x000029d8       0x1c .\CortexM3\ARM_GCC_541\Debug\Final_Project.a(PWM_ONBOARD.o)
                0x000029d8                PWM_ONBOARD_Start
 .text.ISR_SW_SetVector
                0x000029f4        0xc .\CortexM3\ARM_GCC_541\Debug\Final_Project.a(ISR_SW.o)
                0x000029f4                ISR_SW_SetVector
 .text.ISR_SW_SetPriority
                0x00002a00       0x10 .\CortexM3\ARM_GCC_541\Debug\Final_Project.a(ISR_SW.o)
                0x00002a00                ISR_SW_SetPriority
 .text.ISR_SW_Enable
                0x00002a10        0xc .\CortexM3\ARM_GCC_541\Debug\Final_Project.a(ISR_SW.o)
                0x00002a10                ISR_SW_Enable
 .text.ISR_SW_Disable
                0x00002a1c        0xc .\CortexM3\ARM_GCC_541\Debug\Final_Project.a(ISR_SW.o)
                0x00002a1c                ISR_SW_Disable
 .text.ISR_SW_StartEx
                0x00002a28       0x1c .\CortexM3\ARM_GCC_541\Debug\Final_Project.a(ISR_SW.o)
                0x00002a28                ISR_SW_StartEx
 .text.FLAG_Read
                0x00002a44       0x10 .\CortexM3\ARM_GCC_541\Debug\Final_Project.a(FLAG.o)
                0x00002a44                FLAG_Read
 .text.UART_IntClock_Start
                0x00002a54       0x1c .\CortexM3\ARM_GCC_541\Debug\Final_Project.a(UART_IntClock.o)
                0x00002a54                UART_IntClock_Start
 .text.SPIM_IntClock_Start
                0x00002a70       0x1c .\CortexM3\ARM_GCC_541\Debug\Final_Project.a(SPIM_IntClock.o)
                0x00002a70                SPIM_IntClock_Start
 .text.ADC_DelSig_AMux_Start
                0x00002a8c       0x20 .\CortexM3\ARM_GCC_541\Debug\Final_Project.a(ADC_DelSig_AMux.o)
                0x00002a8c                ADC_DelSig_AMux_Start
 .text.ADC_DelSig_AMux_Select
                0x00002aac       0x18 .\CortexM3\ARM_GCC_541\Debug\Final_Project.a(ADC_DelSig_AMux.o)
                0x00002aac                ADC_DelSig_AMux_Select
 .text.ADC_DelSig_Ext_CP_Clk_GetDividerRegister
                0x00002ac4        0xc .\CortexM3\ARM_GCC_541\Debug\Final_Project.a(ADC_DelSig_Ext_CP_Clk.o)
                0x00002ac4                ADC_DelSig_Ext_CP_Clk_GetDividerRegister
 .text.ADC_DelSig_Ext_CP_Clk_SetModeRegister
                0x00002ad0       0x14 .\CortexM3\ARM_GCC_541\Debug\Final_Project.a(ADC_DelSig_Ext_CP_Clk.o)
                0x00002ad0                ADC_DelSig_Ext_CP_Clk_SetModeRegister
 .text.ADC_DelSig_Ext_CP_Clk_GetSourceRegister
                0x00002ae4       0x10 .\CortexM3\ARM_GCC_541\Debug\Final_Project.a(ADC_DelSig_Ext_CP_Clk.o)
                0x00002ae4                ADC_DelSig_Ext_CP_Clk_GetSourceRegister
 .text.ADC_DelSig_Ext_CP_Clk_SetDividerRegister
                0x00002af4       0xd8 .\CortexM3\ARM_GCC_541\Debug\Final_Project.a(ADC_DelSig_Ext_CP_Clk.o)
                0x00002af4                ADC_DelSig_Ext_CP_Clk_SetDividerRegister
 .text.ADC_DelSig_theACLK_GetDividerRegister
                0x00002bcc        0xc .\CortexM3\ARM_GCC_541\Debug\Final_Project.a(ADC_DelSig_theACLK.o)
                0x00002bcc                ADC_DelSig_theACLK_GetDividerRegister
 .text.ADC_DelSig_theACLK_SetModeRegister
                0x00002bd8       0x14 .\CortexM3\ARM_GCC_541\Debug\Final_Project.a(ADC_DelSig_theACLK.o)
                0x00002bd8                ADC_DelSig_theACLK_SetModeRegister
 .text.ADC_DelSig_theACLK_GetSourceRegister
                0x00002bec       0x10 .\CortexM3\ARM_GCC_541\Debug\Final_Project.a(ADC_DelSig_theACLK.o)
                0x00002bec                ADC_DelSig_theACLK_GetSourceRegister
 .text.ADC_DelSig_theACLK_SetDividerRegister
                0x00002bfc       0xd8 .\CortexM3\ARM_GCC_541\Debug\Final_Project.a(ADC_DelSig_theACLK.o)
                0x00002bfc                ADC_DelSig_theACLK_SetDividerRegister
 .text.CyHalt   0x00002cd4        0x4 .\CortexM3\ARM_GCC_541\Debug\Final_Project.a(CyLib.o)
                0x00002cd4                CyHalt
 .text.CyDelay  0x00002cd8       0x2c .\CortexM3\ARM_GCC_541\Debug\Final_Project.a(CyLib.o)
                0x00002cd8                CyDelay
 .text.CyDelayUs
                0x00002d04       0x14 .\CortexM3\ARM_GCC_541\Debug\Final_Project.a(CyLib.o)
                0x00002d04                CyDelayUs
 .text.CyIntSetVector
                0x00002d18       0x28 .\CortexM3\ARM_GCC_541\Debug\Final_Project.a(CyLib.o)
                0x00002d18                CyIntSetVector
 .text.CyIntSetPriority
                0x00002d40       0x30 .\CortexM3\ARM_GCC_541\Debug\Final_Project.a(CyLib.o)
                0x00002d40                CyIntSetPriority
 .text.Timer_CountTime_Enable
                0x00002d70       0x10 .\CortexM3\ARM_GCC_541\Debug\Final_Project.a(Timer_CountTime.o)
                0x00002d70                Timer_CountTime_Enable
 .text.Timer_CountTime_SetInterruptMode
                0x00002d80        0xc .\CortexM3\ARM_GCC_541\Debug\Final_Project.a(Timer_CountTime.o)
                0x00002d80                Timer_CountTime_SetInterruptMode
 .text.Timer_CountTime_ReadStatusRegister
                0x00002d8c        0xc .\CortexM3\ARM_GCC_541\Debug\Final_Project.a(Timer_CountTime.o)
                0x00002d8c                Timer_CountTime_ReadStatusRegister
 .text.Timer_CountTime_WritePeriod
                0x00002d98        0xc .\CortexM3\ARM_GCC_541\Debug\Final_Project.a(Timer_CountTime.o)
                0x00002d98                Timer_CountTime_WritePeriod
 .text.Timer_CountTime_ReadCapture
                0x00002da4        0xc .\CortexM3\ARM_GCC_541\Debug\Final_Project.a(Timer_CountTime.o)
                0x00002da4                Timer_CountTime_ReadCapture
 .text.Timer_CountTime_WriteCounter
                0x00002db0        0xc .\CortexM3\ARM_GCC_541\Debug\Final_Project.a(Timer_CountTime.o)
                0x00002db0                Timer_CountTime_WriteCounter
 .text.Timer_CountTime_ClearFIFO
                0x00002dbc       0x14 .\CortexM3\ARM_GCC_541\Debug\Final_Project.a(Timer_CountTime.o)
                0x00002dbc                Timer_CountTime_ClearFIFO
 .text.Timer_CountTime_Init
                0x00002dd0       0x30 .\CortexM3\ARM_GCC_541\Debug\Final_Project.a(Timer_CountTime.o)
                0x00002dd0                Timer_CountTime_Init
 .text.Timer_CountTime_Start
                0x00002e00       0x1c .\CortexM3\ARM_GCC_541\Debug\Final_Project.a(Timer_CountTime.o)
                0x00002e00                Timer_CountTime_Start
 .text.isr_TimePassed_SetVector
                0x00002e1c        0xc .\CortexM3\ARM_GCC_541\Debug\Final_Project.a(isr_TimePassed.o)
                0x00002e1c                isr_TimePassed_SetVector
 .text.isr_TimePassed_SetPriority
                0x00002e28       0x10 .\CortexM3\ARM_GCC_541\Debug\Final_Project.a(isr_TimePassed.o)
                0x00002e28                isr_TimePassed_SetPriority
 .text.isr_TimePassed_Enable
                0x00002e38        0xc .\CortexM3\ARM_GCC_541\Debug\Final_Project.a(isr_TimePassed.o)
                0x00002e38                isr_TimePassed_Enable
 .text.isr_TimePassed_Disable
                0x00002e44        0xc .\CortexM3\ARM_GCC_541\Debug\Final_Project.a(isr_TimePassed.o)
                0x00002e44                isr_TimePassed_Disable
 .text.isr_TimePassed_StartEx
                0x00002e50       0x1c .\CortexM3\ARM_GCC_541\Debug\Final_Project.a(isr_TimePassed.o)
                0x00002e50                isr_TimePassed_StartEx
 *fill*         0x00002e6c        0x4 
 .text          0x00002e70       0x20 .\CortexM3\ARM_GCC_541\Debug\Final_Project.a(CyBootAsmGnu.o)
                0x00002e70                CyDelayCycles
                0x00002e80                CyEnterCriticalSection
                0x00002e88                CyExitCriticalSection
 .text.__errno  0x00002e90        0xc c:/program files (x86)/cypress/psoc creator/4.3/psoc creator/import/gnu/arm/5.4.1/bin/../lib/gcc/arm-none-eabi/5.4.1/../../../../arm-none-eabi/lib/armv7-m\libg_nano.a(lib_a-errno.o)
                0x00002e90                __errno
 .text.__libc_init_array
                0x00002e9c       0x4c c:/program files (x86)/cypress/psoc creator/4.3/psoc creator/import/gnu/arm/5.4.1/bin/../lib/gcc/arm-none-eabi/5.4.1/../../../../arm-none-eabi/lib/armv7-m\libg_nano.a(lib_a-init.o)
                0x00002e9c                __libc_init_array
 .text.memcpy   0x00002ee8       0x16 c:/program files (x86)/cypress/psoc creator/4.3/psoc creator/import/gnu/arm/5.4.1/bin/../lib/gcc/arm-none-eabi/5.4.1/../../../../arm-none-eabi/lib/armv7-m\libg_nano.a(lib_a-memcpy-stub.o)
                0x00002ee8                memcpy
 .text.memset   0x00002efe       0x10 c:/program files (x86)/cypress/psoc creator/4.3/psoc creator/import/gnu/arm/5.4.1/bin/../lib/gcc/arm-none-eabi/5.4.1/../../../../arm-none-eabi/lib/armv7-m\libg_nano.a(lib_a-memset.o)
                0x00002efe                memset
 *fill*         0x00002f0e        0x2 
 .text.sprintf  0x00002f10       0x48 c:/program files (x86)/cypress/psoc creator/4.3/psoc creator/import/gnu/arm/5.4.1/bin/../lib/gcc/arm-none-eabi/5.4.1/../../../../arm-none-eabi/lib/armv7-m\libg_nano.a(lib_a-sprintf.o)
                0x00002f10                siprintf
                0x00002f10                sprintf
 .text.__ssputs_r
                0x00002f58       0xb2 c:/program files (x86)/cypress/psoc creator/4.3/psoc creator/import/gnu/arm/5.4.1/bin/../lib/gcc/arm-none-eabi/5.4.1/../../../../arm-none-eabi/lib/armv7-m\libg_nano.a(lib_a-nano-svfprintf.o)
                0x00002f58                __ssputs_r
 *fill*         0x0000300a        0x2 
 .text._svfprintf_r
                0x0000300c      0x1e8 c:/program files (x86)/cypress/psoc creator/4.3/psoc creator/import/gnu/arm/5.4.1/bin/../lib/gcc/arm-none-eabi/5.4.1/../../../../arm-none-eabi/lib/armv7-m\libg_nano.a(lib_a-nano-svfprintf.o)
                0x0000300c                _svfiprintf_r
                0x0000300c                _svfprintf_r
 .text._printf_common
                0x000031f4       0xec c:/program files (x86)/cypress/psoc creator/4.3/psoc creator/import/gnu/arm/5.4.1/bin/../lib/gcc/arm-none-eabi/5.4.1/../../../../arm-none-eabi/lib/armv7-m\libg_nano.a(lib_a-nano-vfprintf_i.o)
                0x000031f4                _printf_common
 .text._printf_i
                0x000032e0      0x24c c:/program files (x86)/cypress/psoc creator/4.3/psoc creator/import/gnu/arm/5.4.1/bin/../lib/gcc/arm-none-eabi/5.4.1/../../../../arm-none-eabi/lib/armv7-m\libg_nano.a(lib_a-nano-vfprintf_i.o)
                0x000032e0                _printf_i
 .text.memchr   0x0000352c       0x1c c:/program files (x86)/cypress/psoc creator/4.3/psoc creator/import/gnu/arm/5.4.1/bin/../lib/gcc/arm-none-eabi/5.4.1/../../../../arm-none-eabi/lib/armv7-m\libg_nano.a(lib_a-memchr-stub.o)
                0x0000352c                memchr
 .text.memmove  0x00003548       0x36 c:/program files (x86)/cypress/psoc creator/4.3/psoc creator/import/gnu/arm/5.4.1/bin/../lib/gcc/arm-none-eabi/5.4.1/../../../../arm-none-eabi/lib/armv7-m\libg_nano.a(lib_a-memmove.o)
                0x00003548                memmove
 *fill*         0x0000357e        0x2 
 .text._free_r  0x00003580       0x98 c:/program files (x86)/cypress/psoc creator/4.3/psoc creator/import/gnu/arm/5.4.1/bin/../lib/gcc/arm-none-eabi/5.4.1/../../../../arm-none-eabi/lib/armv7-m\libg_nano.a(lib_a-nano-freer.o)
                0x00003580                _free_r
 .text._malloc_r
                0x00003618       0xbc c:/program files (x86)/cypress/psoc creator/4.3/psoc creator/import/gnu/arm/5.4.1/bin/../lib/gcc/arm-none-eabi/5.4.1/../../../../arm-none-eabi/lib/armv7-m\libg_nano.a(lib_a-nano-mallocr.o)
                0x00003618                _malloc_r
 .text._realloc_r
                0x000036d4       0x4c c:/program files (x86)/cypress/psoc creator/4.3/psoc creator/import/gnu/arm/5.4.1/bin/../lib/gcc/arm-none-eabi/5.4.1/../../../../arm-none-eabi/lib/armv7-m\libg_nano.a(lib_a-nano-reallocr.o)
                0x000036d4                _realloc_r
 .text._sbrk_r  0x00003720       0x20 c:/program files (x86)/cypress/psoc creator/4.3/psoc creator/import/gnu/arm/5.4.1/bin/../lib/gcc/arm-none-eabi/5.4.1/../../../../arm-none-eabi/lib/armv7-m\libg_nano.a(lib_a-sbrkr.o)
                0x00003720                _sbrk_r
 .text.__malloc_lock
                0x00003740        0x2 c:/program files (x86)/cypress/psoc creator/4.3/psoc creator/import/gnu/arm/5.4.1/bin/../lib/gcc/arm-none-eabi/5.4.1/../../../../arm-none-eabi/lib/armv7-m\libg_nano.a(lib_a-mlock.o)
                0x00003740                __malloc_lock
 .text.__malloc_unlock
                0x00003742        0x2 c:/program files (x86)/cypress/psoc creator/4.3/psoc creator/import/gnu/arm/5.4.1/bin/../lib/gcc/arm-none-eabi/5.4.1/../../../../arm-none-eabi/lib/armv7-m\libg_nano.a(lib_a-mlock.o)
                0x00003742                __malloc_unlock
 .text._malloc_usable_size_r
                0x00003744       0x14 c:/program files (x86)/cypress/psoc creator/4.3/psoc creator/import/gnu/arm/5.4.1/bin/../lib/gcc/arm-none-eabi/5.4.1/../../../../arm-none-eabi/lib/armv7-m\libg_nano.a(lib_a-nano-msizer.o)
                0x00003744                _malloc_usable_size_r
 *(.plt)
 *(.gnu.warning)
 *(.glue_7t)
 .glue_7t       0x00003758        0x0 linker stubs
 *(.glue_7)
 .glue_7        0x00003758        0x0 linker stubs
 *(.vfp11_veneer)
 .vfp11_veneer  0x00003758        0x0 linker stubs
 *(.bootloader)
 *(.ARM.extab* .gnu.linkonce.armextab.*)
 *(.gcc_except_table)

.v4_bx          0x00003758        0x0
 .v4_bx         0x00003758        0x0 linker stubs

.iplt           0x00003758        0x0
 .iplt          0x00003758        0x0 c:/program files (x86)/cypress/psoc creator/4.3/psoc creator/import/gnu/arm/5.4.1/bin/../lib/gcc/arm-none-eabi/5.4.1/armv7-m/crtbegin.o

.eh_frame_hdr
 *(.eh_frame_hdr)

.eh_frame       0x00003758        0x4
 *(.eh_frame)
 .eh_frame      0x00003758        0x0 c:/program files (x86)/cypress/psoc creator/4.3/psoc creator/import/gnu/arm/5.4.1/bin/../lib/gcc/arm-none-eabi/5.4.1/armv7-m/crtbegin.o
 .eh_frame      0x00003758        0x4 c:/program files (x86)/cypress/psoc creator/4.3/psoc creator/import/gnu/arm/5.4.1/bin/../lib/gcc/arm-none-eabi/5.4.1/armv7-m/crtend.o
                [!provide]                PROVIDE (__exidx_start, .)

.ARM.exidx
 *(.ARM.exidx* .gnu.linkonce.armexidx.*)
                0x0000375c                __exidx_end = .

.rodata         0x0000375c      0x82c
 *(.rodata .rodata.* .gnu.linkonce.r.*)
 .rodata.str1.4
                0x0000375c      0x750 .\CortexM3\ARM_GCC_541\Debug\main.o
 .rodata        0x00003eac       0x6e .\CortexM3\ARM_GCC_541\Debug\cyfitter_cfg.o
                0x00003eac                ADC_DelSig_AMux__addrTable
                0x00003eb4                ADC_DelSig_AMux__maskTable
 .rodata.str1.1
                0x00003f1a        0x2 c:/program files (x86)/cypress/psoc creator/4.3/psoc creator/import/gnu/arm/5.4.1/bin/../lib/gcc/arm-none-eabi/5.4.1/../../../../arm-none-eabi/lib/armv7-m\libg_nano.a(lib_a-impure.o)
 .rodata.str1.1
                0x00003f1c       0x11 c:/program files (x86)/cypress/psoc creator/4.3/psoc creator/import/gnu/arm/5.4.1/bin/../lib/gcc/arm-none-eabi/5.4.1/../../../../arm-none-eabi/lib/armv7-m\libg_nano.a(lib_a-nano-svfprintf.o)
 .rodata.str1.1
                0x00003f2d       0x22 c:/program files (x86)/cypress/psoc creator/4.3/psoc creator/import/gnu/arm/5.4.1/bin/../lib/gcc/arm-none-eabi/5.4.1/../../../../arm-none-eabi/lib/armv7-m\libg_nano.a(lib_a-nano-vfprintf_i.o)
                0x00003f50                . = ALIGN (0x4)
 *fill*         0x00003f4f        0x1 
 *(.init)
 .init          0x00003f50        0x4 c:/program files (x86)/cypress/psoc creator/4.3/psoc creator/import/gnu/arm/5.4.1/bin/../lib/gcc/arm-none-eabi/5.4.1/armv7-m/crti.o
                0x00003f50                _init
 .init          0x00003f54        0x8 c:/program files (x86)/cypress/psoc creator/4.3/psoc creator/import/gnu/arm/5.4.1/bin/../lib/gcc/arm-none-eabi/5.4.1/armv7-m/crtn.o
                0x00003f5c                . = ALIGN (0x4)
                0x00003f5c                __preinit_array_start = .
 *(.preinit_array)
                0x00003f5c                __preinit_array_end = .
                0x00003f5c                . = ALIGN (0x4)
                0x00003f5c                __init_array_start = .
 *(SORT(.init_array.*))
 *(.init_array)
 .init_array    0x00003f5c        0x4 c:/program files (x86)/cypress/psoc creator/4.3/psoc creator/import/gnu/arm/5.4.1/bin/../lib/gcc/arm-none-eabi/5.4.1/armv7-m/crtbegin.o
 .init_array    0x00003f60        0x4 .\CortexM3\ARM_GCC_541\Debug\Cm3Start.o
                0x00003f64                __init_array_end = .
                0x00003f64                . = ALIGN (0x4)
 *(.fini)
 .fini          0x00003f64        0x4 c:/program files (x86)/cypress/psoc creator/4.3/psoc creator/import/gnu/arm/5.4.1/bin/../lib/gcc/arm-none-eabi/5.4.1/armv7-m/crti.o
                0x00003f64                _fini
 .fini          0x00003f68        0x8 c:/program files (x86)/cypress/psoc creator/4.3/psoc creator/import/gnu/arm/5.4.1/bin/../lib/gcc/arm-none-eabi/5.4.1/armv7-m/crtn.o
                0x00003f70                . = ALIGN (0x4)
                0x00003f70                __fini_array_start = .
 *(.fini_array)
 .fini_array    0x00003f70        0x4 c:/program files (x86)/cypress/psoc creator/4.3/psoc creator/import/gnu/arm/5.4.1/bin/../lib/gcc/arm-none-eabi/5.4.1/armv7-m/crtbegin.o
 *(SORT(.fini_array.*))
                0x00003f74                __fini_array_end = .
                0x00003f74                . = ALIGN (0x4)
 *crtbegin.o(.ctors)
 *(EXCLUDE_FILE(*crtend.o) .ctors)
 *(SORT(.ctors.*))
 *crtend.o(.ctors)
                0x00003f74                . = ALIGN (0x4)
 *crtbegin.o(.dtors)
 *(EXCLUDE_FILE(*crtend.o) .dtors)
 *(SORT(.dtors.*))
 *crtend.o(.dtors)
                0x00003f74                . = ALIGN (0x4)
                0x00003f74                __cy_regions = .
                0x00003f74        0x4 LONG 0x3f88 __cy_region_init_ram
                0x00003f78        0x4 LONG 0x1fff80c8 __cy_region_start_data
                0x00003f7c        0x4 LONG 0x88 __cy_region_init_size_ram
                0x00003f80        0x4 LONG 0xa8 __cy_region_zero_size_ram
                0x00003f84                __cy_regions_end = .
                0x00003f88                . = ALIGN (0x8)
 *fill*         0x00003f84        0x4 
                0x00003f88                _etext = .

.cy_checksum_exclude
                0x00003f88        0x0
 *(.cy_checksum_exclude)

.ramvectors     0x1fff8000       0xc0
                0x1fff8000                __cy_region_start_ram = .
 *(.ramvectors)
 .ramvectors    0x1fff8000       0xc0 .\CortexM3\ARM_GCC_541\Debug\Cm3Start.o
                0x1fff8000                CyRamVectors

.noinit         0x1fff80c0        0x1
 *(.noinit)
 .noinit        0x1fff80c0        0x1 .\CortexM3\ARM_GCC_541\Debug\Final_Project.a(CyLib.o)
                0x1fff80c0                CyResetStatus

.data           0x1fff80c8       0x88 load address 0x00003f88
                0x1fff80c8                __cy_region_start_data = .
 *(.jcr)
 .jcr           0x1fff80c8        0x0 c:/program files (x86)/cypress/psoc creator/4.3/psoc creator/import/gnu/arm/5.4.1/bin/../lib/gcc/arm-none-eabi/5.4.1/armv7-m/crtbegin.o
 .jcr           0x1fff80c8        0x4 c:/program files (x86)/cypress/psoc creator/4.3/psoc creator/import/gnu/arm/5.4.1/bin/../lib/gcc/arm-none-eabi/5.4.1/armv7-m/crtend.o
 *(.got.plt)
 *(.got)
 *(.shdata)
 *(.data .data.* .gnu.linkonce.d.*)
 .data          0x1fff80cc        0x8 .\CortexM3\ARM_GCC_541\Debug\SW_State.o
                0x1fff80cc                device_state
                0x1fff80d0                t_dbl_click
 .data          0x1fff80d4        0x4 .\CortexM3\ARM_GCC_541\Debug\Cm3Start.o
 .data          0x1fff80d8        0x1 .\CortexM3\ARM_GCC_541\Debug\Final_Project.a(ADC_DelSig.o)
                0x1fff80d8                ADC_DelSig_Config
 .data          0x1fff80d9        0x1 .\CortexM3\ARM_GCC_541\Debug\Final_Project.a(ADC_DelSig_AMux.o)
 *fill*         0x1fff80da        0x2 
 .data          0x1fff80dc       0x10 .\CortexM3\ARM_GCC_541\Debug\Final_Project.a(CyLib.o)
                0x1fff80dc                cydelay_32k_ms
                0x1fff80e0                cydelay_freq_khz
                0x1fff80e4                cydelay_freq_mhz
                0x1fff80e8                cydelay_freq_hz
 .data.impure_data
                0x1fff80ec       0x60 c:/program files (x86)/cypress/psoc creator/4.3/psoc creator/import/gnu/arm/5.4.1/bin/../lib/gcc/arm-none-eabi/5.4.1/../../../../arm-none-eabi/lib/armv7-m\libg_nano.a(lib_a-impure.o)
 .data._impure_ptr
                0x1fff814c        0x4 c:/program files (x86)/cypress/psoc creator/4.3/psoc creator/import/gnu/arm/5.4.1/bin/../lib/gcc/arm-none-eabi/5.4.1/../../../../arm-none-eabi/lib/armv7-m\libg_nano.a(lib_a-impure.o)
                0x1fff814c                _impure_ptr
                0x1fff8150                . = ALIGN (0x8)
 *(.ram)
                0x1fff8150                _edata = .

.igot.plt       0x1fff8150        0x0 load address 0x00004010
 .igot.plt      0x1fff8150        0x0 c:/program files (x86)/cypress/psoc creator/4.3/psoc creator/import/gnu/arm/5.4.1/bin/../lib/gcc/arm-none-eabi/5.4.1/armv7-m/crtbegin.o

.bss            0x1fff8150       0xa8 load address 0x00004010
                0x1fff8150                PROVIDE (__bss_start__, .)
 *(.shbss)
 *(.bss .bss.* .gnu.linkonce.b.*)
 .bss           0x1fff8150       0x1c c:/program files (x86)/cypress/psoc creator/4.3/psoc creator/import/gnu/arm/5.4.1/bin/../lib/gcc/arm-none-eabi/5.4.1/armv7-m/crtbegin.o
 .bss           0x1fff816c        0x8 .\CortexM3\ARM_GCC_541\Debug\SW_State.o
                0x1fff816c                time_elapsed
                0x1fff8170                time_now
 .bss           0x1fff8174        0x2 .\CortexM3\ARM_GCC_541\Debug\Final_Project.a(UART.o)
                0x1fff8174                UART_initVar
 .bss           0x1fff8176        0x1 .\CortexM3\ARM_GCC_541\Debug\Final_Project.a(I2C_Master.o)
                0x1fff8176                I2C_Master_initVar
 .bss           0x1fff8177        0x1 .\CortexM3\ARM_GCC_541\Debug\Final_Project.a(SPIM.o)
                0x1fff8177                SPIM_initVar
 .bss           0x1fff8178        0x1 .\CortexM3\ARM_GCC_541\Debug\Final_Project.a(PWM_B.o)
                0x1fff8178                PWM_B_initVar
 .bss           0x1fff8179        0x1 .\CortexM3\ARM_GCC_541\Debug\Final_Project.a(PWM_RG.o)
                0x1fff8179                PWM_RG_initVar
 *fill*         0x1fff817a        0x2 
 .bss           0x1fff817c        0xc .\CortexM3\ARM_GCC_541\Debug\Final_Project.a(ADC_DelSig.o)
                0x1fff8180                ADC_DelSig_stopConversion
                0x1fff8181                ADC_DelSig_convDone
                0x1fff8182                ADC_DelSig_initVar
                0x1fff8183                ADC_DelSig_started
                0x1fff8184                ADC_DelSig_Offset
 .bss           0x1fff8188        0x1 .\CortexM3\ARM_GCC_541\Debug\Final_Project.a(Timer_SW.o)
                0x1fff8188                Timer_SW_initVar
 .bss           0x1fff8189        0x1 .\CortexM3\ARM_GCC_541\Debug\Final_Project.a(PWM_ONBOARD.o)
                0x1fff8189                PWM_ONBOARD_initVar
 .bss           0x1fff818a        0x1 .\CortexM3\ARM_GCC_541\Debug\Final_Project.a(Timer_CountTime.o)
                0x1fff818a                Timer_CountTime_initVar
 *fill*         0x1fff818b        0x1 
 .bss.__malloc_sbrk_start
                0x1fff818c        0x4 c:/program files (x86)/cypress/psoc creator/4.3/psoc creator/import/gnu/arm/5.4.1/bin/../lib/gcc/arm-none-eabi/5.4.1/../../../../arm-none-eabi/lib/armv7-m\libg_nano.a(lib_a-nano-mallocr.o)
                0x1fff818c                __malloc_sbrk_start
 .bss.__malloc_free_list
                0x1fff8190        0x4 c:/program files (x86)/cypress/psoc creator/4.3/psoc creator/import/gnu/arm/5.4.1/bin/../lib/gcc/arm-none-eabi/5.4.1/../../../../arm-none-eabi/lib/armv7-m\libg_nano.a(lib_a-nano-mallocr.o)
                0x1fff8190                __malloc_free_list
 *(COMMON)
 COMMON         0x1fff8194       0x15 .\CortexM3\ARM_GCC_541\Debug\main.o
                0x1fff8194                confidence_interval
                0x1fff8196                fullscale_range
                0x1fff8198                time_passed
                0x1fff819c                button_pressed
                0x1fff81a0                Parameters
                0x1fff81a4                click_count
                0x1fff81a8                sensitivity
 *fill*         0x1fff81a9        0x1 
 COMMON         0x1fff81aa        0x4 .\CortexM3\ARM_GCC_541\Debug\RGBLedDriver.o
                0x1fff81aa                direction
                0x1fff81ac                step
 *fill*         0x1fff81ae        0x2 
 COMMON         0x1fff81b0        0x9 .\CortexM3\ARM_GCC_541\Debug\SettingParameter.o
                0x1fff81b0                ctrl_reg4
                0x1fff81b1                int2_ths_reg
                0x1fff81b2                value_pot
                0x1fff81b4                value_digit_pot
                0x1fff81b8                error
 COMMON         0x1fff81b9        0x1 .\CortexM3\ARM_GCC_541\Debug\Final_Project.a(I2C_Master.o)
                0x1fff81b9                I2C_Master_state
 *fill*         0x1fff81ba        0x2 
 COMMON         0x1fff81bc        0xf .\CortexM3\ARM_GCC_541\Debug\Final_Project.a(I2C_Master_MASTER.o)
                0x1fff81bc                I2C_Master_mstrRdBufIndex
                0x1fff81bd                I2C_Master_mstrWrBufIndex
                0x1fff81be                I2C_Master_mstrWrBufSize
                0x1fff81c0                I2C_Master_mstrWrBufPtr
                0x1fff81c4                I2C_Master_mstrRdBufPtr
                0x1fff81c8                I2C_Master_mstrControl
                0x1fff81c9                I2C_Master_mstrStatus
                0x1fff81ca                I2C_Master_mstrRdBufSize
 *fill*         0x1fff81cb        0x1 
 COMMON         0x1fff81cc       0x1e .\CortexM3\ARM_GCC_541\Debug\Final_Project.a(SPIM.o)
                0x1fff81cc                SPIM_rxBufferFull
                0x1fff81d0                SPIM_txBuffer
                0x1fff81d8                SPIM_swStatusTx
                0x1fff81dc                SPIM_rxBuffer
                0x1fff81e4                SPIM_txBufferFull
                0x1fff81e5                SPIM_txBufferRead
                0x1fff81e6                SPIM_rxBufferWrite
                0x1fff81e7                SPIM_txBufferWrite
                0x1fff81e8                SPIM_rxBufferRead
                0x1fff81e9                SPIM_swStatusRx
 *fill*         0x1fff81ea        0x2 
 COMMON         0x1fff81ec        0x4 .\CortexM3\ARM_GCC_541\Debug\Final_Project.a(ADC_DelSig.o)
                0x1fff81ec                ADC_DelSig_CountsPerVolt
 COMMON         0x1fff81f0        0x4 c:/program files (x86)/cypress/psoc creator/4.3/psoc creator/import/gnu/arm/5.4.1/bin/../lib/gcc/arm-none-eabi/5.4.1/../../../../arm-none-eabi/lib/armv7-m\libg_nano.a(lib_a-reent.o)
                0x1fff81f0                errno
                0x1fff81f8                . = ALIGN (0x8)
 *fill*         0x1fff81f4        0x4 
 *(.ram.b)
                0x1fff81f8                _end = .
                0x1fff81f8                __end = .
                0x1fff81f8                PROVIDE (end, .)
                0x1fff81f8                PROVIDE (__bss_end__, .)
                0x00003f88                __cy_region_init_ram = LOADADDR (.data)
                0x00000088                __cy_region_init_size_ram = (_edata - ADDR (.data))
                0x000000a8                __cy_region_zero_size_ram = (_end - _edata)

.heap           0x1fff81f8       0x80 load address 0x00004010
                0x1fff81f8                . = _end
                0x1fff8278                . = (. + 0x80)
 *fill*         0x1fff81f8       0x80 
                0x1fff8278                __cy_heap_limit = .

.stack          0x20007800      0x800
                0x20007800                __cy_stack_limit = .
                0x20008000                . = (. + 0x800)
 *fill*         0x20007800      0x800 
                0x00000001                ASSERT ((__cy_stack_limit >= __cy_heap_limit), region RAM overflowed with stack)
                0x00000000                cy_checksum_exclude_size = (CY_APPL_LOADABLE == 0x1)?SIZEOF (.cy_checksum_exclude):0x0
                0x00000001                ASSERT ((cy_checksum_exclude_size <= CY_CHECKSUM_EXCLUDE_SIZE), CY_BOOT: Section .cy_checksum_exclude size exceedes specified limit.)

.cyloadermeta
 *(.cyloadermeta)

.cyloadablemeta
 *(.cyloadablemeta)

.cyconfigecc    0x80000000      0x958
 *(.cyconfigecc)
 .cyconfigecc   0x80000000      0x958 .\CortexM3\ARM_GCC_541\Debug\cymetadata.o
                0x80000000                cy_meta_configecc

.cycustnvl      0x90000000        0x4
 *(.cycustnvl)
 .cycustnvl     0x90000000        0x4 .\CortexM3\ARM_GCC_541\Debug\cymetadata.o
                0x90000000                cy_meta_custnvl

.cywolatch      0x90100000        0x4
 *(.cywolatch)
 .cywolatch     0x90100000        0x4 .\CortexM3\ARM_GCC_541\Debug\cymetadata.o
                0x90100000                cy_meta_wonvl

.cyeeprom       0x90200000        0x0
 *(.cyeeprom)
                0x00000001                ASSERT ((. <= ((0x90200000 + ee_offset) + ee_size)), .cyeeprom data will not fit in EEPROM)

.cyflashprotect
                0x90400000      0x100
 *(.cyflashprotect)
 .cyflashprotect
                0x90400000      0x100 .\CortexM3\ARM_GCC_541\Debug\cymetadata.o
                0x90400000                cy_meta_flashprotect

.cymeta         0x90500000        0xc
 *(.cymeta)
 .cymeta        0x90500000        0xc .\CortexM3\ARM_GCC_541\Debug\cymetadata.o
                0x90500000                cy_metadata

.rel.dyn        0x00004010        0x0 load address 0x9050000c
 .rel.iplt      0x00004010        0x0 c:/program files (x86)/cypress/psoc creator/4.3/psoc creator/import/gnu/arm/5.4.1/bin/../lib/gcc/arm-none-eabi/5.4.1/armv7-m/crtbegin.o

.stab
 *(.stab)

.stabstr
 *(.stabstr)

.debug
 *(.debug)

.line
 *(.line)

.debug_srcinfo
 *(.debug_srcinfo)

.debug_sfnames
 *(.debug_sfnames)

.debug_aranges  0x00000000     0x1178
 *(.debug_aranges)
 .debug_aranges
                0x00000000       0x20 .\CortexM3\ARM_GCC_541\Debug\main.o
 .debug_aranges
                0x00000020       0x50 .\CortexM3\ARM_GCC_541\Debug\I2C_Interface.o
 .debug_aranges
                0x00000070       0x28 .\CortexM3\ARM_GCC_541\Debug\InterruptRoutines.o
 .debug_aranges
                0x00000098       0x20 .\CortexM3\ARM_GCC_541\Debug\SW_State.o
 .debug_aranges
                0x000000b8       0x30 .\CortexM3\ARM_GCC_541\Debug\RGBLedDriver.o
 .debug_aranges
                0x000000e8       0x20 .\CortexM3\ARM_GCC_541\Debug\SettingParameter.o
 .debug_aranges
                0x00000108       0x50 .\CortexM3\ARM_GCC_541\Debug\25LC256.o
 .debug_aranges
                0x00000158       0x38 .\CortexM3\ARM_GCC_541\Debug\SPI_Interface.o
 .debug_aranges
                0x00000190       0x68 .\CortexM3\ARM_GCC_541\Debug\cyfitter_cfg.o
 .debug_aranges
                0x000001f8       0x18 .\CortexM3\ARM_GCC_541\Debug\cymetadata.o
 .debug_aranges
                0x00000210       0x48 .\CortexM3\ARM_GCC_541\Debug\Cm3Start.o
 .debug_aranges
                0x00000258       0xf0 .\CortexM3\ARM_GCC_541\Debug\Final_Project.a(UART.o)
 .debug_aranges
                0x00000348       0x38 .\CortexM3\ARM_GCC_541\Debug\Final_Project.a(I2C_Master.o)
 .debug_aranges
                0x00000380       0x20 .\CortexM3\ARM_GCC_541\Debug\Final_Project.a(I2C_Master_INT.o)
 .debug_aranges
                0x000003a0       0x38 .\CortexM3\ARM_GCC_541\Debug\Final_Project.a(I2C_Master_PM.o)
 .debug_aranges
                0x000003d8       0x80 .\CortexM3\ARM_GCC_541\Debug\Final_Project.a(I2C_Master_MASTER.o)
 .debug_aranges
                0x00000458       0xd8 .\CortexM3\ARM_GCC_541\Debug\Final_Project.a(SPIM.o)
 .debug_aranges
                0x00000530       0x28 .\CortexM3\ARM_GCC_541\Debug\Final_Project.a(SPIM_INT.o)
 .debug_aranges
                0x00000558       0x38 .\CortexM3\ARM_GCC_541\Debug\Final_Project.a(CS.o)
 .debug_aranges
                0x00000590       0x98 .\CortexM3\ARM_GCC_541\Debug\Final_Project.a(PWM_B.o)
 .debug_aranges
                0x00000628       0xa8 .\CortexM3\ARM_GCC_541\Debug\Final_Project.a(PWM_RG.o)
 .debug_aranges
                0x000006d0       0xe8 .\CortexM3\ARM_GCC_541\Debug\Final_Project.a(ADC_DelSig.o)
 .debug_aranges
                0x000007b8       0x38 .\CortexM3\ARM_GCC_541\Debug\Final_Project.a(ADC_DelSig_INT.o)
 .debug_aranges
                0x000007f0       0x90 .\CortexM3\ARM_GCC_541\Debug\Final_Project.a(Timer_SW.o)
 .debug_aranges
                0x00000880       0x38 .\CortexM3\ARM_GCC_541\Debug\Final_Project.a(BUTTON.o)
 .debug_aranges
                0x000008b8       0x98 .\CortexM3\ARM_GCC_541\Debug\Final_Project.a(PWM_ONBOARD.o)
 .debug_aranges
                0x00000950       0x80 .\CortexM3\ARM_GCC_541\Debug\Final_Project.a(ISR_SW.o)
 .debug_aranges
                0x000009d0       0x38 .\CortexM3\ARM_GCC_541\Debug\Final_Project.a(FLAG.o)
 .debug_aranges
                0x00000a08       0x70 .\CortexM3\ARM_GCC_541\Debug\Final_Project.a(UART_IntClock.o)
 .debug_aranges
                0x00000a78       0x70 .\CortexM3\ARM_GCC_541\Debug\Final_Project.a(SPIM_IntClock.o)
 .debug_aranges
                0x00000ae8       0x30 .\CortexM3\ARM_GCC_541\Debug\Final_Project.a(ADC_DelSig_AMux.o)
 .debug_aranges
                0x00000b18       0x70 .\CortexM3\ARM_GCC_541\Debug\Final_Project.a(ADC_DelSig_Ext_CP_Clk.o)
 .debug_aranges
                0x00000b88       0x80 .\CortexM3\ARM_GCC_541\Debug\Final_Project.a(ADC_DelSig_theACLK.o)
 .debug_aranges
                0x00000c08      0x2a0 .\CortexM3\ARM_GCC_541\Debug\Final_Project.a(CyLib.o)
 .debug_aranges
                0x00000ea8       0x98 .\CortexM3\ARM_GCC_541\Debug\Final_Project.a(cyPm.o)
 .debug_aranges
                0x00000f40       0x90 .\CortexM3\ARM_GCC_541\Debug\Final_Project.a(Timer_CountTime.o)
 .debug_aranges
                0x00000fd0       0x80 .\CortexM3\ARM_GCC_541\Debug\Final_Project.a(isr_TimePassed.o)
 .debug_aranges
                0x00001050       0x20 .\CortexM3\ARM_GCC_541\Debug\Final_Project.a(CyBootAsmGnu.o)
 .debug_aranges
                0x00001070       0x88 .\CortexM3\ARM_GCC_541\Debug\Final_Project.a(CyFlash.o)
 .debug_aranges
                0x000010f8       0x80 .\CortexM3\ARM_GCC_541\Debug\Final_Project.a(CySpc.o)

.debug_pubnames
 *(.debug_pubnames)

.debug_info     0x00000000     0xa8b3
 *(.debug_info .gnu.linkonce.wi.*)
 .debug_info    0x00000000     0x1252 .\CortexM3\ARM_GCC_541\Debug\main.o
 .debug_info    0x00001252      0x4bd .\CortexM3\ARM_GCC_541\Debug\I2C_Interface.o
 .debug_info    0x0000170f      0x15d .\CortexM3\ARM_GCC_541\Debug\InterruptRoutines.o
 .debug_info    0x0000186c      0x1e7 .\CortexM3\ARM_GCC_541\Debug\SW_State.o
 .debug_info    0x00001a53      0x631 .\CortexM3\ARM_GCC_541\Debug\RGBLedDriver.o
 .debug_info    0x00002084      0x2f2 .\CortexM3\ARM_GCC_541\Debug\SettingParameter.o
 .debug_info    0x00002376      0x3b4 .\CortexM3\ARM_GCC_541\Debug\25LC256.o
 .debug_info    0x0000272a      0x3d4 .\CortexM3\ARM_GCC_541\Debug\SPI_Interface.o
 .debug_info    0x00002afe      0x6c7 .\CortexM3\ARM_GCC_541\Debug\cyfitter_cfg.o
 .debug_info    0x000031c5      0x139 .\CortexM3\ARM_GCC_541\Debug\cymetadata.o
 .debug_info    0x000032fe      0x3bb .\CortexM3\ARM_GCC_541\Debug\Cm3Start.o
 .debug_info    0x000036b9      0x60c .\CortexM3\ARM_GCC_541\Debug\Final_Project.a(UART.o)
 .debug_info    0x00003cc5      0x2ab .\CortexM3\ARM_GCC_541\Debug\Final_Project.a(I2C_Master.o)
 .debug_info    0x00003f70      0x184 .\CortexM3\ARM_GCC_541\Debug\Final_Project.a(I2C_Master_INT.o)
 .debug_info    0x000040f4      0x207 .\CortexM3\ARM_GCC_541\Debug\Final_Project.a(I2C_Master_PM.o)
 .debug_info    0x000042fb      0x407 .\CortexM3\ARM_GCC_541\Debug\Final_Project.a(I2C_Master_MASTER.o)
 .debug_info    0x00004702      0x709 .\CortexM3\ARM_GCC_541\Debug\Final_Project.a(SPIM.o)
 .debug_info    0x00004e0b      0x18d .\CortexM3\ARM_GCC_541\Debug\Final_Project.a(SPIM_INT.o)
 .debug_info    0x00004f98      0x11f .\CortexM3\ARM_GCC_541\Debug\Final_Project.a(CS.o)
 .debug_info    0x000050b7      0x333 .\CortexM3\ARM_GCC_541\Debug\Final_Project.a(PWM_B.o)
 .debug_info    0x000053ea      0x381 .\CortexM3\ARM_GCC_541\Debug\Final_Project.a(PWM_RG.o)
 .debug_info    0x0000576b      0xa19 .\CortexM3\ARM_GCC_541\Debug\Final_Project.a(ADC_DelSig.o)
 .debug_info    0x00006184       0xd3 .\CortexM3\ARM_GCC_541\Debug\Final_Project.a(ADC_DelSig_INT.o)
 .debug_info    0x00006257      0x2cf .\CortexM3\ARM_GCC_541\Debug\Final_Project.a(Timer_SW.o)
 .debug_info    0x00006526      0x11f .\CortexM3\ARM_GCC_541\Debug\Final_Project.a(BUTTON.o)
 .debug_info    0x00006645      0x333 .\CortexM3\ARM_GCC_541\Debug\Final_Project.a(PWM_ONBOARD.o)
 .debug_info    0x00006978      0x2d2 .\CortexM3\ARM_GCC_541\Debug\Final_Project.a(ISR_SW.o)
 .debug_info    0x00006c4a      0x11f .\CortexM3\ARM_GCC_541\Debug\Final_Project.a(FLAG.o)
 .debug_info    0x00006d69      0x283 .\CortexM3\ARM_GCC_541\Debug\Final_Project.a(UART_IntClock.o)
 .debug_info    0x00006fec      0x283 .\CortexM3\ARM_GCC_541\Debug\Final_Project.a(SPIM_IntClock.o)
 .debug_info    0x0000726f      0x165 .\CortexM3\ARM_GCC_541\Debug\Final_Project.a(ADC_DelSig_AMux.o)
 .debug_info    0x000073d4      0x283 .\CortexM3\ARM_GCC_541\Debug\Final_Project.a(ADC_DelSig_Ext_CP_Clk.o)
 .debug_info    0x00007657      0x2c4 .\CortexM3\ARM_GCC_541\Debug\Final_Project.a(ADC_DelSig_theACLK.o)
 .debug_info    0x0000791b     0x1374 .\CortexM3\ARM_GCC_541\Debug\Final_Project.a(CyLib.o)
 .debug_info    0x00008c8f      0xa2a .\CortexM3\ARM_GCC_541\Debug\Final_Project.a(cyPm.o)
 .debug_info    0x000096b9      0x2cf .\CortexM3\ARM_GCC_541\Debug\Final_Project.a(Timer_CountTime.o)
 .debug_info    0x00009988      0x2d2 .\CortexM3\ARM_GCC_541\Debug\Final_Project.a(isr_TimePassed.o)
 .debug_info    0x00009c5a       0xbc .\CortexM3\ARM_GCC_541\Debug\Final_Project.a(CyBootAsmGnu.o)
 .debug_info    0x00009d16      0x64d .\CortexM3\ARM_GCC_541\Debug\Final_Project.a(CyFlash.o)
 .debug_info    0x0000a363      0x550 .\CortexM3\ARM_GCC_541\Debug\Final_Project.a(CySpc.o)

.debug_abbrev   0x00000000     0x2cfb
 *(.debug_abbrev)
 .debug_abbrev  0x00000000      0x16a .\CortexM3\ARM_GCC_541\Debug\main.o
 .debug_abbrev  0x0000016a       0xf5 .\CortexM3\ARM_GCC_541\Debug\I2C_Interface.o
 .debug_abbrev  0x0000025f       0x96 .\CortexM3\ARM_GCC_541\Debug\InterruptRoutines.o
 .debug_abbrev  0x000002f5       0xb1 .\CortexM3\ARM_GCC_541\Debug\SW_State.o
 .debug_abbrev  0x000003a6       0xcb .\CortexM3\ARM_GCC_541\Debug\RGBLedDriver.o
 .debug_abbrev  0x00000471       0xdf .\CortexM3\ARM_GCC_541\Debug\SettingParameter.o
 .debug_abbrev  0x00000550      0x11c .\CortexM3\ARM_GCC_541\Debug\25LC256.o
 .debug_abbrev  0x0000066c      0x12b .\CortexM3\ARM_GCC_541\Debug\SPI_Interface.o
 .debug_abbrev  0x00000797      0x22d .\CortexM3\ARM_GCC_541\Debug\cyfitter_cfg.o
 .debug_abbrev  0x000009c4       0x77 .\CortexM3\ARM_GCC_541\Debug\cymetadata.o
 .debug_abbrev  0x00000a3b      0x1e8 .\CortexM3\ARM_GCC_541\Debug\Cm3Start.o
 .debug_abbrev  0x00000c23      0x175 .\CortexM3\ARM_GCC_541\Debug\Final_Project.a(UART.o)
 .debug_abbrev  0x00000d98      0x10a .\CortexM3\ARM_GCC_541\Debug\Final_Project.a(I2C_Master.o)
 .debug_abbrev  0x00000ea2       0xb6 .\CortexM3\ARM_GCC_541\Debug\Final_Project.a(I2C_Master_INT.o)
 .debug_abbrev  0x00000f58       0xfe .\CortexM3\ARM_GCC_541\Debug\Final_Project.a(I2C_Master_PM.o)
 .debug_abbrev  0x00001056      0x13c .\CortexM3\ARM_GCC_541\Debug\Final_Project.a(I2C_Master_MASTER.o)
 .debug_abbrev  0x00001192      0x162 .\CortexM3\ARM_GCC_541\Debug\Final_Project.a(SPIM.o)
 .debug_abbrev  0x000012f4       0x8a .\CortexM3\ARM_GCC_541\Debug\Final_Project.a(SPIM_INT.o)
 .debug_abbrev  0x0000137e       0x90 .\CortexM3\ARM_GCC_541\Debug\Final_Project.a(CS.o)
 .debug_abbrev  0x0000140e      0x133 .\CortexM3\ARM_GCC_541\Debug\Final_Project.a(PWM_B.o)
 .debug_abbrev  0x00001541      0x133 .\CortexM3\ARM_GCC_541\Debug\Final_Project.a(PWM_RG.o)
 .debug_abbrev  0x00001674      0x1eb .\CortexM3\ARM_GCC_541\Debug\Final_Project.a(ADC_DelSig.o)
 .debug_abbrev  0x0000185f       0x42 .\CortexM3\ARM_GCC_541\Debug\Final_Project.a(ADC_DelSig_INT.o)
 .debug_abbrev  0x000018a1      0x12b .\CortexM3\ARM_GCC_541\Debug\Final_Project.a(Timer_SW.o)
 .debug_abbrev  0x000019cc       0x90 .\CortexM3\ARM_GCC_541\Debug\Final_Project.a(BUTTON.o)
 .debug_abbrev  0x00001a5c      0x133 .\CortexM3\ARM_GCC_541\Debug\Final_Project.a(PWM_ONBOARD.o)
 .debug_abbrev  0x00001b8f      0x173 .\CortexM3\ARM_GCC_541\Debug\Final_Project.a(ISR_SW.o)
 .debug_abbrev  0x00001d02       0x90 .\CortexM3\ARM_GCC_541\Debug\Final_Project.a(FLAG.o)
 .debug_abbrev  0x00001d92      0x139 .\CortexM3\ARM_GCC_541\Debug\Final_Project.a(UART_IntClock.o)
 .debug_abbrev  0x00001ecb      0x139 .\CortexM3\ARM_GCC_541\Debug\Final_Project.a(SPIM_IntClock.o)
 .debug_abbrev  0x00002004       0xb1 .\CortexM3\ARM_GCC_541\Debug\Final_Project.a(ADC_DelSig_AMux.o)
 .debug_abbrev  0x000020b5      0x139 .\CortexM3\ARM_GCC_541\Debug\Final_Project.a(ADC_DelSig_Ext_CP_Clk.o)
 .debug_abbrev  0x000021ee      0x121 .\CortexM3\ARM_GCC_541\Debug\Final_Project.a(ADC_DelSig_theACLK.o)
 .debug_abbrev  0x0000230f      0x254 .\CortexM3\ARM_GCC_541\Debug\Final_Project.a(CyLib.o)
 .debug_abbrev  0x00002563      0x1ab .\CortexM3\ARM_GCC_541\Debug\Final_Project.a(cyPm.o)
 .debug_abbrev  0x0000270e      0x12b .\CortexM3\ARM_GCC_541\Debug\Final_Project.a(Timer_CountTime.o)
 .debug_abbrev  0x00002839      0x173 .\CortexM3\ARM_GCC_541\Debug\Final_Project.a(isr_TimePassed.o)
 .debug_abbrev  0x000029ac       0x14 .\CortexM3\ARM_GCC_541\Debug\Final_Project.a(CyBootAsmGnu.o)
 .debug_abbrev  0x000029c0      0x1a7 .\CortexM3\ARM_GCC_541\Debug\Final_Project.a(CyFlash.o)
 .debug_abbrev  0x00002b67      0x194 .\CortexM3\ARM_GCC_541\Debug\Final_Project.a(CySpc.o)

.debug_line     0x00000000     0x4982
 *(.debug_line)
 .debug_line    0x00000000      0x44b .\CortexM3\ARM_GCC_541\Debug\main.o
 .debug_line    0x0000044b      0x208 .\CortexM3\ARM_GCC_541\Debug\I2C_Interface.o
 .debug_line    0x00000653      0x1b3 .\CortexM3\ARM_GCC_541\Debug\InterruptRoutines.o
 .debug_line    0x00000806      0x1c7 .\CortexM3\ARM_GCC_541\Debug\SW_State.o
 .debug_line    0x000009cd      0x27a .\CortexM3\ARM_GCC_541\Debug\RGBLedDriver.o
 .debug_line    0x00000c47      0x1f0 .\CortexM3\ARM_GCC_541\Debug\SettingParameter.o
 .debug_line    0x00000e37      0x1e5 .\CortexM3\ARM_GCC_541\Debug\25LC256.o
 .debug_line    0x0000101c      0x1f0 .\CortexM3\ARM_GCC_541\Debug\SPI_Interface.o
 .debug_line    0x0000120c      0x22f .\CortexM3\ARM_GCC_541\Debug\cyfitter_cfg.o
 .debug_line    0x0000143b      0x141 .\CortexM3\ARM_GCC_541\Debug\cymetadata.o
 .debug_line    0x0000157c      0x234 .\CortexM3\ARM_GCC_541\Debug\Cm3Start.o
 .debug_line    0x000017b0      0x2bc .\CortexM3\ARM_GCC_541\Debug\Final_Project.a(UART.o)
 .debug_line    0x00001a6c       0xee .\CortexM3\ARM_GCC_541\Debug\Final_Project.a(I2C_Master.o)
 .debug_line    0x00001b5a      0x122 .\CortexM3\ARM_GCC_541\Debug\Final_Project.a(I2C_Master_INT.o)
 .debug_line    0x00001c7c       0xc9 .\CortexM3\ARM_GCC_541\Debug\Final_Project.a(I2C_Master_PM.o)
 .debug_line    0x00001d45      0x20b .\CortexM3\ARM_GCC_541\Debug\Final_Project.a(I2C_Master_MASTER.o)
 .debug_line    0x00001f50      0x29a .\CortexM3\ARM_GCC_541\Debug\Final_Project.a(SPIM.o)
 .debug_line    0x000021ea       0xa6 .\CortexM3\ARM_GCC_541\Debug\Final_Project.a(SPIM_INT.o)
 .debug_line    0x00002290       0x8f .\CortexM3\ARM_GCC_541\Debug\Final_Project.a(CS.o)
 .debug_line    0x0000231f      0x185 .\CortexM3\ARM_GCC_541\Debug\Final_Project.a(PWM_B.o)
 .debug_line    0x000024a4      0x1aa .\CortexM3\ARM_GCC_541\Debug\Final_Project.a(PWM_RG.o)
 .debug_line    0x0000264e      0x373 .\CortexM3\ARM_GCC_541\Debug\Final_Project.a(ADC_DelSig.o)
 .debug_line    0x000029c1       0x87 .\CortexM3\ARM_GCC_541\Debug\Final_Project.a(ADC_DelSig_INT.o)
 .debug_line    0x00002a48      0x173 .\CortexM3\ARM_GCC_541\Debug\Final_Project.a(Timer_SW.o)
 .debug_line    0x00002bbb       0x93 .\CortexM3\ARM_GCC_541\Debug\Final_Project.a(BUTTON.o)
 .debug_line    0x00002c4e      0x18b .\CortexM3\ARM_GCC_541\Debug\Final_Project.a(PWM_ONBOARD.o)
 .debug_line    0x00002dd9      0x133 .\CortexM3\ARM_GCC_541\Debug\Final_Project.a(ISR_SW.o)
 .debug_line    0x00002f0c       0x91 .\CortexM3\ARM_GCC_541\Debug\Final_Project.a(FLAG.o)
 .debug_line    0x00002f9d      0x17c .\CortexM3\ARM_GCC_541\Debug\Final_Project.a(UART_IntClock.o)
 .debug_line    0x00003119      0x17c .\CortexM3\ARM_GCC_541\Debug\Final_Project.a(SPIM_IntClock.o)
 .debug_line    0x00003295       0xb3 .\CortexM3\ARM_GCC_541\Debug\Final_Project.a(ADC_DelSig_AMux.o)
 .debug_line    0x00003348      0x184 .\CortexM3\ARM_GCC_541\Debug\Final_Project.a(ADC_DelSig_Ext_CP_Clk.o)
 .debug_line    0x000034cc      0x1a4 .\CortexM3\ARM_GCC_541\Debug\Final_Project.a(ADC_DelSig_theACLK.o)
 .debug_line    0x00003670      0x816 .\CortexM3\ARM_GCC_541\Debug\Final_Project.a(CyLib.o)
 .debug_line    0x00003e86      0x367 .\CortexM3\ARM_GCC_541\Debug\Final_Project.a(cyPm.o)
 .debug_line    0x000041ed      0x17a .\CortexM3\ARM_GCC_541\Debug\Final_Project.a(Timer_CountTime.o)
 .debug_line    0x00004367      0x13b .\CortexM3\ARM_GCC_541\Debug\Final_Project.a(isr_TimePassed.o)
 .debug_line    0x000044a2       0x66 .\CortexM3\ARM_GCC_541\Debug\Final_Project.a(CyBootAsmGnu.o)
 .debug_line    0x00004508      0x21a .\CortexM3\ARM_GCC_541\Debug\Final_Project.a(CyFlash.o)
 .debug_line    0x00004722      0x260 .\CortexM3\ARM_GCC_541\Debug\Final_Project.a(CySpc.o)

.debug_frame    0x00000000     0x2ccc
 *(.debug_frame)
 .debug_frame   0x00000000       0x44 .\CortexM3\ARM_GCC_541\Debug\main.o
 .debug_frame   0x00000044       0xfc .\CortexM3\ARM_GCC_541\Debug\I2C_Interface.o
 .debug_frame   0x00000140       0x48 .\CortexM3\ARM_GCC_541\Debug\InterruptRoutines.o
 .debug_frame   0x00000188       0x2c .\CortexM3\ARM_GCC_541\Debug\SW_State.o
 .debug_frame   0x000001b4       0x68 .\CortexM3\ARM_GCC_541\Debug\RGBLedDriver.o
 .debug_frame   0x0000021c       0x2c .\CortexM3\ARM_GCC_541\Debug\SettingParameter.o
 .debug_frame   0x00000248       0xf8 .\CortexM3\ARM_GCC_541\Debug\25LC256.o
 .debug_frame   0x00000340       0x88 .\CortexM3\ARM_GCC_541\Debug\SPI_Interface.o
 .debug_frame   0x000003c8      0x104 .\CortexM3\ARM_GCC_541\Debug\cyfitter_cfg.o
 .debug_frame   0x000004cc       0xb8 .\CortexM3\ARM_GCC_541\Debug\Cm3Start.o
 .debug_frame   0x00000584      0x250 .\CortexM3\ARM_GCC_541\Debug\Final_Project.a(UART.o)
 .debug_frame   0x000007d4       0x90 .\CortexM3\ARM_GCC_541\Debug\Final_Project.a(I2C_Master.o)
 .debug_frame   0x00000864       0x30 .\CortexM3\ARM_GCC_541\Debug\Final_Project.a(I2C_Master_INT.o)
 .debug_frame   0x00000894       0x74 .\CortexM3\ARM_GCC_541\Debug\Final_Project.a(I2C_Master_PM.o)
 .debug_frame   0x00000908      0x138 .\CortexM3\ARM_GCC_541\Debug\Final_Project.a(I2C_Master_MASTER.o)
 .debug_frame   0x00000a40      0x260 .\CortexM3\ARM_GCC_541\Debug\Final_Project.a(SPIM.o)
 .debug_frame   0x00000ca0       0x30 .\CortexM3\ARM_GCC_541\Debug\Final_Project.a(SPIM_INT.o)
 .debug_frame   0x00000cd0       0x50 .\CortexM3\ARM_GCC_541\Debug\Final_Project.a(CS.o)
 .debug_frame   0x00000d20      0x134 .\CortexM3\ARM_GCC_541\Debug\Final_Project.a(PWM_B.o)
 .debug_frame   0x00000e54      0x154 .\CortexM3\ARM_GCC_541\Debug\Final_Project.a(PWM_RG.o)
 .debug_frame   0x00000fa8      0x284 .\CortexM3\ARM_GCC_541\Debug\Final_Project.a(ADC_DelSig.o)
 .debug_frame   0x0000122c       0x50 .\CortexM3\ARM_GCC_541\Debug\Final_Project.a(ADC_DelSig_INT.o)
 .debug_frame   0x0000127c      0x124 .\CortexM3\ARM_GCC_541\Debug\Final_Project.a(Timer_SW.o)
 .debug_frame   0x000013a0       0x50 .\CortexM3\ARM_GCC_541\Debug\Final_Project.a(BUTTON.o)
 .debug_frame   0x000013f0      0x134 .\CortexM3\ARM_GCC_541\Debug\Final_Project.a(PWM_ONBOARD.o)
 .debug_frame   0x00001524      0x104 .\CortexM3\ARM_GCC_541\Debug\Final_Project.a(ISR_SW.o)
 .debug_frame   0x00001628       0x50 .\CortexM3\ARM_GCC_541\Debug\Final_Project.a(FLAG.o)
 .debug_frame   0x00001678       0xe0 .\CortexM3\ARM_GCC_541\Debug\Final_Project.a(UART_IntClock.o)
 .debug_frame   0x00001758       0xe0 .\CortexM3\ARM_GCC_541\Debug\Final_Project.a(SPIM_IntClock.o)
 .debug_frame   0x00001838       0x64 .\CortexM3\ARM_GCC_541\Debug\Final_Project.a(ADC_DelSig_AMux.o)
 .debug_frame   0x0000189c       0xe0 .\CortexM3\ARM_GCC_541\Debug\Final_Project.a(ADC_DelSig_Ext_CP_Clk.o)
 .debug_frame   0x0000197c      0x100 .\CortexM3\ARM_GCC_541\Debug\Final_Project.a(ADC_DelSig_theACLK.o)
 .debug_frame   0x00001a7c      0x738 .\CortexM3\ARM_GCC_541\Debug\Final_Project.a(CyLib.o)
 .debug_frame   0x000021b4      0x1f8 .\CortexM3\ARM_GCC_541\Debug\Final_Project.a(cyPm.o)
 .debug_frame   0x000023ac      0x124 .\CortexM3\ARM_GCC_541\Debug\Final_Project.a(Timer_CountTime.o)
 .debug_frame   0x000024d0      0x104 .\CortexM3\ARM_GCC_541\Debug\Final_Project.a(isr_TimePassed.o)
 .debug_frame   0x000025d4      0x194 .\CortexM3\ARM_GCC_541\Debug\Final_Project.a(CyFlash.o)
 .debug_frame   0x00002768      0x180 .\CortexM3\ARM_GCC_541\Debug\Final_Project.a(CySpc.o)
 .debug_frame   0x000028e8       0x20 c:/program files (x86)/cypress/psoc creator/4.3/psoc creator/import/gnu/arm/5.4.1/bin/../lib/gcc/arm-none-eabi/5.4.1/../../../../arm-none-eabi/lib/armv7-m\libg_nano.a(lib_a-errno.o)
 .debug_frame   0x00002908       0x28 c:/program files (x86)/cypress/psoc creator/4.3/psoc creator/import/gnu/arm/5.4.1/bin/../lib/gcc/arm-none-eabi/5.4.1/../../../../arm-none-eabi/lib/armv7-m\libg_nano.a(lib_a-exit.o)
 .debug_frame   0x00002930       0x2c c:/program files (x86)/cypress/psoc creator/4.3/psoc creator/import/gnu/arm/5.4.1/bin/../lib/gcc/arm-none-eabi/5.4.1/../../../../arm-none-eabi/lib/armv7-m\libg_nano.a(lib_a-init.o)
 .debug_frame   0x0000295c       0x28 c:/program files (x86)/cypress/psoc creator/4.3/psoc creator/import/gnu/arm/5.4.1/bin/../lib/gcc/arm-none-eabi/5.4.1/../../../../arm-none-eabi/lib/armv7-m\libg_nano.a(lib_a-memcpy-stub.o)
 .debug_frame   0x00002984       0x20 c:/program files (x86)/cypress/psoc creator/4.3/psoc creator/import/gnu/arm/5.4.1/bin/../lib/gcc/arm-none-eabi/5.4.1/../../../../arm-none-eabi/lib/armv7-m\libg_nano.a(lib_a-memset.o)
 .debug_frame   0x000029a4       0x70 c:/program files (x86)/cypress/psoc creator/4.3/psoc creator/import/gnu/arm/5.4.1/bin/../lib/gcc/arm-none-eabi/5.4.1/../../../../arm-none-eabi/lib/armv7-m\libg_nano.a(lib_a-sprintf.o)
 .debug_frame   0x00002a14       0x90 c:/program files (x86)/cypress/psoc creator/4.3/psoc creator/import/gnu/arm/5.4.1/bin/../lib/gcc/arm-none-eabi/5.4.1/../../../../arm-none-eabi/lib/armv7-m\libg_nano.a(lib_a-nano-svfprintf.o)
 .debug_frame   0x00002aa4       0x60 c:/program files (x86)/cypress/psoc creator/4.3/psoc creator/import/gnu/arm/5.4.1/bin/../lib/gcc/arm-none-eabi/5.4.1/../../../../arm-none-eabi/lib/armv7-m\libg_nano.a(lib_a-nano-vfprintf_i.o)
 .debug_frame   0x00002b04       0x28 c:/program files (x86)/cypress/psoc creator/4.3/psoc creator/import/gnu/arm/5.4.1/bin/../lib/gcc/arm-none-eabi/5.4.1/../../../../arm-none-eabi/lib/armv7-m\libg_nano.a(lib_a-memchr-stub.o)
 .debug_frame   0x00002b2c       0x28 c:/program files (x86)/cypress/psoc creator/4.3/psoc creator/import/gnu/arm/5.4.1/bin/../lib/gcc/arm-none-eabi/5.4.1/../../../../arm-none-eabi/lib/armv7-m\libg_nano.a(lib_a-memmove.o)
 .debug_frame   0x00002b54       0x38 c:/program files (x86)/cypress/psoc creator/4.3/psoc creator/import/gnu/arm/5.4.1/bin/../lib/gcc/arm-none-eabi/5.4.1/../../../../arm-none-eabi/lib/armv7-m\libg_nano.a(lib_a-nano-freer.o)
 .debug_frame   0x00002b8c       0x2c c:/program files (x86)/cypress/psoc creator/4.3/psoc creator/import/gnu/arm/5.4.1/bin/../lib/gcc/arm-none-eabi/5.4.1/../../../../arm-none-eabi/lib/armv7-m\libg_nano.a(lib_a-nano-mallocr.o)
 .debug_frame   0x00002bb8       0x3c c:/program files (x86)/cypress/psoc creator/4.3/psoc creator/import/gnu/arm/5.4.1/bin/../lib/gcc/arm-none-eabi/5.4.1/../../../../arm-none-eabi/lib/armv7-m\libg_nano.a(lib_a-nano-reallocr.o)
 .debug_frame   0x00002bf4       0x2c c:/program files (x86)/cypress/psoc creator/4.3/psoc creator/import/gnu/arm/5.4.1/bin/../lib/gcc/arm-none-eabi/5.4.1/../../../../arm-none-eabi/lib/armv7-m\libg_nano.a(lib_a-sbrkr.o)
 .debug_frame   0x00002c20       0x30 c:/program files (x86)/cypress/psoc creator/4.3/psoc creator/import/gnu/arm/5.4.1/bin/../lib/gcc/arm-none-eabi/5.4.1/../../../../arm-none-eabi/lib/armv7-m\libg_nano.a(lib_a-mlock.o)
 .debug_frame   0x00002c50       0x20 c:/program files (x86)/cypress/psoc creator/4.3/psoc creator/import/gnu/arm/5.4.1/bin/../lib/gcc/arm-none-eabi/5.4.1/../../../../arm-none-eabi/lib/armv7-m\libg_nano.a(lib_a-nano-msizer.o)
 .debug_frame   0x00002c70       0x5c c:/program files (x86)/cypress/psoc creator/4.3/psoc creator/import/gnu/arm/5.4.1/bin/../lib/gcc/arm-none-eabi/5.4.1/../../../../arm-none-eabi/lib/armv7-m\libg_nano.a(lib_a-reent.o)

.debug_str      0x00000000     0x399a
 *(.debug_str)
 .debug_str     0x00000000      0x56f .\CortexM3\ARM_GCC_541\Debug\main.o
                                0x5f2 (size before relaxing)
 .debug_str     0x0000056f      0x146 .\CortexM3\ARM_GCC_541\Debug\I2C_Interface.o
                                0x392 (size before relaxing)
 .debug_str     0x000006b5       0x67 .\CortexM3\ARM_GCC_541\Debug\InterruptRoutines.o
                                0x268 (size before relaxing)
 .debug_str     0x0000071c       0x7f .\CortexM3\ARM_GCC_541\Debug\SW_State.o
                                0x29c (size before relaxing)
 .debug_str     0x0000079b       0x7f .\CortexM3\ARM_GCC_541\Debug\RGBLedDriver.o
                                0x328 (size before relaxing)
 .debug_str     0x0000081a       0x5a .\CortexM3\ARM_GCC_541\Debug\SettingParameter.o
                                0x2df (size before relaxing)
 .debug_str     0x00000874       0xb5 .\CortexM3\ARM_GCC_541\Debug\25LC256.o
                                0x2ec (size before relaxing)
 .debug_str     0x00000929       0xe3 .\CortexM3\ARM_GCC_541\Debug\SPI_Interface.o
                                0x30f (size before relaxing)
 .debug_str     0x00000a0c      0x211 .\CortexM3\ARM_GCC_541\Debug\cyfitter_cfg.o
                                0x3d8 (size before relaxing)
 .debug_str     0x00000c1d       0x75 .\CortexM3\ARM_GCC_541\Debug\cymetadata.o
                                0x210 (size before relaxing)
 .debug_str     0x00000c92      0x144 .\CortexM3\ARM_GCC_541\Debug\Cm3Start.o
                                0x336 (size before relaxing)
 .debug_str     0x00000dd6      0x2ba .\CortexM3\ARM_GCC_541\Debug\Final_Project.a(UART.o)
                                0x4a1 (size before relaxing)
 .debug_str     0x00001090      0x13a .\CortexM3\ARM_GCC_541\Debug\Final_Project.a(I2C_Master.o)
                                0x361 (size before relaxing)
 .debug_str     0x000011ca       0xb7 .\CortexM3\ARM_GCC_541\Debug\Final_Project.a(I2C_Master_INT.o)
                                0x2d8 (size before relaxing)
 .debug_str     0x00001281       0x79 .\CortexM3\ARM_GCC_541\Debug\Final_Project.a(I2C_Master_PM.o)
                                0x2e8 (size before relaxing)
 .debug_str     0x000012fa      0x150 .\CortexM3\ARM_GCC_541\Debug\Final_Project.a(I2C_Master_MASTER.o)
                                0x471 (size before relaxing)
 .debug_str     0x0000144a      0x246 .\CortexM3\ARM_GCC_541\Debug\Final_Project.a(SPIM.o)
                                0x50a (size before relaxing)
 .debug_str     0x00001690       0x3a .\CortexM3\ARM_GCC_541\Debug\Final_Project.a(SPIM_INT.o)
                                0x2a7 (size before relaxing)
 .debug_str     0x000016ca       0x4e .\CortexM3\ARM_GCC_541\Debug\Final_Project.a(CS.o)
                                0x1ff (size before relaxing)
 .debug_str     0x00001718      0x152 .\CortexM3\ARM_GCC_541\Debug\Final_Project.a(PWM_B.o)
                                0x37d (size before relaxing)
 .debug_str     0x0000186a      0x14d .\CortexM3\ARM_GCC_541\Debug\Final_Project.a(PWM_RG.o)
                                0x3bb (size before relaxing)
 .debug_str     0x000019b7      0x447 .\CortexM3\ARM_GCC_541\Debug\Final_Project.a(ADC_DelSig.o)
                                0x714 (size before relaxing)
 .debug_str     0x00001dfe       0x68 .\CortexM3\ARM_GCC_541\Debug\Final_Project.a(ADC_DelSig_INT.o)
                                0x20f (size before relaxing)
 .debug_str     0x00001e66      0x128 .\CortexM3\ARM_GCC_541\Debug\Final_Project.a(Timer_SW.o)
                                0x390 (size before relaxing)
 .debug_str     0x00001f8e       0x54 .\CortexM3\ARM_GCC_541\Debug\Final_Project.a(BUTTON.o)
                                0x213 (size before relaxing)
 .debug_str     0x00001fe2      0x19b .\CortexM3\ARM_GCC_541\Debug\Final_Project.a(PWM_ONBOARD.o)
                                0x3ef (size before relaxing)
 .debug_str     0x0000217d       0xfd .\CortexM3\ARM_GCC_541\Debug\Final_Project.a(ISR_SW.o)
                                0x2e0 (size before relaxing)
 .debug_str     0x0000227a       0x4c .\CortexM3\ARM_GCC_541\Debug\Final_Project.a(FLAG.o)
                                0x209 (size before relaxing)
 .debug_str     0x000022c6      0x17b .\CortexM3\ARM_GCC_541\Debug\Final_Project.a(UART_IntClock.o)
                                0x362 (size before relaxing)
 .debug_str     0x00002441      0x138 .\CortexM3\ARM_GCC_541\Debug\Final_Project.a(SPIM_IntClock.o)
                                0x362 (size before relaxing)
 .debug_str     0x00002579       0x7b .\CortexM3\ARM_GCC_541\Debug\Final_Project.a(ADC_DelSig_AMux.o)
                                0x25c (size before relaxing)
 .debug_str     0x000025f4      0x170 .\CortexM3\ARM_GCC_541\Debug\Final_Project.a(ADC_DelSig_Ext_CP_Clk.o)
                                0x3c2 (size before relaxing)
 .debug_str     0x00002764      0x1a3 .\CortexM3\ARM_GCC_541\Debug\Final_Project.a(ADC_DelSig_theACLK.o)
                                0x3ef (size before relaxing)
 .debug_str     0x00002907      0x7b0 .\CortexM3\ARM_GCC_541\Debug\Final_Project.a(CyLib.o)
                                0xa73 (size before relaxing)
 .debug_str     0x000030b7      0x365 .\CortexM3\ARM_GCC_541\Debug\Final_Project.a(cyPm.o)
                                0x75f (size before relaxing)
 .debug_str     0x0000341c      0x1d1 .\CortexM3\ARM_GCC_541\Debug\Final_Project.a(Timer_CountTime.o)
                                0x40e (size before relaxing)
 .debug_str     0x000035ed      0x14d .\CortexM3\ARM_GCC_541\Debug\Final_Project.a(isr_TimePassed.o)
                                0x350 (size before relaxing)
 .debug_str     0x0000373a      0x1b4 .\CortexM3\ARM_GCC_541\Debug\Final_Project.a(CyFlash.o)
                                0x3ec (size before relaxing)
 .debug_str     0x000038ee       0xac .\CortexM3\ARM_GCC_541\Debug\Final_Project.a(CySpc.o)
                                0x364 (size before relaxing)

.debug_loc      0x00000000     0x3dfc
 *(.debug_loc)
 .debug_loc     0x00000000      0x444 .\CortexM3\ARM_GCC_541\Debug\main.o
 .debug_loc     0x00000444      0x328 .\CortexM3\ARM_GCC_541\Debug\I2C_Interface.o
 .debug_loc     0x0000076c       0xc7 .\CortexM3\ARM_GCC_541\Debug\RGBLedDriver.o
 .debug_loc     0x00000833      0x15a .\CortexM3\ARM_GCC_541\Debug\25LC256.o
 .debug_loc     0x0000098d      0x16c .\CortexM3\ARM_GCC_541\Debug\SPI_Interface.o
 .debug_loc     0x00000af9      0x2cb .\CortexM3\ARM_GCC_541\Debug\cyfitter_cfg.o
 .debug_loc     0x00000dc4      0x144 .\CortexM3\ARM_GCC_541\Debug\Cm3Start.o
 .debug_loc     0x00000f08      0x258 .\CortexM3\ARM_GCC_541\Debug\Final_Project.a(UART.o)
 .debug_loc     0x00001160       0x39 .\CortexM3\ARM_GCC_541\Debug\Final_Project.a(I2C_Master.o)
 .debug_loc     0x00001199       0x29 .\CortexM3\ARM_GCC_541\Debug\Final_Project.a(I2C_Master_INT.o)
 .debug_loc     0x000011c2       0x13 .\CortexM3\ARM_GCC_541\Debug\Final_Project.a(I2C_Master_PM.o)
 .debug_loc     0x000011d5      0x52f .\CortexM3\ARM_GCC_541\Debug\Final_Project.a(I2C_Master_MASTER.o)
 .debug_loc     0x00001704      0x20d .\CortexM3\ARM_GCC_541\Debug\Final_Project.a(SPIM.o)
 .debug_loc     0x00001911       0x74 .\CortexM3\ARM_GCC_541\Debug\Final_Project.a(SPIM_INT.o)
 .debug_loc     0x00001985       0x42 .\CortexM3\ARM_GCC_541\Debug\Final_Project.a(CS.o)
 .debug_loc     0x000019c7       0x26 .\CortexM3\ARM_GCC_541\Debug\Final_Project.a(PWM_B.o)
 .debug_loc     0x000019ed       0x26 .\CortexM3\ARM_GCC_541\Debug\Final_Project.a(PWM_RG.o)
 .debug_loc     0x00001a13      0x68c .\CortexM3\ARM_GCC_541\Debug\Final_Project.a(ADC_DelSig.o)
 .debug_loc     0x0000209f       0x13 .\CortexM3\ARM_GCC_541\Debug\Final_Project.a(Timer_SW.o)
 .debug_loc     0x000020b2       0x42 .\CortexM3\ARM_GCC_541\Debug\Final_Project.a(BUTTON.o)
 .debug_loc     0x000020f4       0x26 .\CortexM3\ARM_GCC_541\Debug\Final_Project.a(PWM_ONBOARD.o)
 .debug_loc     0x0000211a       0x56 .\CortexM3\ARM_GCC_541\Debug\Final_Project.a(ISR_SW.o)
 .debug_loc     0x00002170       0x42 .\CortexM3\ARM_GCC_541\Debug\Final_Project.a(FLAG.o)
 .debug_loc     0x000021b2      0x128 .\CortexM3\ARM_GCC_541\Debug\Final_Project.a(UART_IntClock.o)
 .debug_loc     0x000022da      0x128 .\CortexM3\ARM_GCC_541\Debug\Final_Project.a(SPIM_IntClock.o)
 .debug_loc     0x00002402       0x6c .\CortexM3\ARM_GCC_541\Debug\Final_Project.a(ADC_DelSig_AMux.o)
 .debug_loc     0x0000246e      0x12c .\CortexM3\ARM_GCC_541\Debug\Final_Project.a(ADC_DelSig_Ext_CP_Clk.o)
 .debug_loc     0x0000259a      0x14d .\CortexM3\ARM_GCC_541\Debug\Final_Project.a(ADC_DelSig_theACLK.o)
 .debug_loc     0x000026e7      0xa11 .\CortexM3\ARM_GCC_541\Debug\Final_Project.a(CyLib.o)
 .debug_loc     0x000030f8      0x1e4 .\CortexM3\ARM_GCC_541\Debug\Final_Project.a(cyPm.o)
 .debug_loc     0x000032dc       0x13 .\CortexM3\ARM_GCC_541\Debug\Final_Project.a(Timer_CountTime.o)
 .debug_loc     0x000032ef       0x56 .\CortexM3\ARM_GCC_541\Debug\Final_Project.a(isr_TimePassed.o)
 .debug_loc     0x00003345      0x3b2 .\CortexM3\ARM_GCC_541\Debug\Final_Project.a(CyFlash.o)
 .debug_loc     0x000036f7      0x705 .\CortexM3\ARM_GCC_541\Debug\Final_Project.a(CySpc.o)

.debug_macinfo
 *(.debug_macinfo)

.debug_ranges   0x00000000      0xef8
 *(.debug_ranges)
 .debug_ranges  0x00000000       0x10 .\CortexM3\ARM_GCC_541\Debug\main.o
 .debug_ranges  0x00000010       0x58 .\CortexM3\ARM_GCC_541\Debug\I2C_Interface.o
 .debug_ranges  0x00000068       0x18 .\CortexM3\ARM_GCC_541\Debug\InterruptRoutines.o
 .debug_ranges  0x00000080       0x10 .\CortexM3\ARM_GCC_541\Debug\SW_State.o
 .debug_ranges  0x00000090       0x20 .\CortexM3\ARM_GCC_541\Debug\RGBLedDriver.o
 .debug_ranges  0x000000b0       0x10 .\CortexM3\ARM_GCC_541\Debug\SettingParameter.o
 .debug_ranges  0x000000c0       0x40 .\CortexM3\ARM_GCC_541\Debug\25LC256.o
 .debug_ranges  0x00000100       0x28 .\CortexM3\ARM_GCC_541\Debug\SPI_Interface.o
 .debug_ranges  0x00000128       0x58 .\CortexM3\ARM_GCC_541\Debug\cyfitter_cfg.o
 .debug_ranges  0x00000180       0x38 .\CortexM3\ARM_GCC_541\Debug\Cm3Start.o
 .debug_ranges  0x000001b8       0xe0 .\CortexM3\ARM_GCC_541\Debug\Final_Project.a(UART.o)
 .debug_ranges  0x00000298       0x28 .\CortexM3\ARM_GCC_541\Debug\Final_Project.a(I2C_Master.o)
 .debug_ranges  0x000002c0       0x10 .\CortexM3\ARM_GCC_541\Debug\Final_Project.a(I2C_Master_INT.o)
 .debug_ranges  0x000002d0       0x28 .\CortexM3\ARM_GCC_541\Debug\Final_Project.a(I2C_Master_PM.o)
 .debug_ranges  0x000002f8       0x70 .\CortexM3\ARM_GCC_541\Debug\Final_Project.a(I2C_Master_MASTER.o)
 .debug_ranges  0x00000368       0xc8 .\CortexM3\ARM_GCC_541\Debug\Final_Project.a(SPIM.o)
 .debug_ranges  0x00000430       0x18 .\CortexM3\ARM_GCC_541\Debug\Final_Project.a(SPIM_INT.o)
 .debug_ranges  0x00000448       0x28 .\CortexM3\ARM_GCC_541\Debug\Final_Project.a(CS.o)
 .debug_ranges  0x00000470       0x88 .\CortexM3\ARM_GCC_541\Debug\Final_Project.a(PWM_B.o)
 .debug_ranges  0x000004f8       0x98 .\CortexM3\ARM_GCC_541\Debug\Final_Project.a(PWM_RG.o)
 .debug_ranges  0x00000590       0xd8 .\CortexM3\ARM_GCC_541\Debug\Final_Project.a(ADC_DelSig.o)
 .debug_ranges  0x00000668       0x28 .\CortexM3\ARM_GCC_541\Debug\Final_Project.a(ADC_DelSig_INT.o)
 .debug_ranges  0x00000690       0x80 .\CortexM3\ARM_GCC_541\Debug\Final_Project.a(Timer_SW.o)
 .debug_ranges  0x00000710       0x28 .\CortexM3\ARM_GCC_541\Debug\Final_Project.a(BUTTON.o)
 .debug_ranges  0x00000738       0x88 .\CortexM3\ARM_GCC_541\Debug\Final_Project.a(PWM_ONBOARD.o)
 .debug_ranges  0x000007c0       0x70 .\CortexM3\ARM_GCC_541\Debug\Final_Project.a(ISR_SW.o)
 .debug_ranges  0x00000830       0x28 .\CortexM3\ARM_GCC_541\Debug\Final_Project.a(FLAG.o)
 .debug_ranges  0x00000858       0x60 .\CortexM3\ARM_GCC_541\Debug\Final_Project.a(UART_IntClock.o)
 .debug_ranges  0x000008b8       0x60 .\CortexM3\ARM_GCC_541\Debug\Final_Project.a(SPIM_IntClock.o)
 .debug_ranges  0x00000918       0x20 .\CortexM3\ARM_GCC_541\Debug\Final_Project.a(ADC_DelSig_AMux.o)
 .debug_ranges  0x00000938       0x60 .\CortexM3\ARM_GCC_541\Debug\Final_Project.a(ADC_DelSig_Ext_CP_Clk.o)
 .debug_ranges  0x00000998       0x70 .\CortexM3\ARM_GCC_541\Debug\Final_Project.a(ADC_DelSig_theACLK.o)
 .debug_ranges  0x00000a08      0x290 .\CortexM3\ARM_GCC_541\Debug\Final_Project.a(CyLib.o)
 .debug_ranges  0x00000c98       0x88 .\CortexM3\ARM_GCC_541\Debug\Final_Project.a(cyPm.o)
 .debug_ranges  0x00000d20       0x80 .\CortexM3\ARM_GCC_541\Debug\Final_Project.a(Timer_CountTime.o)
 .debug_ranges  0x00000da0       0x70 .\CortexM3\ARM_GCC_541\Debug\Final_Project.a(isr_TimePassed.o)
 .debug_ranges  0x00000e10       0x78 .\CortexM3\ARM_GCC_541\Debug\Final_Project.a(CyFlash.o)
 .debug_ranges  0x00000e88       0x70 .\CortexM3\ARM_GCC_541\Debug\Final_Project.a(CySpc.o)

.comment        0x00000000       0x6e
 .comment       0x00000000       0x6e .\CortexM3\ARM_GCC_541\Debug\main.o
                                 0x6f (size before relaxing)
 .comment       0x0000006e       0x6f .\CortexM3\ARM_GCC_541\Debug\I2C_Interface.o
 .comment       0x0000006e       0x6f .\CortexM3\ARM_GCC_541\Debug\InterruptRoutines.o
 .comment       0x0000006e       0x6f .\CortexM3\ARM_GCC_541\Debug\SW_State.o
 .comment       0x0000006e       0x6f .\CortexM3\ARM_GCC_541\Debug\RGBLedDriver.o
 .comment       0x0000006e       0x6f .\CortexM3\ARM_GCC_541\Debug\SettingParameter.o
 .comment       0x0000006e       0x6f .\CortexM3\ARM_GCC_541\Debug\25LC256.o
 .comment       0x0000006e       0x6f .\CortexM3\ARM_GCC_541\Debug\SPI_Interface.o