Archive member included to satisfy reference by file (symbol)

.\CortexM3\ARM_GCC_541\Debug\Final_prova.a(UART.o)
                              .\CortexM3\ARM_GCC_541\Debug\main.o (UART_Start)
.\CortexM3\ARM_GCC_541\Debug\Final_prova.a(I2C_Master.o)
                              .\CortexM3\ARM_GCC_541\Debug\I2C_Interface.o (I2C_Master_Start)
.\CortexM3\ARM_GCC_541\Debug\Final_prova.a(I2C_Master_INT.o)
                              .\CortexM3\ARM_GCC_541\Debug\Final_prova.a(I2C_Master.o) (I2C_Master_ISR)
.\CortexM3\ARM_GCC_541\Debug\Final_prova.a(I2C_Master_PM.o)
                              .\CortexM3\ARM_GCC_541\Debug\Final_prova.a(I2C_Master.o) (I2C_Master_backup)
.\CortexM3\ARM_GCC_541\Debug\Final_prova.a(I2C_Master_MASTER.o)
                              .\CortexM3\ARM_GCC_541\Debug\Final_prova.a(I2C_Master.o) (I2C_Master_mstrStatus)
.\CortexM3\ARM_GCC_541\Debug\Final_prova.a(PWM_B.o)
                              .\CortexM3\ARM_GCC_541\Debug\RGBLedDriver.o (PWM_B_Stop)
.\CortexM3\ARM_GCC_541\Debug\Final_prova.a(PWM_RG.o)
                              .\CortexM3\ARM_GCC_541\Debug\RGBLedDriver.o (PWM_RG_Stop)
.\CortexM3\ARM_GCC_541\Debug\Final_prova.a(ADC_DelSig.o)
                              .\CortexM3\ARM_GCC_541\Debug\SettingParameter.o (ADC_DelSig_CountsTo_mVolts)
.\CortexM3\ARM_GCC_541\Debug\Final_prova.a(ADC_DelSig_INT.o)
                              .\CortexM3\ARM_GCC_541\Debug\Final_prova.a(ADC_DelSig.o) (ADC_DelSig_ISR1)
.\CortexM3\ARM_GCC_541\Debug\Final_prova.a(UART_IntClock.o)
                              .\CortexM3\ARM_GCC_541\Debug\Final_prova.a(UART.o) (UART_IntClock_Start)
.\CortexM3\ARM_GCC_541\Debug\Final_prova.a(ADC_DelSig_AMux.o)
                              .\CortexM3\ARM_GCC_541\Debug\Final_prova.a(ADC_DelSig.o) (ADC_DelSig_AMux_Select)
.\CortexM3\ARM_GCC_541\Debug\Final_prova.a(ADC_DelSig_Ext_CP_Clk.o)
                              .\CortexM3\ARM_GCC_541\Debug\Final_prova.a(ADC_DelSig.o) (ADC_DelSig_Ext_CP_Clk_SetModeRegister)
.\CortexM3\ARM_GCC_541\Debug\Final_prova.a(ADC_DelSig_theACLK.o)
                              .\CortexM3\ARM_GCC_541\Debug\Final_prova.a(ADC_DelSig.o) (ADC_DelSig_theACLK_SetModeRegister)
.\CortexM3\ARM_GCC_541\Debug\Final_prova.a(CyLib.o)
                              .\CortexM3\ARM_GCC_541\Debug\Cm3Start.o (CyHalt)
.\CortexM3\ARM_GCC_541\Debug\Final_prova.a(cyPm.o)
                              .\CortexM3\ARM_GCC_541\Debug\Final_prova.a(CyLib.o) (CyPmReadStatus)
.\CortexM3\ARM_GCC_541\Debug\Final_prova.a(BUTTON.o)
                              .\CortexM3\ARM_GCC_541\Debug\SW_State.o (BUTTON_Read)
.\CortexM3\ARM_GCC_541\Debug\Final_prova.a(PWM_ONBOARD.o)
                              .\CortexM3\ARM_GCC_541\Debug\main.o (PWM_ONBOARD_Stop)
.\CortexM3\ARM_GCC_541\Debug\Final_prova.a(ISR_SW.o)
                              .\CortexM3\ARM_GCC_541\Debug\main.o (ISR_SW_StartEx)
.\CortexM3\ARM_GCC_541\Debug\Final_prova.a(Timer_SW.o)
                              .\CortexM3\ARM_GCC_541\Debug\main.o (Timer_SW_Start)
.\CortexM3\ARM_GCC_541\Debug\Final_prova.a(CyBootAsmGnu.o)
                              .\CortexM3\ARM_GCC_541\Debug\cyfitter_cfg.o (CyDelayCycles)
.\CortexM3\ARM_GCC_541\Debug\Final_prova.a(CyFlash.o)
                              .\CortexM3\ARM_GCC_541\Debug\Final_prova.a(cyPm.o) (CyFlash_SetWaitCycles)
.\CortexM3\ARM_GCC_541\Debug\Final_prova.a(CySpc.o)
                              .\CortexM3\ARM_GCC_541\Debug\Final_prova.a(CyFlash.o) (CySpcStart)
c:/program files (x86)/cypress/psoc creator/4.3/psoc creator/import/gnu/arm/5.4.1/bin/../lib/gcc/arm-none-eabi/5.4.1/armv7-m\libgcc.a(_arm_addsubdf3.o)
                              .\CortexM3\ARM_GCC_541\Debug\Final_prova.a(ADC_DelSig.o) (__aeabi_f2d)
c:/program files (x86)/cypress/psoc creator/4.3/psoc creator/import/gnu/arm/5.4.1/bin/../lib/gcc/arm-none-eabi/5.4.1/armv7-m\libgcc.a(_arm_cmpdf2.o)
                              .\CortexM3\ARM_GCC_541\Debug\Final_prova.a(ADC_DelSig.o) (__aeabi_dcmpgt)
c:/program files (x86)/cypress/psoc creator/4.3/psoc creator/import/gnu/arm/5.4.1/bin/../lib/gcc/arm-none-eabi/5.4.1/armv7-m\libgcc.a(_arm_addsubsf3.o)
                              .\CortexM3\ARM_GCC_541\Debug\Final_prova.a(ADC_DelSig.o) (__aeabi_ui2f)
c:/program files (x86)/cypress/psoc creator/4.3/psoc creator/import/gnu/arm/5.4.1/bin/../lib/gcc/arm-none-eabi/5.4.1/armv7-m\libgcc.a(_arm_muldivsf3.o)
                              .\CortexM3\ARM_GCC_541\Debug\Final_prova.a(ADC_DelSig.o) (__aeabi_fmul)
c:/program files (x86)/cypress/psoc creator/4.3/psoc creator/import/gnu/arm/5.4.1/bin/../lib/gcc/arm-none-eabi/5.4.1/armv7-m\libgcc.a(_arm_fixunssfsi.o)
                              .\CortexM3\ARM_GCC_541\Debug\Final_prova.a(ADC_DelSig.o) (__aeabi_f2uiz)
c:/program files (x86)/cypress/psoc creator/4.3/psoc creator/import/gnu/arm/5.4.1/bin/../lib/gcc/arm-none-eabi/5.4.1/../../../../arm-none-eabi/lib/armv7-m\libg_nano.a(lib_a-errno.o)
[...]
Memory Configuration

Name             Origin             Length             Attributes
rom              0x00000000         0x00040000         xr
ram              0x1fff8000         0x00010000         xrw
*default*        0x00000000         0xffffffff

Linker script and memory map

LOAD c:/program files (x86)/cypress/psoc creator/4.3/psoc creator/import/gnu/arm/5.4.1/bin/../lib/gcc/arm-none-eabi/5.4.1/armv7-m/crti.o
LOAD c:/program files (x86)/cypress/psoc creator/4.3/psoc creator/import/gnu/arm/5.4.1/bin/../lib/gcc/arm-none-eabi/5.4.1/armv7-m/crtbegin.o
LOAD c:/program files (x86)/cypress/psoc creator/4.3/psoc creator/import/gnu/arm/5.4.1/bin/../lib/gcc/arm-none-eabi/5.4.1/../../../../arm-none-eabi/lib/armv7-m/crt0.o
START GROUP
LOAD .\CortexM3\ARM_GCC_541\Debug\main.o
LOAD .\CortexM3\ARM_GCC_541\Debug\I2C_Interface.o
LOAD .\CortexM3\ARM_GCC_541\Debug\InterruptRoutines.o
LOAD .\CortexM3\ARM_GCC_541\Debug\SW_State.o
LOAD .\CortexM3\ARM_GCC_541\Debug\RGBLedDriver.o
LOAD .\CortexM3\ARM_GCC_541\Debug\SettingParameter.o
LOAD .\CortexM3\ARM_GCC_541\Debug\cyfitter_cfg.o
LOAD .\CortexM3\ARM_GCC_541\Debug\cymetadata.o
LOAD .\CortexM3\ARM_GCC_541\Debug\Cm3Start.o
LOAD .\CortexM3\ARM_GCC_541\Debug\Final_prova.a
LOAD C:\Program Files (x86)\Cypress\PSoC Creator\4.3\PSoC Creator\psoc\content\cycomponentlibrary\CyComponentLibrary.cylib\CortexM3\ARM_GCC_541\Debug\CyComponentLibrary.a
END GROUP
START GROUP
LOAD c:/program files (x86)/cypress/psoc creator/4.3/psoc creator/import/gnu/arm/5.4.1/bin/../lib/gcc/arm-none-eabi/5.4.1/armv7-m\libgcc.a
LOAD c:/program files (x86)/cypress/psoc creator/4.3/psoc creator/import/gnu/arm/5.4.1/bin/../lib/gcc/arm-none-eabi/5.4.1/../../../../arm-none-eabi/lib/armv7-m\libg_nano.a
LOAD c:/program files (x86)/cypress/psoc creator/4.3/psoc creator/import/gnu/arm/5.4.1/bin/../lib/gcc/arm-none-eabi/5.4.1/../../../../arm-none-eabi/lib/armv7-m\libc_nano.a
END GROUP
START GROUP
LOAD c:/program files (x86)/cypress/psoc creator/4.3/psoc creator/import/gnu/arm/5.4.1/bin/../lib/gcc/arm-none-eabi/5.4.1/armv7-m\libgcc.a
LOAD c:/program files (x86)/cypress/psoc creator/4.3/psoc creator/import/gnu/arm/5.4.1/bin/../lib/gcc/arm-none-eabi/5.4.1/../../../../arm-none-eabi/lib/armv7-m\libc_nano.a
END GROUP
LOAD c:/program files (x86)/cypress/psoc creator/4.3/psoc creator/import/gnu/arm/5.4.1/bin/../lib/gcc/arm-none-eabi/5.4.1/armv7-m/crtend.o
LOAD c:/program files (x86)/cypress/psoc creator/4.3/psoc creator/import/gnu/arm/5.4.1/bin/../lib/gcc/arm-none-eabi/5.4.1/armv7-m/crtn.o
START GROUP
LOAD c:/program files (x86)/cypress/psoc creator/4.3/psoc creator/import/gnu/arm/5.4.1/bin/../lib/gcc/arm-none-eabi/5.4.1/armv7-m\libgcc.a
LOAD c:/program files (x86)/cypress/psoc creator/4.3/psoc creator/import/gnu/arm/5.4.1/bin/../lib/gcc/arm-none-eabi/5.4.1/../../../../arm-none-eabi/lib/armv7-m\libc.a
LOAD c:/program files (x86)/cypress/psoc creator/4.3/psoc creator/import/gnu/arm/5.4.1/bin/../lib/gcc/arm-none-eabi/5.4.1/../../../../arm-none-eabi/lib/armv7-m\libnosys.a
END GROUP
                0x00000000                CY_APPL_ORIGIN = 0x0
                0x00000100                CY_FLASH_ROW_SIZE = 0x100
                0x00000020                CY_ECC_ROW_SIZE = 0x20
                0x00000000                CY_EE_IN_BTLDR = 0x0
                0x00000000                CY_APPL_LOADABLE = 0x0
                0x00000800                CY_EE_SIZE = 0x800
                0x00000001                CY_APPL_NUM = 0x1
                0x00000001                CY_APPL_MAX = 0x1
                0x00000040                CY_METADATA_SIZE = 0x40
                0x00000000                CY_APPL_LOADABLE = 0x0
                0x00000000                CY_CHECKSUM_EXCLUDE_SIZE = ALIGN (0x0, CY_FLASH_ROW_SIZE)
                [!provide]                PROVIDE (__cy_heap_start, _end)
                0x00000001                PROVIDE (__cy_region_num, ((__cy_regions_end - __cy_regions) / 0x10))
                0x20008000                PROVIDE (__cy_stack, (ORIGIN (ram) + LENGTH (ram)))
                [!provide]                PROVIDE (__cy_heap_end, (__cy_stack - 0x800))

.cybootloader   0x00000000        0x0
 *(.cybootloader)
                0x00000000                appl1_start = CY_APPL_ORIGIN?CY_APPL_ORIGIN:ALIGN (CY_FLASH_ROW_SIZE)
                0x0001ff00                appl2_start = (appl1_start + ALIGN ((((LENGTH (rom) - appl1_start) - (0x2 * CY_FLASH_ROW_SIZE)) / 0x2), CY_FLASH_ROW_SIZE))
                0x00000000                appl_start = (CY_APPL_NUM == 0x1)?appl1_start:appl2_start
                0x00000000                ecc_offset = ((appl_start / CY_FLASH_ROW_SIZE) * CY_ECC_ROW_SIZE)
                0x00000000                ee_offset = (CY_APPL_LOADABLE && ! (CY_EE_IN_BTLDR))?((CY_EE_SIZE / CY_APPL_MAX) * (CY_APPL_NUM - 0x1)):0x0
                0x00000800                ee_size = (CY_APPL_LOADABLE && ! (CY_EE_IN_BTLDR))?(CY_EE_SIZE / CY_APPL_MAX):CY_EE_SIZE
                [!provide]                PROVIDE (CY_ECC_OFFSET, ecc_offset)

.text           0x00000000     0x20f0
 CREATE_OBJECT_SYMBOLS
                0x00000000                PROVIDE (__cy_interrupt_vector, RomVectors)
 *(.romvectors)
 .romvectors    0x00000000       0x10 .\CortexM3\ARM_GCC_541\Debug\Cm3Start.o
                0x00000000                RomVectors
                0x00000001                ASSERT ((. != __cy_interrupt_vector), No interrupt vector)
                0x00000001                ASSERT (CY_APPL_ORIGIN?(SIZEOF (.cybootloader) <= CY_APPL_ORIGIN):0x1, Wrong image location)
                0x00000010                PROVIDE (__cy_reset, Reset)
 *(.text.Reset)
 .text.Reset    0x00000010       0x18 .\CortexM3\ARM_GCC_541\Debug\Cm3Start.o
                0x00000010                Reset
                0x00000001                ASSERT ((. != __cy_reset), No reset code)
 *(.dma_init)
                0x00000001                ASSERT ((((appl_start + .) <= 0x10000) || 0x1), DMA Init must be within the first 64k of flash)
 *(.text .text.* .gnu.linkonce.t.*)
 .text          0x00000028       0x5c c:/program files (x86)/cypress/psoc creator/4.3/psoc creator/import/gnu/arm/5.4.1/bin/../lib/gcc/arm-none-eabi/5.4.1/armv7-m/crtbegin.o
 .text.main     0x00000084      0x440 .\CortexM3\ARM_GCC_541\Debug\main.o
                0x00000084                main
 .text.I2C_Peripheral_Start
                0x000004c4        0xc .\CortexM3\ARM_GCC_541\Debug\I2C_Interface.o
                0x000004c4                I2C_Peripheral_Start
 .text.I2C_Peripheral_ReadRegister
                0x000004d0       0x3c .\CortexM3\ARM_GCC_541\Debug\I2C_Interface.o
                0x000004d0                I2C_Peripheral_ReadRegister
 .text.I2C_Peripheral_ReadRegisterMulti
                0x0000050c       0x64 .\CortexM3\ARM_GCC_541\Debug\I2C_Interface.o
                0x0000050c                I2C_Peripheral_ReadRegisterMulti
 .text.I2C_Peripheral_WriteRegister
                0x00000570       0x30 .\CortexM3\ARM_GCC_541\Debug\I2C_Interface.o
                0x00000570                I2C_Peripheral_WriteRegister
 .text.Switch_ISR
                0x000005a0       0x18 .\CortexM3\ARM_GCC_541\Debug\InterruptRoutines.o
                0x000005a0                Switch_ISR
 .text.Switch_State
                0x000005b8       0xf4 .\CortexM3\ARM_GCC_541\Debug\SW_State.o
                0x000005b8                Switch_State
 .text.RGBLed_Start
                0x000006ac        0xc .\CortexM3\ARM_GCC_541\Debug\RGBLedDriver.o
                0x000006ac                RGBLed_Start
 .text.RGBLed_Stop
                0x000006b8        0xc .\CortexM3\ARM_GCC_541\Debug\RGBLedDriver.o
                0x000006b8                RGBLed_Stop
 .text.set_PWM  0x000006c4      0x28c .\CortexM3\ARM_GCC_541\Debug\RGBLedDriver.o
                0x000006c4                set_PWM
 .text.CyClockStartupError
                0x00000950        0x4 .\CortexM3\ARM_GCC_541\Debug\cyfitter_cfg.o
 .text.cfg_write_bytes32
                0x00000954       0x34 .\CortexM3\ARM_GCC_541\Debug\cyfitter_cfg.o
 .text.AnalogSetDefault
                0x00000988       0x40 .\CortexM3\ARM_GCC_541\Debug\cyfitter_cfg.o
 .text.CYMEMZERO
                0x000009c8        0xc .\CortexM3\ARM_GCC_541\Debug\cyfitter_cfg.o
 .text.CYCONFIGCPY
                0x000009d4        0x8 .\CortexM3\ARM_GCC_541\Debug\cyfitter_cfg.o
 .text.ClockSetup
                0x000009dc      0x138 .\CortexM3\ARM_GCC_541\Debug\cyfitter_cfg.o
 .text.cyfitter_cfg
                0x00000b14      0x13c .\CortexM3\ARM_GCC_541\Debug\cyfitter_cfg.o
                0x00000b14                cyfitter_cfg
 .text.IntDefaultHandler
                0x00000c50       0x10 .\CortexM3\ARM_GCC_541\Debug\Cm3Start.o
                0x00000c50                IntDefaultHandler
 .text._sbrk    0x00000c60       0x30 .\CortexM3\ARM_GCC_541\Debug\Cm3Start.o
                0x00000c60                _sbrk
 .text.Start_c  0x00000c90       0x4c .\CortexM3\ARM_GCC_541\Debug\Cm3Start.o
                0x00000c90                Start_c
 .text.initialize_psoc
                0x00000cdc       0x68 .\CortexM3\ARM_GCC_541\Debug\Cm3Start.o
                0x00000cdc                initialize_psoc
 .text.UART_Init
                0x00000d44       0x24 .\CortexM3\ARM_GCC_541\Debug\Final_prova.a(UART.o)
                0x00000d44                UART_Init
 .text.UART_Enable
                0x00000d68       0x38 .\CortexM3\ARM_GCC_541\Debug\Final_prova.a(UART.o)
                0x00000d68                UART_Enable
 .text.UART_Start
                0x00000da0       0x1c .\CortexM3\ARM_GCC_541\Debug\Final_prova.a(UART.o)
                0x00000da0                UART_Start
 .text.UART_PutChar
                0x00000dbc       0x18 .\CortexM3\ARM_GCC_541\Debug\Final_prova.a(UART.o)
                0x00000dbc                UART_PutChar
 .text.UART_PutString
                0x00000dd4       0x24 .\CortexM3\ARM_GCC_541\Debug\Final_prova.a(UART.o)
                0x00000dd4                UART_PutString
 .text.I2C_Master_Init
                0x00000df8       0x68 .\CortexM3\ARM_GCC_541\Debug\Final_prova.a(I2C_Master.o)
                0x00000df8                I2C_Master_Init
 .text.I2C_Master_Enable
                0x00000e60       0x24 .\CortexM3\ARM_GCC_541\Debug\Final_prova.a(I2C_Master.o)
                0x00000e60                I2C_Master_Enable
 .text.I2C_Master_Start
                0x00000e84       0x28 .\CortexM3\ARM_GCC_541\Debug\Final_prova.a(I2C_Master.o)
                0x00000e84                I2C_Master_Start
 .text.I2C_Master_ISR
                0x00000eac      0x2d0 .\CortexM3\ARM_GCC_541\Debug\Final_prova.a(I2C_Master_INT.o)
                0x00000eac                I2C_Master_ISR
 .text.I2C_Master_MasterSendStart
                0x0000117c       0x80 .\CortexM3\ARM_GCC_541\Debug\Final_prova.a(I2C_Master_MASTER.o)
                0x0000117c                I2C_Master_MasterSendStart
 .text.I2C_Master_MasterSendRestart
                0x000011fc       0x6c .\CortexM3\ARM_GCC_541\Debug\Final_prova.a(I2C_Master_MASTER.o)
                0x000011fc                I2C_Master_MasterSendRestart
 .text.I2C_Master_MasterSendStop
                0x00001268       0x38 .\CortexM3\ARM_GCC_541\Debug\Final_prova.a(I2C_Master_MASTER.o)
                0x00001268                I2C_Master_MasterSendStop
 .text.I2C_Master_MasterWriteByte
                0x000012a0       0x58 .\CortexM3\ARM_GCC_541\Debug\Final_prova.a(I2C_Master_MASTER.o)
                0x000012a0                I2C_Master_MasterWriteByte
 .text.I2C_Master_MasterReadByte
                0x000012f8       0x58 .\CortexM3\ARM_GCC_541\Debug\Final_prova.a(I2C_Master_MASTER.o)
                0x000012f8                I2C_Master_MasterReadByte
 .text.PWM_B_Enable
                0x00001350       0x10 .\CortexM3\ARM_GCC_541\Debug\Final_prova.a(PWM_B.o)
                0x00001350                PWM_B_Enable
 .text.PWM_B_Stop
                0x00001360       0x10 .\CortexM3\ARM_GCC_541\Debug\Final_prova.a(PWM_B.o)
                0x00001360                PWM_B_Stop
 .text.PWM_B_WriteCounter
                0x00001370        0xc .\CortexM3\ARM_GCC_541\Debug\Final_prova.a(PWM_B.o)
                0x00001370                PWM_B_WriteCounter
 .text.PWM_B_WritePeriod
                0x0000137c        0xc .\CortexM3\ARM_GCC_541\Debug\Final_prova.a(PWM_B.o)
                0x0000137c                PWM_B_WritePeriod
 .text.PWM_B_WriteCompare
                0x00001388        0xc .\CortexM3\ARM_GCC_541\Debug\Final_prova.a(PWM_B.o)
                0x00001388                PWM_B_WriteCompare
 .text.PWM_B_SetInterruptMode
                0x00001394        0xc .\CortexM3\ARM_GCC_541\Debug\Final_prova.a(PWM_B.o)
                0x00001394                PWM_B_SetInterruptMode
 .text.PWM_B_ReadStatusRegister
                0x000013a0        0xc .\CortexM3\ARM_GCC_541\Debug\Final_prova.a(PWM_B.o)
                0x000013a0                PWM_B_ReadStatusRegister
 .text.PWM_B_ReadCapture
                0x000013ac        0xc .\CortexM3\ARM_GCC_541\Debug\Final_prova.a(PWM_B.o)
                0x000013ac                PWM_B_ReadCapture
 .text.PWM_B_ClearFIFO
                0x000013b8       0x14 .\CortexM3\ARM_GCC_541\Debug\Final_prova.a(PWM_B.o)
                0x000013b8                PWM_B_ClearFIFO
 .text.PWM_B_Init
                0x000013cc       0x50 .\CortexM3\ARM_GCC_541\Debug\Final_prova.a(PWM_B.o)
                0x000013cc                PWM_B_Init
 .text.PWM_B_Start
                0x0000141c       0x1c .\CortexM3\ARM_GCC_541\Debug\Final_prova.a(PWM_B.o)
                0x0000141c                PWM_B_Start
 .text.PWM_RG_Enable
                0x00001438       0x10 .\CortexM3\ARM_GCC_541\Debug\Final_prova.a(PWM_RG.o)
                0x00001438                PWM_RG_Enable
 .text.PWM_RG_Stop
                0x00001448       0x10 .\CortexM3\ARM_GCC_541\Debug\Final_prova.a(PWM_RG.o)
                0x00001448                PWM_RG_Stop
 .text.PWM_RG_WriteCounter
                0x00001458        0xc .\CortexM3\ARM_GCC_541\Debug\Final_prova.a(PWM_RG.o)
                0x00001458                PWM_RG_WriteCounter
 .text.PWM_RG_WritePeriod
                0x00001464        0xc .\CortexM3\ARM_GCC_541\Debug\Final_prova.a(PWM_RG.o)
                0x00001464                PWM_RG_WritePeriod
 .text.PWM_RG_WriteCompare1
                0x00001470        0xc .\CortexM3\ARM_GCC_541\Debug\Final_prova.a(PWM_RG.o)
                0x00001470                PWM_RG_WriteCompare1
 .text.PWM_RG_WriteCompare2
                0x0000147c        0xc .\CortexM3\ARM_GCC_541\Debug\Final_prova.a(PWM_RG.o)
                0x0000147c                PWM_RG_WriteCompare2
 .text.PWM_RG_SetInterruptMode
                0x00001488        0xc .\CortexM3\ARM_GCC_541\Debug\Final_prova.a(PWM_RG.o)
                0x00001488                PWM_RG_SetInterruptMode
 .text.PWM_RG_ReadStatusRegister
                0x00001494        0xc .\CortexM3\ARM_GCC_541\Debug\Final_prova.a(PWM_RG.o)
                0x00001494                PWM_RG_ReadStatusRegister
 .text.PWM_RG_ReadCapture
                0x000014a0        0xc .\CortexM3\ARM_GCC_541\Debug\Final_prova.a(PWM_RG.o)
                0x000014a0                PWM_RG_ReadCapture
 .text.PWM_RG_ClearFIFO
                0x000014ac       0x14 .\CortexM3\ARM_GCC_541\Debug\Final_prova.a(PWM_RG.o)
                0x000014ac                PWM_RG_ClearFIFO
 .text.PWM_RG_Init
                0x000014c0       0x58 .\CortexM3\ARM_GCC_541\Debug\Final_prova.a(PWM_RG.o)
                0x000014c0                PWM_RG_Init
 .text.PWM_RG_Start
                0x00001518       0x1c .\CortexM3\ARM_GCC_541\Debug\Final_prova.a(PWM_RG.o)
                0x00001518                PWM_RG_Start
 .text.UART_IntClock_Start
                0x00001534       0x1c .\CortexM3\ARM_GCC_541\Debug\Final_prova.a(UART_IntClock.o)
                0x00001534                UART_IntClock_Start
 .text.CyHalt   0x00001550        0x4 .\CortexM3\ARM_GCC_541\Debug\Final_prova.a(CyLib.o)
                0x00001550                CyHalt
 .text.CyDelay  0x00001554       0x2c .\CortexM3\ARM_GCC_541\Debug\Final_prova.a(CyLib.o)
                0x00001554                CyDelay
 .text.CyIntSetVector
                0x00001580       0x28 .\CortexM3\ARM_GCC_541\Debug\Final_prova.a(CyLib.o)
                0x00001580                CyIntSetVector
 .text.CyIntSetPriority
                0x000015a8       0x30 .\CortexM3\ARM_GCC_541\Debug\Final_prova.a(CyLib.o)
                0x000015a8                CyIntSetPriority
 .text.BUTTON_Read
                0x000015d8       0x10 .\CortexM3\ARM_GCC_541\Debug\Final_prova.a(BUTTON.o)
                0x000015d8                BUTTON_Read
 .text.PWM_ONBOARD_Enable
                0x000015e8       0x10 .\CortexM3\ARM_GCC_541\Debug\Final_prova.a(PWM_ONBOARD.o)
                0x000015e8                PWM_ONBOARD_Enable
 .text.PWM_ONBOARD_Stop
                0x000015f8       0x10 .\CortexM3\ARM_GCC_541\Debug\Final_prova.a(PWM_ONBOARD.o)
                0x000015f8                PWM_ONBOARD_Stop
 .text.PWM_ONBOARD_WriteCounter
                0x00001608        0xc .\CortexM3\ARM_GCC_541\Debug\Final_prova.a(PWM_ONBOARD.o)
                0x00001608                PWM_ONBOARD_WriteCounter
 .text.PWM_ONBOARD_WritePeriod
                0x00001614        0xc .\CortexM3\ARM_GCC_541\Debug\Final_prova.a(PWM_ONBOARD.o)
                0x00001614                PWM_ONBOARD_WritePeriod
 .text.PWM_ONBOARD_WriteCompare
                0x00001620        0xc .\CortexM3\ARM_GCC_541\Debug\Final_prova.a(PWM_ONBOARD.o)
                0x00001620                PWM_ONBOARD_WriteCompare
 .text.PWM_ONBOARD_SetInterruptMode
                0x0000162c        0xc .\CortexM3\ARM_GCC_541\Debug\Final_prova.a(PWM_ONBOARD.o)
                0x0000162c                PWM_ONBOARD_SetInterruptMode
 .text.PWM_ONBOARD_ReadStatusRegister
                0x00001638        0xc .\CortexM3\ARM_GCC_541\Debug\Final_prova.a(PWM_ONBOARD.o)
                0x00001638                PWM_ONBOARD_ReadStatusRegister
 .text.PWM_ONBOARD_ReadCapture
                0x00001644        0xc .\CortexM3\ARM_GCC_541\Debug\Final_prova.a(PWM_ONBOARD.o)
                0x00001644                PWM_ONBOARD_ReadCapture
 .text.PWM_ONBOARD_ClearFIFO
                0x00001650       0x14 .\CortexM3\ARM_GCC_541\Debug\Final_prova.a(PWM_ONBOARD.o)
                0x00001650                PWM_ONBOARD_ClearFIFO
 .text.PWM_ONBOARD_Init
                0x00001664       0x50 .\CortexM3\ARM_GCC_541\Debug\Final_prova.a(PWM_ONBOARD.o)
                0x00001664                PWM_ONBOARD_Init
 .text.PWM_ONBOARD_Start
                0x000016b4       0x1c .\CortexM3\ARM_GCC_541\Debug\Final_prova.a(PWM_ONBOARD.o)
                0x000016b4                PWM_ONBOARD_Start
 .text.ISR_SW_SetVector
                0x000016d0        0xc .\CortexM3\ARM_GCC_541\Debug\Final_prova.a(ISR_SW.o)
                0x000016d0                ISR_SW_SetVector
 .text.ISR_SW_SetPriority
                0x000016dc       0x10 .\CortexM3\ARM_GCC_541\Debug\Final_prova.a(ISR_SW.o)
                0x000016dc                ISR_SW_SetPriority
 .text.ISR_SW_Enable
                0x000016ec        0xc .\CortexM3\ARM_GCC_541\Debug\Final_prova.a(ISR_SW.o)
                0x000016ec                ISR_SW_Enable
 .text.ISR_SW_Disable
                0x000016f8        0xc .\CortexM3\ARM_GCC_541\Debug\Final_prova.a(ISR_SW.o)
                0x000016f8                ISR_SW_Disable
 .text.ISR_SW_StartEx
                0x00001704       0x1c .\CortexM3\ARM_GCC_541\Debug\Final_prova.a(ISR_SW.o)
                0x00001704                ISR_SW_StartEx
 .text.Timer_SW_Enable
                0x00001720       0x28 .\CortexM3\ARM_GCC_541\Debug\Final_prova.a(Timer_SW.o)
                0x00001720                Timer_SW_Enable
 .text.Timer_SW_SetInterruptMode
                0x00001748        0xc .\CortexM3\ARM_GCC_541\Debug\Final_prova.a(Timer_SW.o)
                0x00001748                Timer_SW_SetInterruptMode
 .text.Timer_SW_WritePeriod
                0x00001754        0xc .\CortexM3\ARM_GCC_541\Debug\Final_prova.a(Timer_SW.o)
                0x00001754                Timer_SW_WritePeriod
 .text.Timer_SW_WriteCounter
                0x00001760        0xc .\CortexM3\ARM_GCC_541\Debug\Final_prova.a(Timer_SW.o)
                0x00001760                Timer_SW_WriteCounter
 .text.Timer_SW_Init
                0x0000176c       0x68 .\CortexM3\ARM_GCC_541\Debug\Final_prova.a(Timer_SW.o)
                0x0000176c                Timer_SW_Init
 .text.Timer_SW_Start
                0x000017d4       0x1c .\CortexM3\ARM_GCC_541\Debug\Final_prova.a(Timer_SW.o)
                0x000017d4                Timer_SW_Start
 .text.Timer_SW_ReadCounter
                0x000017f0       0x14 .\CortexM3\ARM_GCC_541\Debug\Final_prova.a(Timer_SW.o)
                0x000017f0                Timer_SW_ReadCounter
 *fill*         0x00001804        0x4 
 .text          0x00001808       0x20 .\CortexM3\ARM_GCC_541\Debug\Final_prova.a(CyBootAsmGnu.o)
                0x00001808                CyDelayCycles
                0x00001818                CyEnterCriticalSection
                0x00001820                CyExitCriticalSection
 .text.__errno  0x00001828        0xc c:/program files (x86)/cypress/psoc creator/4.3/psoc creator/import/gnu/arm/5.4.1/bin/../lib/gcc/arm-none-eabi/5.4.1/../../../../arm-none-eabi/lib/armv7-m\libg_nano.a(lib_a-errno.o)
                0x00001828                __errno
 .text.__libc_init_array
                0x00001834       0x4c c:/program files (x86)/cypress/psoc creator/4.3/psoc creator/import/gnu/arm/5.4.1/bin/../lib/gcc/arm-none-eabi/5.4.1/../../../../arm-none-eabi/lib/armv7-m\libg_nano.a(lib_a-init.o)
                0x00001834                __libc_init_array
 .text.memcpy   0x00001880       0x16 c:/program files (x86)/cypress/psoc creator/4.3/psoc creator/import/gnu/arm/5.4.1/bin/../lib/gcc/arm-none-eabi/5.4.1/../../../../arm-none-eabi/lib/armv7-m\libg_nano.a(lib_a-memcpy-stub.o)
                0x00001880                memcpy
 .text.memset   0x00001896       0x10 c:/program files (x86)/cypress/psoc creator/4.3/psoc creator/import/gnu/arm/5.4.1/bin/../lib/gcc/arm-none-eabi/5.4.1/../../../../arm-none-eabi/lib/armv7-m\libg_nano.a(lib_a-memset.o)
                0x00001896                memset
 *fill*         0x000018a6        0x2 
 .text.sprintf  0x000018a8       0x48 c:/program files (x86)/cypress/psoc creator/4.3/psoc creator/import/gnu/arm/5.4.1/bin/../lib/gcc/arm-none-eabi/5.4.1/../../../../arm-none-eabi/lib/armv7-m\libg_nano.a(lib_a-sprintf.o)
                0x000018a8                siprintf
                0x000018a8                sprintf
 .text.__ssputs_r
                0x000018f0       0xb2 c:/program files (x86)/cypress/psoc creator/4.3/psoc creator/import/gnu/arm/5.4.1/bin/../lib/gcc/arm-none-eabi/5.4.1/../../../../arm-none-eabi/lib/armv7-m\libg_nano.a(lib_a-nano-svfprintf.o)
                0x000018f0                __ssputs_r
 *fill*         0x000019a2        0x2 
 .text._svfprintf_r
                0x000019a4      0x1e8 c:/program files (x86)/cypress/psoc creator/4.3/psoc creator/import/gnu/arm/5.4.1/bin/../lib/gcc/arm-none-eabi/5.4.1/../../../../arm-none-eabi/lib/armv7-m\libg_nano.a(lib_a-nano-svfprintf.o)
                0x000019a4                _svfiprintf_r
                0x000019a4                _svfprintf_r
 .text._printf_common
                0x00001b8c       0xec c:/program files (x86)/cypress/psoc creator/4.3/psoc creator/import/gnu/arm/5.4.1/bin/../lib/gcc/arm-none-eabi/5.4.1/../../../../arm-none-eabi/lib/armv7-m\libg_nano.a(lib_a-nano-vfprintf_i.o)
                0x00001b8c                _printf_common
 .text._printf_i
                0x00001c78      0x24c c:/program files (x86)/cypress/psoc creator/4.3/psoc creator/import/gnu/arm/5.4.1/bin/../lib/gcc/arm-none-eabi/5.4.1/../../../../arm-none-eabi/lib/armv7-m\libg_nano.a(lib_a-nano-vfprintf_i.o)
                0x00001c78                _printf_i
 .text.memchr   0x00001ec4       0x1c c:/program files (x86)/cypress/psoc creator/4.3/psoc creator/import/gnu/arm/5.4.1/bin/../lib/gcc/arm-none-eabi/5.4.1/../../../../arm-none-eabi/lib/armv7-m\libg_nano.a(lib_a-memchr-stub.o)
                0x00001ec4                memchr
 .text.memmove  0x00001ee0       0x36 c:/program files (x86)/cypress/psoc creator/4.3/psoc creator/import/gnu/arm/5.4.1/bin/../lib/gcc/arm-none-eabi/5.4.1/../../../../arm-none-eabi/lib/armv7-m\libg_nano.a(lib_a-memmove.o)
                0x00001ee0                memmove
 *fill*         0x00001f16        0x2 
 .text._free_r  0x00001f18       0x98 c:/program files (x86)/cypress/psoc creator/4.3/psoc creator/import/gnu/arm/5.4.1/bin/../lib/gcc/arm-none-eabi/5.4.1/../../../../arm-none-eabi/lib/armv7-m\libg_nano.a(lib_a-nano-freer.o)
                0x00001f18                _free_r
 .text._malloc_r
                0x00001fb0       0xbc c:/program files (x86)/cypress/psoc creator/4.3/psoc creator/import/gnu/arm/5.4.1/bin/../lib/gcc/arm-none-eabi/5.4.1/../../../../arm-none-eabi/lib/armv7-m\libg_nano.a(lib_a-nano-mallocr.o)
                0x00001fb0                _malloc_r
 .text._realloc_r
                0x0000206c       0x4c c:/program files (x86)/cypress/psoc creator/4.3/psoc creator/import/gnu/arm/5.4.1/bin/../lib/gcc/arm-none-eabi/5.4.1/../../../../arm-none-eabi/lib/armv7-m\libg_nano.a(lib_a-nano-reallocr.o)
                0x0000206c                _realloc_r
 .text._sbrk_r  0x000020b8       0x20 c:/program files (x86)/cypress/psoc creator/4.3/psoc creator/import/gnu/arm/5.4.1/bin/../lib/gcc/arm-none-eabi/5.4.1/../../../../arm-none-eabi/lib/armv7-m\libg_nano.a(lib_a-sbrkr.o)
                0x000020b8                _sbrk_r
 .text.__malloc_lock
                0x000020d8        0x2 c:/program files (x86)/cypress/psoc creator/4.3/psoc creator/import/gnu/arm/5.4.1/bin/../lib/gcc/arm-none-eabi/5.4.1/../../../../arm-none-eabi/lib/armv7-m\libg_nano.a(lib_a-mlock.o)
                0x000020d8                __malloc_lock
 .text.__malloc_unlock
                0x000020da        0x2 c:/program files (x86)/cypress/psoc creator/4.3/psoc creator/import/gnu/arm/5.4.1/bin/../lib/gcc/arm-none-eabi/5.4.1/../../../../arm-none-eabi/lib/armv7-m\libg_nano.a(lib_a-mlock.o)
                0x000020da                __malloc_unlock
 .text._malloc_usable_size_r
                0x000020dc       0x14 c:/program files (x86)/cypress/psoc creator/4.3/psoc creator/import/gnu/arm/5.4.1/bin/../lib/gcc/arm-none-eabi/5.4.1/../../../../arm-none-eabi/lib/armv7-m\libg_nano.a(lib_a-nano-msizer.o)
                0x000020dc                _malloc_usable_size_r
 *(.plt)
 *(.gnu.warning)
 *(.glue_7t)
 .glue_7t       0x000020f0        0x0 linker stubs
 *(.glue_7)
 .glue_7        0x000020f0        0x0 linker stubs
 *(.vfp11_veneer)
 .vfp11_veneer  0x000020f0        0x0 linker stubs
 *(.bootloader)
 *(.ARM.extab* .gnu.linkonce.armextab.*)
 *(.gcc_except_table)

.v4_bx          0x000020f0        0x0
 .v4_bx         0x000020f0        0x0 linker stubs

.iplt           0x000020f0        0x0
 .iplt          0x000020f0        0x0 c:/program files (x86)/cypress/psoc creator/4.3/psoc creator/import/gnu/arm/5.4.1/bin/../lib/gcc/arm-none-eabi/5.4.1/armv7-m/crtbegin.o

.eh_frame_hdr
 *(.eh_frame_hdr)

.eh_frame       0x000020f0        0x4
 *(.eh_frame)
 .eh_frame      0x000020f0        0x0 c:/program files (x86)/cypress/psoc creator/4.3/psoc creator/import/gnu/arm/5.4.1/bin/../lib/gcc/arm-none-eabi/5.4.1/armv7-m/crtbegin.o
 .eh_frame      0x000020f0        0x4 c:/program files (x86)/cypress/psoc creator/4.3/psoc creator/import/gnu/arm/5.4.1/bin/../lib/gcc/arm-none-eabi/5.4.1/armv7-m/crtend.o
                [!provide]                PROVIDE (__exidx_start, .)

.ARM.exidx
 *(.ARM.exidx* .gnu.linkonce.armexidx.*)
                0x000020f4                __exidx_end = .

.rodata         0x000020f4      0x5fc
 *(.rodata .rodata.* .gnu.linkonce.r.*)
 .rodata.str1.4
                0x000020f4      0x530 .\CortexM3\ARM_GCC_541\Debug\main.o
                                0x52e (size before relaxing)
 .rodata        0x00002624       0x5c .\CortexM3\ARM_GCC_541\Debug\cyfitter_cfg.o
                0x00002624                ADC_DelSig_AMux__addrTable
                0x0000262c                ADC_DelSig_AMux__maskTable
 .rodata.str1.1
                0x00002680        0x2 c:/program files (x86)/cypress/psoc creator/4.3/psoc creator/import/gnu/arm/5.4.1/bin/../lib/gcc/arm-none-eabi/5.4.1/../../../../arm-none-eabi/lib/armv7-m\libg_nano.a(lib_a-impure.o)
 .rodata.str1.1
                0x00002682       0x11 c:/program files (x86)/cypress/psoc creator/4.3/psoc creator/import/gnu/arm/5.4.1/bin/../lib/gcc/arm-none-eabi/5.4.1/../../../../arm-none-eabi/lib/armv7-m\libg_nano.a(lib_a-nano-svfprintf.o)
 .rodata.str1.1
                0x00002693       0x22 c:/program files (x86)/cypress/psoc creator/4.3/psoc creator/import/gnu/arm/5.4.1/bin/../lib/gcc/arm-none-eabi/5.4.1/../../../../arm-none-eabi/lib/armv7-m\libg_nano.a(lib_a-nano-vfprintf_i.o)
                0x000026b8                . = ALIGN (0x4)
 *fill*         0x000026b5        0x3 
 *(.init)
 .init          0x000026b8        0x4 c:/program files (x86)/cypress/psoc creator/4.3/psoc creator/import/gnu/arm/5.4.1/bin/../lib/gcc/arm-none-eabi/5.4.1/armv7-m/crti.o
                0x000026b8                _init
 .init          0x000026bc        0x8 c:/program files (x86)/cypress/psoc creator/4.3/psoc creator/import/gnu/arm/5.4.1/bin/../lib/gcc/arm-none-eabi/5.4.1/armv7-m/crtn.o
                0x000026c4                . = ALIGN (0x4)
                0x000026c4                __preinit_array_start = .
 *(.preinit_array)
                0x000026c4                __preinit_array_end = .
                0x000026c4                . = ALIGN (0x4)
                0x000026c4                __init_array_start = .
 *(SORT(.init_array.*))
 *(.init_array)
 .init_array    0x000026c4        0x4 c:/program files (x86)/cypress/psoc creator/4.3/psoc creator/import/gnu/arm/5.4.1/bin/../lib/gcc/arm-none-eabi/5.4.1/armv7-m/crtbegin.o
 .init_array    0x000026c8        0x4 .\CortexM3\ARM_GCC_541\Debug\Cm3Start.o
                0x000026cc                __init_array_end = .
                0x000026cc                . = ALIGN (0x4)
 *(.fini)
 .fini          0x000026cc        0x4 c:/program files (x86)/cypress/psoc creator/4.3/psoc creator/import/gnu/arm/5.4.1/bin/../lib/gcc/arm-none-eabi/5.4.1/armv7-m/crti.o
                0x000026cc                _fini
 .fini          0x000026d0        0x8 c:/program files (x86)/cypress/psoc creator/4.3/psoc creator/import/gnu/arm/5.4.1/bin/../lib/gcc/arm-none-eabi/5.4.1/armv7-m/crtn.o
                0x000026d8                . = ALIGN (0x4)
                0x000026d8                __fini_array_start = .
 *(.fini_array)
 .fini_array    0x000026d8        0x4 c:/program files (x86)/cypress/psoc creator/4.3/psoc creator/import/gnu/arm/5.4.1/bin/../lib/gcc/arm-none-eabi/5.4.1/armv7-m/crtbegin.o
 *(SORT(.fini_array.*))
                0x000026dc                __fini_array_end = .
                0x000026dc                . = ALIGN (0x4)
 *crtbegin.o(.ctors)
 *(EXCLUDE_FILE(*crtend.o) .ctors)
 *(SORT(.ctors.*))
 *crtend.o(.ctors)
                0x000026dc                . = ALIGN (0x4)
 *crtbegin.o(.dtors)
 *(EXCLUDE_FILE(*crtend.o) .dtors)
 *(SORT(.dtors.*))
 *crtend.o(.dtors)
                0x000026dc                . = ALIGN (0x4)
                0x000026dc                __cy_regions = .
                0x000026dc        0x4 LONG 0x26f0 __cy_region_init_ram
                0x000026e0        0x4 LONG 0x1fff80c8 __cy_region_start_data
                0x000026e4        0x4 LONG 0x88 __cy_region_init_size_ram
                0x000026e8        0x4 LONG 0x68 __cy_region_zero_size_ram
                0x000026ec                __cy_regions_end = .
                0x000026f0                . = ALIGN (0x8)
 *fill*         0x000026ec        0x4 
                0x000026f0                _etext = .

.cy_checksum_exclude
                0x000026f0        0x0
 *(.cy_checksum_exclude)

.ramvectors     0x1fff8000       0xc0
                0x1fff8000                __cy_region_start_ram = .
 *(.ramvectors)
 .ramvectors    0x1fff8000       0xc0 .\CortexM3\ARM_GCC_541\Debug\Cm3Start.o
                0x1fff8000                CyRamVectors

.noinit         0x1fff80c0        0x1
 *(.noinit)
 .noinit        0x1fff80c0        0x1 .\CortexM3\ARM_GCC_541\Debug\Final_prova.a(CyLib.o)
                0x1fff80c0                CyResetStatus

.data           0x1fff80c8       0x88 load address 0x000026f0
                0x1fff80c8                __cy_region_start_data = .
 *(.jcr)
 .jcr           0x1fff80c8        0x0 c:/program files (x86)/cypress/psoc creator/4.3/psoc creator/import/gnu/arm/5.4.1/bin/../lib/gcc/arm-none-eabi/5.4.1/armv7-m/crtbegin.o
 .jcr           0x1fff80c8        0x4 c:/program files (x86)/cypress/psoc creator/4.3/psoc creator/import/gnu/arm/5.4.1/bin/../lib/gcc/arm-none-eabi/5.4.1/armv7-m/crtend.o
 *(.got.plt)
 *(.got)
 *(.shdata)
 *(.data .data.* .gnu.linkonce.d.*)
 .data          0x1fff80cc        0x4 .\CortexM3\ARM_GCC_541\Debug\main.o
                0x1fff80cc                state
 .data          0x1fff80d0        0x8 .\CortexM3\ARM_GCC_541\Debug\SW_State.o
                0x1fff80d0                device_state
                0x1fff80d4                t_dbl_click
 .data          0x1fff80d8        0x4 .\CortexM3\ARM_GCC_541\Debug\Cm3Start.o
 .data          0x1fff80dc       0x10 .\CortexM3\ARM_GCC_541\Debug\Final_prova.a(CyLib.o)
                0x1fff80dc                cydelay_32k_ms
                0x1fff80e0                cydelay_freq_khz
                0x1fff80e4                cydelay_freq_mhz
                0x1fff80e8                cydelay_freq_hz
 .data.impure_data
                0x1fff80ec       0x60 c:/program files (x86)/cypress/psoc creator/4.3/psoc creator/import/gnu/arm/5.4.1/bin/../lib/gcc/arm-none-eabi/5.4.1/../../../../arm-none-eabi/lib/armv7-m\libg_nano.a(lib_a-impure.o)
 .data._impure_ptr
                0x1fff814c        0x4 c:/program files (x86)/cypress/psoc creator/4.3/psoc creator/import/gnu/arm/5.4.1/bin/../lib/gcc/arm-none-eabi/5.4.1/../../../../arm-none-eabi/lib/armv7-m\libg_nano.a(lib_a-impure.o)
                0x1fff814c                _impure_ptr
                0x1fff8150                . = ALIGN (0x8)
 *(.ram)
                0x1fff8150                _edata = .

.igot.plt       0x1fff8150        0x0 load address 0x00002778
 .igot.plt      0x1fff8150        0x0 c:/program files (x86)/cypress/psoc creator/4.3/psoc creator/import/gnu/arm/5.4.1/bin/../lib/gcc/arm-none-eabi/5.4.1/armv7-m/crtbegin.o

.bss            0x1fff8150       0x68 load address 0x00002778
                0x1fff8150                PROVIDE (__bss_start__, .)
 *(.shbss)
 *(.bss .bss.* .gnu.linkonce.b.*)
 .bss           0x1fff8150       0x1c c:/program files (x86)/cypress/psoc creator/4.3/psoc creator/import/gnu/arm/5.4.1/bin/../lib/gcc/arm-none-eabi/5.4.1/armv7-m/crtbegin.o
 .bss           0x1fff816c       0x10 .\CortexM3\ARM_GCC_541\Debug\SW_State.o
                0x1fff816c                t_press
                0x1fff8170                time_now
                0x1fff8174                time_elapsed
                0x1fff8178                double_click
 .bss           0x1fff817c        0x2 .\CortexM3\ARM_GCC_541\Debug\Final_prova.a(UART.o)
                0x1fff817c                UART_initVar
 .bss           0x1fff817e        0x1 .\CortexM3\ARM_GCC_541\Debug\Final_prova.a(I2C_Master.o)
                0x1fff817e                I2C_Master_initVar
 .bss           0x1fff817f        0x1 .\CortexM3\ARM_GCC_541\Debug\Final_prova.a(PWM_B.o)
                0x1fff817f                PWM_B_initVar
 .bss           0x1fff8180        0x1 .\CortexM3\ARM_GCC_541\Debug\Final_prova.a(PWM_RG.o)
                0x1fff8180                PWM_RG_initVar
 .bss           0x1fff8181        0x1 .\CortexM3\ARM_GCC_541\Debug\Final_prova.a(PWM_ONBOARD.o)
                0x1fff8181                PWM_ONBOARD_initVar
 .bss           0x1fff8182        0x1 .\CortexM3\ARM_GCC_541\Debug\Final_prova.a(Timer_SW.o)
                0x1fff8182                Timer_SW_initVar
 *fill*         0x1fff8183        0x1 
 .bss.__malloc_sbrk_start
                0x1fff8184        0x4 c:/program files (x86)/cypress/psoc creator/4.3/psoc creator/import/gnu/arm/5.4.1/bin/../lib/gcc/arm-none-eabi/5.4.1/../../../../arm-none-eabi/lib/armv7-m\libg_nano.a(lib_a-nano-mallocr.o)
                0x1fff8184                __malloc_sbrk_start
 .bss.__malloc_free_list
                0x1fff8188        0x4 c:/program files (x86)/cypress/psoc creator/4.3/psoc creator/import/gnu/arm/5.4.1/bin/../lib/gcc/arm-none-eabi/5.4.1/../../../../arm-none-eabi/lib/armv7-m\libg_nano.a(lib_a-nano-mallocr.o)
                0x1fff8188                __malloc_free_list
 *(COMMON)
 COMMON         0x1fff818c        0x8 .\CortexM3\ARM_GCC_541\Debug\main.o
                0x1fff818c                button_pressed
                0x1fff8190                click_count
 COMMON         0x1fff8194        0xc .\CortexM3\ARM_GCC_541\Debug\RGBLedDriver.o
                0x1fff8194                fullscale_range
                0x1fff8198                direction
                0x1fff819a                step
                0x1fff819c                sensitivity
 COMMON         0x1fff81a0        0x1 .\CortexM3\ARM_GCC_541\Debug\Final_prova.a(I2C_Master.o)
                0x1fff81a0                I2C_Master_state
 *fill*         0x1fff81a1        0x3 
 COMMON         0x1fff81a4        0xf .\CortexM3\ARM_GCC_541\Debug\Final_prova.a(I2C_Master_MASTER.o)
                0x1fff81a4                I2C_Master_mstrRdBufIndex
                0x1fff81a5                I2C_Master_mstrWrBufIndex
                0x1fff81a6                I2C_Master_mstrWrBufSize
                0x1fff81a8                I2C_Master_mstrWrBufPtr
                0x1fff81ac                I2C_Master_mstrRdBufPtr
                0x1fff81b0                I2C_Master_mstrControl
                0x1fff81b1                I2C_Master_mstrStatus
                0x1fff81b2                I2C_Master_mstrRdBufSize
 *fill*         0x1fff81b3        0x1 
 COMMON         0x1fff81b4        0x4 c:/program files (x86)/cypress/psoc creator/4.3/psoc creator/import/gnu/arm/5.4.1/bin/../lib/gcc/arm-none-eabi/5.4.1/../../../../arm-none-eabi/lib/armv7-m\libg_nano.a(lib_a-reent.o)
                0x1fff81b4                errno
                0x1fff81b8                . = ALIGN (0x8)
 *(.ram.b)
                0x1fff81b8                _end = .
                0x1fff81b8                __end = .
                0x1fff81b8                PROVIDE (end, .)
                0x1fff81b8                PROVIDE (__bss_end__, .)
                0x000026f0                __cy_region_init_ram = LOADADDR (.data)
                0x00000088                __cy_region_init_size_ram = (_edata - ADDR (.data))
                0x00000068                __cy_region_zero_size_ram = (_end - _edata)

.heap           0x1fff81b8       0x80 load address 0x00002778
                0x1fff81b8                . = _end
                0x1fff8238                . = (. + 0x80)
 *fill*         0x1fff81b8       0x80 
                0x1fff8238                __cy_heap_limit = .

.stack          0x20007800      0x800
                0x20007800                __cy_stack_limit = .
                0x20008000                . = (. + 0x800)
 *fill*         0x20007800      0x800 
                0x00000001                ASSERT ((__cy_stack_limit >= __cy_heap_limit), region RAM overflowed with stack)
                0x00000000                cy_checksum_exclude_size = (CY_APPL_LOADABLE == 0x1)?SIZEOF (.cy_checksum_exclude):0x0
                0x00000001                ASSERT ((cy_checksum_exclude_size <= CY_CHECKSUM_EXCLUDE_SIZE), CY_BOOT: Section .cy_checksum_exclude size exceedes specified limit.)

.cyloadermeta
 *(.cyloadermeta)

.cyloadablemeta
 *(.cyloadablemeta)

.cyconfigecc    0x80000000      0x900
 *(.cyconfigecc)
 .cyconfigecc   0x80000000      0x900 .\CortexM3\ARM_GCC_541\Debug\cymetadata.o
                0x80000000                cy_meta_configecc

.cycustnvl      0x90000000        0x4
 *(.cycustnvl)
 .cycustnvl     0x90000000        0x4 .\CortexM3\ARM_GCC_541\Debug\cymetadata.o
                0x90000000                cy_meta_custnvl

.cywolatch      0x90100000        0x4
 *(.cywolatch)
 .cywolatch     0x90100000        0x4 .\CortexM3\ARM_GCC_541\Debug\cymetadata.o
                0x90100000                cy_meta_wonvl

.cyeeprom       0x90200000        0x0
 *(.cyeeprom)
                0x00000001                ASSERT ((. <= ((0x90200000 + ee_offset) + ee_size)), .cyeeprom data will not fit in EEPROM)

.cyflashprotect
                0x90400000      0x100
 *(.cyflashprotect)
 .cyflashprotect
                0x90400000      0x100 .\CortexM3\ARM_GCC_541\Debug\cymetadata.o
                0x90400000                cy_meta_flashprotect

.cymeta         0x90500000        0xc
 *(.cymeta)
 .cymeta        0x90500000        0xc .\CortexM3\ARM_GCC_541\Debug\cymetadata.o
                0x90500000                cy_metadata

.rel.dyn        0x00002778        0x0 load address 0x9050000c
 .rel.iplt      0x00002778        0x0 c:/program files (x86)/cypress/psoc creator/4.3/psoc creator/import/gnu/arm/5.4.1/bin/../lib/gcc/arm-none-eabi/5.4.1/armv7-m/crtbegin.o

.stab
 *(.stab)

.stabstr
 *(.stabstr)

.debug
 *(.debug)

.line
 *(.line)

.debug_srcinfo
 *(.debug_srcinfo)

.debug_sfnames
 *(.debug_sfnames)

.debug_aranges  0x00000000      0xdf0
 *(.debug_aranges)
 .debug_aranges
                0x00000000       0x20 .\CortexM3\ARM_GCC_541\Debug\main.o
 .debug_aranges
                0x00000020       0x50 .\CortexM3\ARM_GCC_541\Debug\I2C_Interface.o
 .debug_aranges
                0x00000070       0x20 .\CortexM3\ARM_GCC_541\Debug\InterruptRoutines.o
 .debug_aranges
                0x00000090       0x20 .\CortexM3\ARM_GCC_541\Debug\SW_State.o
 .debug_aranges
                0x000000b0       0x30 .\CortexM3\ARM_GCC_541\Debug\RGBLedDriver.o
 .debug_aranges
                0x000000e0       0x20 .\CortexM3\ARM_GCC_541\Debug\SettingParameter.o
 .debug_aranges
                0x00000100       0x68 .\CortexM3\ARM_GCC_541\Debug\cyfitter_cfg.o
 .debug_aranges
                0x00000168       0x18 .\CortexM3\ARM_GCC_541\Debug\cymetadata.o
 .debug_aranges
                0x00000180       0x48 .\CortexM3\ARM_GCC_541\Debug\Cm3Start.o
 .debug_aranges
                0x000001c8       0xf0 .\CortexM3\ARM_GCC_541\Debug\Final_prova.a(UART.o)
 .debug_aranges
                0x000002b8       0x38 .\CortexM3\ARM_GCC_541\Debug\Final_prova.a(I2C_Master.o)
 .debug_aranges
                0x000002f0       0x20 .\CortexM3\ARM_GCC_541\Debug\Final_prova.a(I2C_Master_INT.o)
 .debug_aranges
                0x00000310       0x38 .\CortexM3\ARM_GCC_541\Debug\Final_prova.a(I2C_Master_PM.o)
 .debug_aranges
                0x00000348       0x80 .\CortexM3\ARM_GCC_541\Debug\Final_prova.a(I2C_Master_MASTER.o)
 .debug_aranges
                0x000003c8       0x98 .\CortexM3\ARM_GCC_541\Debug\Final_prova.a(PWM_B.o)
 .debug_aranges
                0x00000460       0xa8 .\CortexM3\ARM_GCC_541\Debug\Final_prova.a(PWM_RG.o)
 .debug_aranges
                0x00000508       0xe8 .\CortexM3\ARM_GCC_541\Debug\Final_prova.a(ADC_DelSig.o)
 .debug_aranges
                0x000005f0       0x38 .\CortexM3\ARM_GCC_541\Debug\Final_prova.a(ADC_DelSig_INT.o)
 .debug_aranges
                0x00000628       0x70 .\CortexM3\ARM_GCC_541\Debug\Final_prova.a(UART_IntClock.o)
 .debug_aranges
                0x00000698       0x30 .\CortexM3\ARM_GCC_541\Debug\Final_prova.a(ADC_DelSig_AMux.o)
 .debug_aranges
                0x000006c8       0x70 .\CortexM3\ARM_GCC_541\Debug\Final_prova.a(ADC_DelSig_Ext_CP_Clk.o)
 .debug_aranges
                0x00000738       0x80 .\CortexM3\ARM_GCC_541\Debug\Final_prova.a(ADC_DelSig_theACLK.o)
 .debug_aranges
                0x000007b8      0x2a0 .\CortexM3\ARM_GCC_541\Debug\Final_prova.a(CyLib.o)
 .debug_aranges
                0x00000a58       0x98 .\CortexM3\ARM_GCC_541\Debug\Final_prova.a(cyPm.o)
 .debug_aranges
                0x00000af0       0x38 .\CortexM3\ARM_GCC_541\Debug\Final_prova.a(BUTTON.o)
 .debug_aranges
                0x00000b28       0x98 .\CortexM3\ARM_GCC_541\Debug\Final_prova.a(PWM_ONBOARD.o)
 .debug_aranges
                0x00000bc0       0x80 .\CortexM3\ARM_GCC_541\Debug\Final_prova.a(ISR_SW.o)
 .debug_aranges
                0x00000c40       0x88 .\CortexM3\ARM_GCC_541\Debug\Final_prova.a(Timer_SW.o)
 .debug_aranges
                0x00000cc8       0x20 .\CortexM3\ARM_GCC_541\Debug\Final_prova.a(CyBootAsmGnu.o)
 .debug_aranges
                0x00000ce8       0x88 .\CortexM3\ARM_GCC_541\Debug\Final_prova.a(CyFlash.o)
 .debug_aranges
                0x00000d70       0x80 .\CortexM3\ARM_GCC_541\Debug\Final_prova.a(CySpc.o)

.debug_pubnames
 *(.debug_pubnames)

.debug_info     0x00000000     0x8513
 *(.debug_info .gnu.linkonce.wi.*)
 .debug_info    0x00000000      0xb3a .\CortexM3\ARM_GCC_541\Debug\main.o
 .debug_info    0x00000b3a      0x4bd .\CortexM3\ARM_GCC_541\Debug\I2C_Interface.o
 .debug_info    0x00000ff7       0xee .\CortexM3\ARM_GCC_541\Debug\InterruptRoutines.o
 .debug_info    0x000010e5      0x194 .\CortexM3\ARM_GCC_541\Debug\SW_State.o
 .debug_info    0x00001279      0x5f2 .\CortexM3\ARM_GCC_541\Debug\RGBLedDriver.o
 .debug_info    0x0000186b      0x232 .\CortexM3\ARM_GCC_541\Debug\SettingParameter.o
 .debug_info    0x00001a9d      0x6c7 .\CortexM3\ARM_GCC_541\Debug\cyfitter_cfg.o
 .debug_info    0x00002164      0x139 .\CortexM3\ARM_GCC_541\Debug\cymetadata.o
 .debug_info    0x0000229d      0x3bb .\CortexM3\ARM_GCC_541\Debug\Cm3Start.o
 .debug_info    0x00002658      0x60c .\CortexM3\ARM_GCC_541\Debug\Final_prova.a(UART.o)
 .debug_info    0x00002c64      0x2ab .\CortexM3\ARM_GCC_541\Debug\Final_prova.a(I2C_Master.o)
 .debug_info    0x00002f0f      0x184 .\CortexM3\ARM_GCC_541\Debug\Final_prova.a(I2C_Master_INT.o)
 .debug_info    0x00003093      0x207 .\CortexM3\ARM_GCC_541\Debug\Final_prova.a(I2C_Master_PM.o)
 .debug_info    0x0000329a      0x407 .\CortexM3\ARM_GCC_541\Debug\Final_prova.a(I2C_Master_MASTER.o)
 .debug_info    0x000036a1      0x333 .\CortexM3\ARM_GCC_541\Debug\Final_prova.a(PWM_B.o)
 .debug_info    0x000039d4      0x381 .\CortexM3\ARM_GCC_541\Debug\Final_prova.a(PWM_RG.o)
 .debug_info    0x00003d55      0xa19 .\CortexM3\ARM_GCC_541\Debug\Final_prova.a(ADC_DelSig.o)
 .debug_info    0x0000476e       0xd3 .\CortexM3\ARM_GCC_541\Debug\Final_prova.a(ADC_DelSig_INT.o)
 .debug_info    0x00004841      0x283 .\CortexM3\ARM_GCC_541\Debug\Final_prova.a(UART_IntClock.o)
 .debug_info    0x00004ac4      0x165 .\CortexM3\ARM_GCC_541\Debug\Final_prova.a(ADC_DelSig_AMux.o)
 .debug_info    0x00004c29      0x283 .\CortexM3\ARM_GCC_541\Debug\Final_prova.a(ADC_DelSig_Ext_CP_Clk.o)
 .debug_info    0x00004eac      0x2c4 .\CortexM3\ARM_GCC_541\Debug\Final_prova.a(ADC_DelSig_theACLK.o)
 .debug_info    0x00005170     0x1374 .\CortexM3\ARM_GCC_541\Debug\Final_prova.a(CyLib.o)
 .debug_info    0x000064e4      0xa2a .\CortexM3\ARM_GCC_541\Debug\Final_prova.a(cyPm.o)
 .debug_info    0x00006f0e      0x11f .\CortexM3\ARM_GCC_541\Debug\Final_prova.a(BUTTON.o)
 .debug_info    0x0000702d      0x333 .\CortexM3\ARM_GCC_541\Debug\Final_prova.a(PWM_ONBOARD.o)
 .debug_info    0x00007360      0x2d2 .\CortexM3\ARM_GCC_541\Debug\Final_prova.a(ISR_SW.o)
 .debug_info    0x00007632      0x295 .\CortexM3\ARM_GCC_541\Debug\Final_prova.a(Timer_SW.o)
 .debug_info    0x000078c7       0xaf .\CortexM3\ARM_GCC_541\Debug\Final_prova.a(CyBootAsmGnu.o)
 .debug_info    0x00007976      0x64d .\CortexM3\ARM_GCC_541\Debug\Final_prova.a(CyFlash.o)
 .debug_info    0x00007fc3      0x550 .\CortexM3\ARM_GCC_541\Debug\Final_prova.a(CySpc.o)

.debug_abbrev   0x00000000     0x2366
 *(.debug_abbrev)
 .debug_abbrev  0x00000000      0x134 .\CortexM3\ARM_GCC_541\Debug\main.o
 .debug_abbrev  0x00000134       0xf5 .\CortexM3\ARM_GCC_541\Debug\I2C_Interface.o
 .debug_abbrev  0x00000229       0x78 .\CortexM3\ARM_GCC_541\Debug\InterruptRoutines.o
 .debug_abbrev  0x000002a1       0xa9 .\CortexM3\ARM_GCC_541\Debug\SW_State.o
 .debug_abbrev  0x0000034a       0xbe .\CortexM3\ARM_GCC_541\Debug\RGBLedDriver.o
 .debug_abbrev  0x00000408       0xee .\CortexM3\ARM_GCC_541\Debug\SettingParameter.o
 .debug_abbrev  0x000004f6      0x22d .\CortexM3\ARM_GCC_541\Debug\cyfitter_cfg.o
 .debug_abbrev  0x00000723       0x77 .\CortexM3\ARM_GCC_541\Debug\cymetadata.o
 .debug_abbrev  0x0000079a      0x1e8 .\CortexM3\ARM_GCC_541\Debug\Cm3Start.o
 .debug_abbrev  0x00000982      0x175 .\CortexM3\ARM_GCC_541\Debug\Final_prova.a(UART.o)
 .debug_abbrev  0x00000af7      0x10a .\CortexM3\ARM_GCC_541\Debug\Final_prova.a(I2C_Master.o)
 .debug_abbrev  0x00000c01       0xb6 .\CortexM3\ARM_GCC_541\Debug\Final_prova.a(I2C_Master_INT.o)
 .debug_abbrev  0x00000cb7       0xfe .\CortexM3\ARM_GCC_541\Debug\Final_prova.a(I2C_Master_PM.o)
 .debug_abbrev  0x00000db5      0x13c .\CortexM3\ARM_GCC_541\Debug\Final_prova.a(I2C_Master_MASTER.o)
 .debug_abbrev  0x00000ef1      0x133 .\CortexM3\ARM_GCC_541\Debug\Final_prova.a(PWM_B.o)
 .debug_abbrev  0x00001024      0x133 .\CortexM3\ARM_GCC_541\Debug\Final_prova.a(PWM_RG.o)
 .debug_abbrev  0x00001157      0x1eb .\CortexM3\ARM_GCC_541\Debug\Final_prova.a(ADC_DelSig.o)
 .debug_abbrev  0x00001342       0x42 .\CortexM3\ARM_GCC_541\Debug\Final_prova.a(ADC_DelSig_INT.o)
 .debug_abbrev  0x00001384      0x139 .\CortexM3\ARM_GCC_541\Debug\Final_prova.a(UART_IntClock.o)
 .debug_abbrev  0x000014bd       0xb1 .\CortexM3\ARM_GCC_541\Debug\Final_prova.a(ADC_DelSig_AMux.o)
 .debug_abbrev  0x0000156e      0x139 .\CortexM3\ARM_GCC_541\Debug\Final_prova.a(ADC_DelSig_Ext_CP_Clk.o)
 .debug_abbrev  0x000016a7      0x121 .\CortexM3\ARM_GCC_541\Debug\Final_prova.a(ADC_DelSig_theACLK.o)
 .debug_abbrev  0x000017c8      0x254 .\CortexM3\ARM_GCC_541\Debug\Final_prova.a(CyLib.o)
 .debug_abbrev  0x00001a1c      0x1ab .\CortexM3\ARM_GCC_541\Debug\Final_prova.a(cyPm.o)
 .debug_abbrev  0x00001bc7       0x90 .\CortexM3\ARM_GCC_541\Debug\Final_prova.a(BUTTON.o)
 .debug_abbrev  0x00001c57      0x133 .\CortexM3\ARM_GCC_541\Debug\Final_prova.a(PWM_ONBOARD.o)
 .debug_abbrev  0x00001d8a      0x173 .\CortexM3\ARM_GCC_541\Debug\Final_prova.a(ISR_SW.o)
 .debug_abbrev  0x00001efd      0x11a .\CortexM3\ARM_GCC_541\Debug\Final_prova.a(Timer_SW.o)
 .debug_abbrev  0x00002017       0x14 .\CortexM3\ARM_GCC_541\Debug\Final_prova.a(CyBootAsmGnu.o)
 .debug_abbrev  0x0000202b      0x1a7 .\CortexM3\ARM_GCC_541\Debug\Final_prova.a(CyFlash.o)
 .debug_abbrev  0x000021d2      0x194 .\CortexM3\ARM_GCC_541\Debug\Final_prova.a(CySpc.o)

.debug_line     0x00000000     0x3b2c
 *(.debug_line)
 .debug_line    0x00000000      0x32c .\CortexM3\ARM_GCC_541\Debug\main.o
 .debug_line    0x0000032c      0x208 .\CortexM3\ARM_GCC_541\Debug\I2C_Interface.o
 .debug_line    0x00000534      0x167 .\CortexM3\ARM_GCC_541\Debug\InterruptRoutines.o
 .debug_line    0x0000069b      0x1bd .\CortexM3\ARM_GCC_541\Debug\SW_State.o
 .debug_line    0x00000858      0x22d .\CortexM3\ARM_GCC_541\Debug\RGBLedDriver.o
 .debug_line    0x00000a85      0x1df .\CortexM3\ARM_GCC_541\Debug\SettingParameter.o
 .debug_line    0x00000c64      0x22f .\CortexM3\ARM_GCC_541\Debug\cyfitter_cfg.o
 .debug_line    0x00000e93      0x141 .\CortexM3\ARM_GCC_541\Debug\cymetadata.o
 .debug_line    0x00000fd4      0x234 .\CortexM3\ARM_GCC_541\Debug\Cm3Start.o
 .debug_line    0x00001208      0x2bc .\CortexM3\ARM_GCC_541\Debug\Final_prova.a(UART.o)
 .debug_line    0x000014c4       0xee .\CortexM3\ARM_GCC_541\Debug\Final_prova.a(I2C_Master.o)
 .debug_line    0x000015b2      0x122 .\CortexM3\ARM_GCC_541\Debug\Final_prova.a(I2C_Master_INT.o)
 .debug_line    0x000016d4       0xc9 .\CortexM3\ARM_GCC_541\Debug\Final_prova.a(I2C_Master_PM.o)
 .debug_line    0x0000179d      0x20b .\CortexM3\ARM_GCC_541\Debug\Final_prova.a(I2C_Master_MASTER.o)
 .debug_line    0x000019a8      0x185 .\CortexM3\ARM_GCC_541\Debug\Final_prova.a(PWM_B.o)
 .debug_line    0x00001b2d      0x1aa .\CortexM3\ARM_GCC_541\Debug\Final_prova.a(PWM_RG.o)
 .debug_line    0x00001cd7      0x373 .\CortexM3\ARM_GCC_541\Debug\Final_prova.a(ADC_DelSig.o)
 .debug_line    0x0000204a       0x87 .\CortexM3\ARM_GCC_541\Debug\Final_prova.a(ADC_DelSig_INT.o)
 .debug_line    0x000020d1      0x17c .\CortexM3\ARM_GCC_541\Debug\Final_prova.a(UART_IntClock.o)
 .debug_line    0x0000224d       0xb3 .\CortexM3\ARM_GCC_541\Debug\Final_prova.a(ADC_DelSig_AMux.o)
 .debug_line    0x00002300      0x184 .\CortexM3\ARM_GCC_541\Debug\Final_prova.a(ADC_DelSig_Ext_CP_Clk.o)
 .debug_line    0x00002484      0x1a4 .\CortexM3\ARM_GCC_541\Debug\Final_prova.a(ADC_DelSig_theACLK.o)
 .debug_line    0x00002628      0x816 .\CortexM3\ARM_GCC_541\Debug\Final_prova.a(CyLib.o)
 .debug_line    0x00002e3e      0x367 .\CortexM3\ARM_GCC_541\Debug\Final_prova.a(cyPm.o)
 .debug_line    0x000031a5       0x93 .\CortexM3\ARM_GCC_541\Debug\Final_prova.a(BUTTON.o)
 .debug_line    0x00003238      0x18b .\CortexM3\ARM_GCC_541\Debug\Final_prova.a(PWM_ONBOARD.o)
 .debug_line    0x000033c3      0x133 .\CortexM3\ARM_GCC_541\Debug\Final_prova.a(ISR_SW.o)
 .debug_line    0x000034f6      0x156 .\CortexM3\ARM_GCC_541\Debug\Final_prova.a(Timer_SW.o)
 .debug_line    0x0000364c       0x66 .\CortexM3\ARM_GCC_541\Debug\Final_prova.a(CyBootAsmGnu.o)
 .debug_line    0x000036b2      0x21a .\CortexM3\ARM_GCC_541\Debug\Final_prova.a(CyFlash.o)
 .debug_line    0x000038cc      0x260 .\CortexM3\ARM_GCC_541\Debug\Final_prova.a(CySpc.o)

.debug_frame    0x00000000     0x24cc
 *(.debug_frame)
 .debug_frame   0x00000000       0x38 .\CortexM3\ARM_GCC_541\Debug\main.o
 .debug_frame   0x00000038       0xfc .\CortexM3\ARM_GCC_541\Debug\I2C_Interface.o
 .debug_frame   0x00000134       0x20 .\CortexM3\ARM_GCC_541\Debug\InterruptRoutines.o
 .debug_frame   0x00000154       0x2c .\CortexM3\ARM_GCC_541\Debug\SW_State.o
 .debug_frame   0x00000180       0x70 .\CortexM3\ARM_GCC_541\Debug\RGBLedDriver.o
 .debug_frame   0x000001f0       0x2c .\CortexM3\ARM_GCC_541\Debug\SettingParameter.o
 .debug_frame   0x0000021c      0x104 .\CortexM3\ARM_GCC_541\Debug\cyfitter_cfg.o
 .debug_frame   0x00000320       0xb8 .\CortexM3\ARM_GCC_541\Debug\Cm3Start.o
 .debug_frame   0x000003d8      0x250 .\CortexM3\ARM_GCC_541\Debug\Final_prova.a(UART.o)
 .debug_frame   0x00000628       0x90 .\CortexM3\ARM_GCC_541\Debug\Final_prova.a(I2C_Master.o)
 .debug_frame   0x000006b8       0x30 .\CortexM3\ARM_GCC_541\Debug\Final_prova.a(I2C_Master_INT.o)
 .debug_frame   0x000006e8       0x74 .\CortexM3\ARM_GCC_541\Debug\Final_prova.a(I2C_Master_PM.o)
 .debug_frame   0x0000075c      0x138 .\CortexM3\ARM_GCC_541\Debug\Final_prova.a(I2C_Master_MASTER.o)
 .debug_frame   0x00000894      0x134 .\CortexM3\ARM_GCC_541\Debug\Final_prova.a(PWM_B.o)
 .debug_frame   0x000009c8      0x154 .\CortexM3\ARM_GCC_541\Debug\Final_prova.a(PWM_RG.o)
 .debug_frame   0x00000b1c      0x284 .\CortexM3\ARM_GCC_541\Debug\Final_prova.a(ADC_DelSig.o)
 .debug_frame   0x00000da0       0x50 .\CortexM3\ARM_GCC_541\Debug\Final_prova.a(ADC_DelSig_INT.o)
 .debug_frame   0x00000df0       0xe0 .\CortexM3\ARM_GCC_541\Debug\Final_prova.a(UART_IntClock.o)
 .debug_frame   0x00000ed0       0x64 .\CortexM3\ARM_GCC_541\Debug\Final_prova.a(ADC_DelSig_AMux.o)
 .debug_frame   0x00000f34       0xe0 .\CortexM3\ARM_GCC_541\Debug\Final_prova.a(ADC_DelSig_Ext_CP_Clk.o)
 .debug_frame   0x00001014      0x100 .\CortexM3\ARM_GCC_541\Debug\Final_prova.a(ADC_DelSig_theACLK.o)
 .debug_frame   0x00001114      0x738 .\CortexM3\ARM_GCC_541\Debug\Final_prova.a(CyLib.o)
 .debug_frame   0x0000184c      0x1f8 .\CortexM3\ARM_GCC_541\Debug\Final_prova.a(cyPm.o)
 .debug_frame   0x00001a44       0x50 .\CortexM3\ARM_GCC_541\Debug\Final_prova.a(BUTTON.o)
 .debug_frame   0x00001a94      0x134 .\CortexM3\ARM_GCC_541\Debug\Final_prova.a(PWM_ONBOARD.o)
 .debug_frame   0x00001bc8      0x104 .\CortexM3\ARM_GCC_541\Debug\Final_prova.a(ISR_SW.o)
 .debug_frame   0x00001ccc      0x108 .\CortexM3\ARM_GCC_541\Debug\Final_prova.a(Timer_SW.o)
 .debug_frame   0x00001dd4      0x194 .\CortexM3\ARM_GCC_541\Debug\Final_prova.a(CyFlash.o)
 .debug_frame   0x00001f68      0x180 .\CortexM3\ARM_GCC_541\Debug\Final_prova.a(CySpc.o)
 .debug_frame   0x000020e8       0x20 c:/program files (x86)/cypress/psoc creator/4.3/psoc creator/import/gnu/arm/5.4.1/bin/../lib/gcc/arm-none-eabi/5.4.1/../../../../arm-none-eabi/lib/armv7-m\libg_nano.a(lib_a-errno.o)
 .debug_frame   0x00002108       0x28 c:/program files (x86)/cypress/psoc creator/4.3/psoc creator/import/gnu/arm/5.4.1/bin/../lib/gcc/arm-none-eabi/5.4.1/../../../../arm-none-eabi/lib/armv7-m\libg_nano.a(lib_a-exit.o)
 .debug_frame   0x00002130       0x2c c:/program files (x86)/cypress/psoc creator/4.3/psoc creator/import/gnu/arm/5.4.1/bin/../lib/gcc/arm-none-eabi/5.4.1/../../../../arm-none-eabi/lib/armv7-m\libg_nano.a(lib_a-init.o)
 .debug_frame   0x0000215c       0x28 c:/program files (x86)/cypress/psoc creator/4.3/psoc creator/import/gnu/arm/5.4.1/bin/../lib/gcc/arm-none-eabi/5.4.1/../../../../arm-none-eabi/lib/armv7-m\libg_nano.a(lib_a-memcpy-stub.o)
 .debug_frame   0x00002184       0x20 c:/program files (x86)/cypress/psoc creator/4.3/psoc creator/import/gnu/arm/5.4.1/bin/../lib/gcc/arm-none-eabi/5.4.1/../../../../arm-none-eabi/lib/armv7-m\libg_nano.a(lib_a-memset.o)
 .debug_frame   0x000021a4       0x70 c:/program files (x86)/cypress/psoc creator/4.3/psoc creator/import/gnu/arm/5.4.1/bin/../lib/gcc/arm-none-eabi/5.4.1/../../../../arm-none-eabi/lib/armv7-m\libg_nano.a(lib_a-sprintf.o)
 .debug_frame   0x00002214       0x90 c:/program files (x86)/cypress/psoc creator/4.3/psoc creator/import/gnu/arm/5.4.1/bin/../lib/gcc/arm-none-eabi/5.4.1/../../../../arm-none-eabi/lib/armv7-m\libg_nano.a(lib_a-nano-svfprintf.o)
 .debug_frame   0x000022a4       0x60 c:/program files (x86)/cypress/psoc creator/4.3/psoc creator/import/gnu/arm/5.4.1/bin/../lib/gcc/arm-none-eabi/5.4.1/../../../../arm-none-eabi/lib/armv7-m\libg_nano.a(lib_a-nano-vfprintf_i.o)
 .debug_frame   0x00002304       0x28 c:/program files (x86)/cypress/psoc creator/4.3/psoc creator/import/gnu/arm/5.4.1/bin/../lib/gcc/arm-none-eabi/5.4.1/../../../../arm-none-eabi/lib/armv7-m\libg_nano.a(lib_a-memchr-stub.o)
 .debug_frame   0x0000232c       0x28 c:/program files (x86)/cypress/psoc creator/4.3/psoc creator/import/gnu/arm/5.4.1/bin/../lib/gcc/arm-none-eabi/5.4.1/../../../../arm-none-eabi/lib/armv7-m\libg_nano.a(lib_a-memmove.o)
 .debug_frame   0x00002354       0x38 c:/program files (x86)/cypress/psoc creator/4.3/psoc creator/import/gnu/arm/5.4.1/bin/../lib/gcc/arm-none-eabi/5.4.1/../../../../arm-none-eabi/lib/armv7-m\libg_nano.a(lib_a-nano-freer.o)
 .debug_frame   0x0000238c       0x2c c:/program files (x86)/cypress/psoc creator/4.3/psoc creator/import/gnu/arm/5.4.1/bin/../lib/gcc/arm-none-eabi/5.4.1/../../../../arm-none-eabi/lib/armv7-m\libg_nano.a(lib_a-nano-mallocr.o)
 .debug_frame   0x000023b8       0x3c c:/program files (x86)/cypress/psoc creator/4.3/psoc creator/import/gnu/arm/5.4.1/bin/../lib/gcc/arm-none-eabi/5.4.1/../../../../arm-none-eabi/lib/armv7-m\libg_nano.a(lib_a-nano-reallocr.o)
 .debug_frame   0x000023f4       0x2c c:/program files (x86)/cypress/psoc creator/4.3/psoc creator/import/gnu/arm/5.4.1/bin/../lib/gcc/arm-none-eabi/5.4.1/../../../../arm-none-eabi/lib/armv7-m\libg_nano.a(lib_a-sbrkr.o)
 .debug_frame   0x00002420       0x30 c:/program files (x86)/cypress/psoc creator/4.3/psoc creator/import/gnu/arm/5.4.1/bin/../lib/gcc/arm-none-eabi/5.4.1/../../../../arm-none-eabi/lib/armv7-m\libg_nano.a(lib_a-mlock.o)
 .debug_frame   0x00002450       0x20 c:/program files (x86)/cypress/psoc creator/4.3/psoc creator/import/gnu/arm/5.4.1/bin/../lib/gcc/arm-none-eabi/5.4.1/../../../../arm-none-eabi/lib/armv7-m\libg_nano.a(lib_a-nano-msizer.o)
 .debug_frame   0x00002470       0x5c c:/program files (x86)/cypress/psoc creator/4.3/psoc creator/import/gnu/arm/5.4.1/bin/../lib/gcc/arm-none-eabi/5.4.1/../../../../arm-none-eabi/lib/armv7-m\libg_nano.a(lib_a-reent.o)

.debug_str      0x00000000     0x2f06
 *(.debug_str)
 .debug_str     0x00000000      0x3d3 .\CortexM3\ARM_GCC_541\Debug\main.o
                                0x43d (size before relaxing)
 .debug_str     0x000003d3      0x146 .\CortexM3\ARM_GCC_541\Debug\I2C_Interface.o
                                0x385 (size before relaxing)
 .debug_str     0x00000519       0x1f .\CortexM3\ARM_GCC_541\Debug\InterruptRoutines.o
                                0x1f3 (size before relaxing)
 .debug_str     0x00000538       0x70 .\CortexM3\ARM_GCC_541\Debug\SW_State.o
                                0x251 (size before relaxing)
 .debug_str     0x000005a8       0x75 .\CortexM3\ARM_GCC_541\Debug\RGBLedDriver.o
                                0x2f0 (size before relaxing)
 .debug_str     0x0000061d       0x67 .\CortexM3\ARM_GCC_541\Debug\SettingParameter.o
                                0x2a0 (size before relaxing)
 .debug_str     0x00000684      0x218 .\CortexM3\ARM_GCC_541\Debug\cyfitter_cfg.o
                                0x3cb (size before relaxing)
 .debug_str     0x0000089c       0x75 .\CortexM3\ARM_GCC_541\Debug\cymetadata.o
                                0x203 (size before relaxing)
 .debug_str     0x00000911      0x144 .\CortexM3\ARM_GCC_541\Debug\Cm3Start.o
                                0x329 (size before relaxing)
 .debug_str     0x00000a55      0x2ba .\CortexM3\ARM_GCC_541\Debug\Final_prova.a(UART.o)
                                0x494 (size before relaxing)
 .debug_str     0x00000d0f      0x13f .\CortexM3\ARM_GCC_541\Debug\Final_prova.a(I2C_Master.o)
                                0x354 (size before relaxing)
 .debug_str     0x00000e4e       0xb7 .\CortexM3\ARM_GCC_541\Debug\Final_prova.a(I2C_Master_INT.o)
                                0x2cb (size before relaxing)
 .debug_str     0x00000f05       0x79 .\CortexM3\ARM_GCC_541\Debug\Final_prova.a(I2C_Master_PM.o)
                                0x2db (size before relaxing)
 .debug_str     0x00000f7e      0x150 .\CortexM3\ARM_GCC_541\Debug\Final_prova.a(I2C_Master_MASTER.o)
                                0x464 (size before relaxing)
 .debug_str     0x000010ce      0x152 .\CortexM3\ARM_GCC_541\Debug\Final_prova.a(PWM_B.o)
                                0x370 (size before relaxing)
 .debug_str     0x00001220      0x14d .\CortexM3\ARM_GCC_541\Debug\Final_prova.a(PWM_RG.o)
                                0x3ae (size before relaxing)
 .debug_str     0x0000136d      0x462 .\CortexM3\ARM_GCC_541\Debug\Final_prova.a(ADC_DelSig.o)
                                0x707 (size before relaxing)
 .debug_str     0x000017cf       0x68 .\CortexM3\ARM_GCC_541\Debug\Final_prova.a(ADC_DelSig_INT.o)
                                0x202 (size before relaxing)
 .debug_str     0x00001837      0x17b .\CortexM3\ARM_GCC_541\Debug\Final_prova.a(UART_IntClock.o)
                                0x355 (size before relaxing)
 .debug_str     0x000019b2       0x7b .\CortexM3\ARM_GCC_541\Debug\Final_prova.a(ADC_DelSig_AMux.o)
                                0x24f (size before relaxing)
 .debug_str     0x00001a2d      0x170 .\CortexM3\ARM_GCC_541\Debug\Final_prova.a(ADC_DelSig_Ext_CP_Clk.o)
                                0x3b5 (size before relaxing)
 .debug_str     0x00001b9d      0x1a3 .\CortexM3\ARM_GCC_541\Debug\Final_prova.a(ADC_DelSig_theACLK.o)
                                0x3e2 (size before relaxing)
 .debug_str     0x00001d40      0x7d2 .\CortexM3\ARM_GCC_541\Debug\Final_prova.a(CyLib.o)
                                0xa66 (size before relaxing)
 .debug_str     0x00002512      0x365 .\CortexM3\ARM_GCC_541\Debug\Final_prova.a(cyPm.o)
                                0x752 (size before relaxing)
 .debug_str     0x00002877       0x5f .\CortexM3\ARM_GCC_541\Debug\Final_prova.a(BUTTON.o)
                                0x206 (size before relaxing)
 .debug_str     0x000028d6      0x19b .\CortexM3\ARM_GCC_541\Debug\Final_prova.a(PWM_ONBOARD.o)
                                0x3e2 (size before relaxing)
 .debug_str     0x00002a71       0xe5 .\CortexM3\ARM_GCC_541\Debug\Final_prova.a(ISR_SW.o)
                                0x2d3 (size before relaxing)
 .debug_str     0x00002b56      0x149 .\CortexM3\ARM_GCC_541\Debug\Final_prova.a(Timer_SW.o)
                                0x344 (size before relaxing)
 .debug_str     0x00002c9f      0x1bb .\CortexM3\ARM_GCC_541\Debug\Final_prova.a(CyFlash.o)
                                0x3df (size before relaxing)
 .debug_str     0x00002e5a       0xac .\CortexM3\ARM_GCC_541\Debug\Final_prova.a(CySpc.o)
                                0x357 (size before relaxing)

.debug_loc      0x00000000     0x33fe
 *(.debug_loc)
 .debug_loc     0x00000000      0x15a .\CortexM3\ARM_GCC_541\Debug\main.o
 .debug_loc     0x0000015a      0x328 .\CortexM3\ARM_GCC_541\Debug\I2C_Interface.o
 .debug_loc     0x00000482       0xc7 .\CortexM3\ARM_GCC_541\Debug\RGBLedDriver.o
 .debug_loc     0x00000549       0x5b .\CortexM3\ARM_GCC_541\Debug\SettingParameter.o
 .debug_loc     0x000005a4      0x2cb .\CortexM3\ARM_GCC_541\Debug\cyfitter_cfg.o
 .debug_loc     0x0000086f      0x144 .\CortexM3\ARM_GCC_541\Debug\Cm3Start.o
 .debug_loc     0x000009b3      0x258 .\CortexM3\ARM_GCC_541\Debug\Final_prova.a(UART.o)
 .debug_loc     0x00000c0b       0x39 .\CortexM3\ARM_GCC_541\Debug\Final_prova.a(I2C_Master.o)
 .debug_loc     0x00000c44       0x29 .\CortexM3\ARM_GCC_541\Debug\Final_prova.a(I2C_Master_INT.o)
 .debug_loc     0x00000c6d       0x13 .\CortexM3\ARM_GCC_541\Debug\Final_prova.a(I2C_Master_PM.o)
 .debug_loc     0x00000c80      0x52f .\CortexM3\ARM_GCC_541\Debug\Final_prova.a(I2C_Master_MASTER.o)
 .debug_loc     0x000011af       0x26 .\CortexM3\ARM_GCC_541\Debug\Final_prova.a(PWM_B.o)
 .debug_loc     0x000011d5       0x26 .\CortexM3\ARM_GCC_541\Debug\Final_prova.a(PWM_RG.o)
 .debug_loc     0x000011fb      0x68c .\CortexM3\ARM_GCC_541\Debug\Final_prova.a(ADC_DelSig.o)
 .debug_loc     0x00001887      0x128 .\CortexM3\ARM_GCC_541\Debug\Final_prova.a(UART_IntClock.o)
 .debug_loc     0x000019af       0x6c .\CortexM3\ARM_GCC_541\Debug\Final_prova.a(ADC_DelSig_AMux.o)
 .debug_loc     0x00001a1b      0x12c .\CortexM3\ARM_GCC_541\Debug\Final_prova.a(ADC_DelSig_Ext_CP_Clk.o)
 .debug_loc     0x00001b47      0x14d .\CortexM3\ARM_GCC_541\Debug\Final_prova.a(ADC_DelSig_theACLK.o)
 .debug_loc     0x00001c94      0xa11 .\CortexM3\ARM_GCC_541\Debug\Final_prova.a(CyLib.o)
 .debug_loc     0x000026a5      0x1e4 .\CortexM3\ARM_GCC_541\Debug\Final_prova.a(cyPm.o)
 .debug_loc     0x00002889       0x42 .\CortexM3\ARM_GCC_541\Debug\Final_prova.a(BUTTON.o)
 .debug_loc     0x000028cb       0x26 .\CortexM3\ARM_GCC_541\Debug\Final_prova.a(PWM_ONBOARD.o)
 .debug_loc     0x000028f1       0x56 .\CortexM3\ARM_GCC_541\Debug\Final_prova.a(ISR_SW.o)
 .debug_loc     0x00002947      0x3b2 .\CortexM3\ARM_GCC_541\Debug\Final_prova.a(CyFlash.o)
 .debug_loc     0x00002cf9      0x705 .\CortexM3\ARM_GCC_541\Debug\Final_prova.a(CySpc.o)

.debug_macinfo
 *(.debug_macinfo)

.debug_ranges   0x00000000      0xc00
 *(.debug_ranges)
 .debug_ranges  0x00000000       0x10 .\CortexM3\ARM_GCC_541\Debug\main.o
 .debug_ranges  0x00000010       0x58 .\CortexM3\ARM_GCC_541\Debug\I2C_Interface.o
 .debug_ranges  0x00000068       0x10 .\CortexM3\ARM_GCC_541\Debug\InterruptRoutines.o
 .debug_ranges  0x00000078       0x10 .\CortexM3\ARM_GCC_541\Debug\SW_State.o
 .debug_ranges  0x00000088       0x20 .\CortexM3\ARM_GCC_541\Debug\RGBLedDriver.o
 .debug_ranges  0x000000a8       0x10 .\CortexM3\ARM_GCC_541\Debug\SettingParameter.o
 .debug_ranges  0x000000b8       0x58 .\CortexM3\ARM_GCC_541\Debug\cyfitter_cfg.o
 .debug_ranges  0x00000110       0x38 .\CortexM3\ARM_GCC_541\Debug\Cm3Start.o
 .debug_ranges  0x00000148       0xe0 .\CortexM3\ARM_GCC_541\Debug\Final_prova.a(UART.o)
 .debug_ranges  0x00000228       0x28 .\CortexM3\ARM_GCC_541\Debug\Final_prova.a(I2C_Master.o)
 .debug_ranges  0x00000250       0x10 .\CortexM3\ARM_GCC_541\Debug\Final_prova.a(I2C_Master_INT.o)
 .debug_ranges  0x00000260       0x28 .\CortexM3\ARM_GCC_541\Debug\Final_prova.a(I2C_Master_PM.o)
 .debug_ranges  0x00000288       0x70 .\CortexM3\ARM_GCC_541\Debug\Final_prova.a(I2C_Master_MASTER.o)
 .debug_ranges  0x000002f8       0x88 .\CortexM3\ARM_GCC_541\Debug\Final_prova.a(PWM_B.o)
 .debug_ranges  0x00000380       0x98 .\CortexM3\ARM_GCC_541\Debug\Final_prova.a(PWM_RG.o)
 .debug_ranges  0x00000418       0xd8 .\CortexM3\ARM_GCC_541\Debug\Final_prova.a(ADC_DelSig.o)
 .debug_ranges  0x000004f0       0x28 .\CortexM3\ARM_GCC_541\Debug\Final_prova.a(ADC_DelSig_INT.o)
 .debug_ranges  0x00000518       0x60 .\CortexM3\ARM_GCC_541\Debug\Final_prova.a(UART_IntClock.o)
 .debug_ranges  0x00000578       0x20 .\CortexM3\ARM_GCC_541\Debug\Final_prova.a(ADC_DelSig_AMux.o)
 .debug_ranges  0x00000598       0x60 .\CortexM3\ARM_GCC_541\Debug\Final_prova.a(ADC_DelSig_Ext_CP_Clk.o)
 .debug_ranges  0x000005f8       0x70 .\CortexM3\ARM_GCC_541\Debug\Final_prova.a(ADC_DelSig_theACLK.o)
 .debug_ranges  0x00000668      0x290 .\CortexM3\ARM_GCC_541\Debug\Final_prova.a(CyLib.o)
 .debug_ranges  0x000008f8       0x88 .\CortexM3\ARM_GCC_541\Debug\Final_prova.a(cyPm.o)
 .debug_ranges  0x00000980       0x28 .\CortexM3\ARM_GCC_541\Debug\Final_prova.a(BUTTON.o)
 .debug_ranges  0x000009a8       0x88 .\CortexM3\ARM_GCC_541\Debug\Final_prova.a(PWM_ONBOARD.o)
 .debug_ranges  0x00000a30       0x70 .\CortexM3\ARM_GCC_541\Debug\Final_prova.a(ISR_SW.o)
 .debug_ranges  0x00000aa0       0x78 .\CortexM3\ARM_GCC_541\Debug\Final_prova.a(Timer_SW.o)
 .debug_ranges  0x00000b18       0x78 .\CortexM3\ARM_GCC_541\Debug\Final_prova.a(CyFlash.o)
 .debug_ranges  0x00000b90       0x70 .\CortexM3\ARM_GCC_541\Debug\Final_prova.a(CySpc.o)

.comment        0x00000000       0x6e
 .comment       0x00000000       0x6e .\CortexM3\ARM_GCC_541\Debug\main.o
                                 0x6f (size before relaxing)
 .comment       0x0000006e       0x6f .\CortexM3\ARM_GCC_541\Debug\I2C_Interface.o
 .comment       0x0000006e       0x6f .\CortexM3\ARM_GCC_541\Debug\InterruptRoutines.o
 .comment       0x0000006e       0x6f .\CortexM3\ARM_GCC_541\Debug\SW_State.o
 .comment       0x0000006e       0x6f .\CortexM3\ARM_GCC_541\Debug\RGBLedDriver.o
 .comment       0x0000006e       0x6f .\CortexM3\ARM_GCC_541\Debug\SettingParameter.o
 .comment       0x0000006e       0x6f .\CortexM3\ARM_GCC_541\Debug\cyfitter_cfg.o
 .comment       0x0000006e       0x6f .\CortexM3\ARM_GCC_541\Debug\cymetadata.o
 .comment       0x0000006e       0x6f .\CortexM3\ARM_GCC_541\Debug\Cm3Start.o
 .comment       0x0000006e       0x6f .\CortexM3\ARM_GCC_541\Debug\Final_prova.a(UART.o)
 .comment       0x0000006e       0x6f .\CortexM3\ARM_GCC_541\Debug\Final_prova.a(I2C_Master.o)
 .comment       0x0000006e       0x6f .\CortexM3\ARM_GCC_541\Debug\Final_prova.a(I2C_Master_INT.o)
 .comment       0x0000006e       0x6f .\CortexM3\ARM_GCC_541\Debug\Final_prova.a(I2C_Master_PM.o)
 .comment       0x0000006e       0x6f .\CortexM3\ARM_GCC_541\Debug\Final_prova.a(I2C_Master_MASTER.o)
 .comment       0x0000006e       0x6f .\CortexM3\ARM_GCC_541\Debug\Final_prova.a(PWM_B.o)
 .comment       0x0000006e       0x6f .\CortexM3\ARM_GCC_541\Debug\Final_prova.a(PWM_RG.o)
 .comment       0x0000006e       0x6f .\CortexM3\ARM_GCC_541\Debug\Final_prova.a(ADC_DelSig.o)
 .comment       0x0000006e       0x6f .\CortexM3\ARM_GCC_541\Debug\Final_prova.a(ADC_DelSig_INT.o)
 .comment       0x0000006e       0x6f .\CortexM3\ARM_GCC_541\Debug\Final_prova.a(UART_IntClock.o)
 .comment       0x0000006e       0x6f .\CortexM3\ARM_GCC_541\Debug\Final_prova.a(ADC_DelSig_AMux.o)
 .comment       0x0000006e       0x6f .\CortexM3\ARM_GCC_541\Debug\Final_prova.a(ADC_DelSig_Ext_CP_Clk.o)
 .comment       0x0000006e       0x6f .\CortexM3\ARM_GCC_541\Debug\Final_prova.a(ADC_DelSig_theACLK.o)
 .comment       0x0000006e       0x6f .\CortexM3\ARM_GCC_541\Debug\Final_prova.a(CyLib.o)
 .comment       0x0000006e       0x6f .\CortexM3\ARM_GCC_541\Debug\Final_prova.a(cyPm.o)
 .comment       0x0000006e       0x6f .\CortexM3\ARM_GCC_541\Debug\Final_prova.a(BUTTON.o)
 .comment       0x0000006e       0x6f .\CortexM3\ARM_GCC_541\Debug\Final_prova.a(PWM_ONBOARD.o)
 .comment       0x0000006e       0x6f .\CortexM3\ARM_GCC_541\Debug\Final_prova.a(ISR_SW.o)
 .comment       0x0000006e       0x6f .\CortexM3\ARM_GCC_541\Debug\Final_prova.a(Timer_SW.o)
 .comment       0x0000006e       0x6f .\CortexM3\ARM_GCC_541\Debug\Final_prova.a(CyFlash.o)
 .comment       0x0000006e       0x6f .\CortexM3\ARM_GCC_541\Debug\Final_prova.a(CySpc.o)

.debug_weaknames
 *(.debug_weaknames)

.debug_funcnames
 *(.debug_funcnames)

.debug_typenames
 *(.debug_typenames)

.debug_varnames
 *(.debug_varnames)

.note.gnu.arm.ident
 *(.note.gnu.arm.ident)

.ARM.attributes
                0x00000000       0x29
 *(.ARM.attributes)
 .ARM.attributes
                0x00000000       0x1d c:/program files (x86)/cypress/psoc creator/4.3/psoc creator/import/gnu/arm/5.4.1/bin/../lib/gcc/arm-none-eabi/5.4.1/armv7-m/crti.o
 .ARM.attributes
                0x0000001d       0x2d c:/program files (x86)/cypress/psoc creator/4.3/psoc creator/import/gnu/arm/5.4.1/bin/../lib/gcc/arm-none-eabi/5.4.1/armv7-m/crtbegin.o
 .ARM.attributes
                0x0000004a       0x1b c:/program files (x86)/cypress/psoc creator/4.3/psoc creator/import/gnu/arm/5.4.1/bin/../lib/gcc/arm-none-eabi/5.4.1/../../../../arm-none-eabi/lib/armv7-m/crt0.o
 .ARM.attributes
                0x00000065       0x33 .\CortexM3\ARM_GCC_541\Debug\main.o
 .ARM.attributes
                0x00000098       0x33 .\CortexM3\ARM_GCC_541\Debug\I2C_Interface.o
 .ARM.attributes
                0x000000cb       0x33 .\CortexM3\ARM_GCC_541\Debug\InterruptRoutines.o
 .ARM.attributes
                0x000000fe       0x33 .\CortexM3\ARM_GCC_541\Debug\SW_State.o
 .ARM.attributes
                0x00000131       0x33 .\CortexM3\ARM_GCC_541\Debug\RGBLedDriver.o
 .ARM.attributes
                0x00000164       0x33 .\CortexM3\ARM_GCC_541\Debug\SettingParameter.o
 .ARM.attributes
                0x00000197       0x33 .\CortexM3\ARM_GCC_541\Debug\cyfitter_cfg.o
 .ARM.attributes
                0x000001ca       0x33 .\CortexM3\ARM_GCC_541\Debug\cymetadata.o
 .ARM.attributes
                0x000001fd       0x33 .\CortexM3\ARM_GCC_541\Debug\Cm3Start.o
 .ARM.attributes
                0x00000230       0x33 .\CortexM3\ARM_GCC_541\Debug\Final_prova.a(UART.o)
 .ARM.attributes
                0x00000263       0x33 .\CortexM3\ARM_GCC_541\Debug\Final_prova.a(I2C_Master.o)
 .ARM.attributes
                0x00000296       0x33 .\CortexM3\ARM_GCC_541\Debug\Final_prova.a(I2C_Master_INT.o)
 .ARM.attributes
                0x000002c9       0x33 .\CortexM3\ARM_GCC_541\Debug\Final_prova.a(I2C_Master_PM.o)
 .ARM.attributes
                0x000002fc       0x33 .\CortexM3\ARM_GCC_541\Debug\Final_prova.a(I2C_Master_MASTER.o)
 .ARM.attributes
                0x0000032f       0x33 .\CortexM3\ARM_GCC_541\Debug\Final_prova.a(PWM_B.o)
 .ARM.attributes
                0x00000362       0x33 .\CortexM3\ARM_GCC_541\Debug\Final_prova.a(PWM_RG.o)
 .ARM.attributes
                0x00000395       0x33 .\CortexM3\ARM_GCC_541\Debug\Final_prova.a(ADC_DelSig.o)
 .ARM.attributes
                0x000003c8       0x33 .\CortexM3\ARM_GCC_541\Debug\Final_prova.a(ADC_DelSig_INT.o)
 .ARM.attributes
                0x000003fb       0x33 .\CortexM3\ARM_GCC_541\Debug\Final_prova.a(UART_IntClock.o)
 .ARM.attributes
                0x0000042e       0x33 .\CortexM3\ARM_GCC_541\Debug\Final_prova.a(ADC_DelSig_AMux.o)
 .ARM.attributes
                0x00000461       0x33 .\CortexM3\ARM_GCC_541\Debug\Final_prova.a(ADC_DelSig_Ext_CP_Clk.o)
 .ARM.attributes
                0x00000494       0x33 .\CortexM3\ARM_GCC_541\Debug\Final_prova.a(ADC_DelSig_theACLK.o)
 .ARM.attributes
                0x000004c7       0x33 .\CortexM3\ARM_GCC_541\Debug\Final_prova.a(CyLib.o)
 .ARM.attributes
                0x000004fa       0x33 .\CortexM3\ARM_GCC_541\Debug\Final_prova.a(cyPm.o)
 .ARM.attributes
                0x0000052d       0x33 .\CortexM3\ARM_GCC_541\Debug\Final_prova.a(BUTTON.o)
 .ARM.attributes
                0x00000560       0x33 .\CortexM3\ARM_GCC_541\Debug\Final_prova.a(PWM_ONBOARD.o)
 .ARM.attributes
                0x00000593       0x33 .\CortexM3\ARM_GCC_541\Debug\Final_prova.a(ISR_SW.o)
 .ARM.attributes
                0x000005c6       0x33 .\CortexM3\ARM_GCC_541\Debug\Final_prova.a(Timer_SW.o)
 .ARM.attributes
                0x000005f9       0x21 .\CortexM3\ARM_GCC_541\Debug\Final_prova.a(CyBootAsmGnu.o)
 .ARM.attributes
                0x0000061a       0x33 .\CortexM3\ARM_GCC_541\Debug\Final_prova.a(CyFlash.o)
 .ARM.attributes
                0x0000064d       0x33 .\CortexM3\ARM_GCC_541\Debug\Final_prova.a(CySpc.o)
 .ARM.attributes
                0x00000680       0x1d c:/program files (x86)/cypress/psoc creator/4.3/psoc creator/import/gnu/arm/5.4.1/bin/../lib/gcc/arm-none-eabi/5.4.1/armv7-m\libgcc.a(_arm_addsubdf3.o)
 .ARM.attributes
                0x0000069d       0x1d c:/program files (x86)/cypress/psoc creator/4.3/psoc creator/import/gnu/arm/5.4.1/bin/../lib/gcc/arm-none-eabi/5.4.1/armv7-m\libgcc.a(_arm_cmpdf2.o)
 .ARM.attributes
                0x000006ba       0x1d c:/program files (x86)/cypress/psoc creator/4.3/psoc creator/import/gnu/arm/5.4.1/bin/../lib/gcc/arm-none-eabi/5.4.1/armv7-m\libgcc.a(_arm_addsubsf3.o)
 .ARM.attributes
                0x000006d7       0x1d c:/program files (x86)/cypress/psoc creator/4.3/psoc creator/import/gnu/arm/5.4.1/bin/../lib/gcc/arm-none-eabi/5.4.1/armv7-m\libgcc.a(_arm_muldivsf3.o)
 .ARM.attributes
                0x000006f4       0x1d c:/program files (x86)/cypress/psoc creator/4.3/psoc creator/import/gnu/arm/5.4.1/bin/../lib/gcc/arm-none-eabi/5.4.1/armv7-m\libgcc.a(_arm_fixunssfsi.o)
 .ARM.attributes
                0x00000711       0x2d c:/program files (x86)/cypress/psoc creator/4.3/psoc creator/import/gnu/arm/5.4.1/bin/../lib/gcc/arm-none-eabi/5.4.1/../../../../arm-none-eabi/lib/armv7-m\libg_nano.a(lib_a-errno.o)
 .ARM.attributes
                0x0000073e       0x2d c:/program files (x86)/cypress/psoc creator/4.3/psoc creator/import/gnu/arm/5.4.1/bin/../lib/gcc/arm-none-eabi/5.4.1/../../../../arm-none-eabi/lib/armv7-m\libg_nano.a(lib_a-exit.o)
 .ARM.attributes
                0x0000076b       0x2d c:/program files (x86)/cypress/psoc creator/4.3/psoc creator/import/gnu/arm/5.4.1/bin/../lib/gcc/arm-none-eabi/5.4.1/../../../../arm-none-eabi/lib/armv7-m\libg_nano.a(lib_a-impure.o)
 .ARM.attributes
                0x00000798       0x2d c:/program files (x86)/cypress/psoc creator/4.3/psoc creator/import/gnu/arm/5.4.1/bin/../lib/gcc/arm-none-eabi/5.4.1/../../../../arm-none-eabi/lib/armv7-m\libg_nano.a(lib_a-init.o)
 .ARM.attributes
                0x000007c5       0x2d c:/program files (x86)/cypress/psoc creator/4.3/psoc creator/import/gnu/arm/5.4.1/bin/../lib/gcc/arm-none-eabi/5.4.1/../../../../arm-none-eabi/lib/armv7-m\libg_nano.a(lib_a-memcpy-stub.o)
 .ARM.attributes
                0x000007f2       0x2d c:/program files (x86)/cypress/psoc creator/4.3/psoc creator/import/gnu/arm/5.4.1/bin/../lib/gcc/arm-none-eabi/5.4.1/../../../../arm-none-eabi/lib/armv7-m\libg_nano.a(lib_a-memset.o)
 .ARM.attributes
                0x0000081f       0x2d c:/program files (x86)/cypress/psoc creator/4.3/psoc creator/import/gnu/arm/5.4.1/bin/../lib/gcc/arm-none-eabi/5.4.1/../../../../arm-none-eabi/lib/armv7-m\libg_nano.a(lib_a-sprintf.o)
 .ARM.attributes
                0x0000084c       0x2d c:/program files (x86)/cypress/psoc creator/4.3/psoc creator/import/gnu/arm/5.4.1/bin/../lib/gcc/arm-none-eabi/5.4.1/../../../../arm-none-eabi/lib/armv7-m\libg_nano.a(lib_a-nano-svfprintf.o)
 .ARM.attributes
                0x00000879       0x2d c:/program files (x86)/cypress/psoc creator/4.3/psoc creator/import/gnu/arm/5.4.1/bin/../lib/gcc/arm-none-eabi/5.4.1/../../../../arm-none-eabi/lib/armv7-m\libg_nano.a(lib_a-nano-vfprintf_i.o)
 .ARM.attributes
                0x000008a6       0x2d c:/program files (x86)/cypress/psoc creator/4.3/psoc creator/import/gnu/arm/5.4.1/bin/../lib/gcc/arm-none-eabi/5.4.1/../../../../arm-none-eabi/lib/armv7-m\libg_nano.a(lib_a-memchr-stub.o)
 .ARM.attributes
                0x000008d3       0x2d c:/program files (x86)/cypress/psoc creator/4.3/psoc creator/import/gnu/arm/5.4.1/bin/../lib/gcc/arm-none-eabi/5.4.1/../../../../arm-none-eabi/lib/armv7-m\libg_nano.a(lib_a-memmove.o)
 .ARM.attributes
                0x00000900       0x2d c:/program files (x86)/cypress/psoc creator/4.3/psoc creator/import/gnu/arm/5.4.1/bin/../lib/gcc/arm-none-eabi/5.4.1/../../../../arm-none-eabi/lib/armv7-m\libg_nano.a(lib_a-nano-freer.o)
 .ARM.attributes
                0x0000092d       0x2d c:/program files (x86)/cypress/psoc creator/4.3/psoc creator/import/gnu/arm/5.4.1/bin/../lib/gcc/arm-none-eabi/5.4.1/../../../../arm-none-eabi/lib/armv7-m\libg_nano.a(lib_a-nano-mallocr.o)
 .ARM.attributes
                0x0000095a       0x2d c:/program files (x86)/cypress/psoc creator/4.3/psoc creator/import/gnu/arm/5.4.1/bin/../lib/gcc/arm-none-eabi/5.4.1/../../../../arm-none-eabi/lib/armv7-m\libg_nano.a(lib_a-nano-reallocr.o)
 .ARM.attributes
                0x00000987       0x2d c:/program files (x86)/cypress/psoc creator/4.3/psoc creator/import/gnu/arm/5.4.1/bin/../lib/gcc/arm-none-eabi/5.4.1/../../../../arm-none-eabi/lib/armv7-m\libg_nano.a(lib_a-sbrkr.o)
 .ARM.attributes
                0x000009b4       0x2d c:/program files (x86)/cypress/psoc creator/4.3/psoc creator/import/gnu/arm/5.4.1/bin/../lib/gcc/arm-none-eabi/5.4.1/../../../../arm-none-eabi/lib/armv7-m\libg_nano.a(lib_a-mlock.o)
 .ARM.attributes
                0x000009e1       0x2d c:/program files (x86)/cypress/psoc creator/4.3/psoc creator/import/gnu/arm/5.4.1/bin/../lib/gcc/arm-none-eabi/5.4.1/../../../../arm-none-eabi/lib/armv7-m\libg_nano.a(lib_a-nano-msizer.o)
 .ARM.attributes
                0x00000a0e       0x2d c:/program files (x86)/cypress/psoc creator/4.3/psoc creator/import/gnu/arm/5.4.1/bin/../lib/gcc/arm-none-eabi/5.4.1/../../../../arm-none-eabi/lib/armv7-m\libg_nano.a(lib_a-reent.o)
 .ARM.attributes
                0x00000a3b       0x2d c:/program files (x86)/cypress/psoc creator/4.3/psoc creator/import/gnu/arm/5.4.1/bin/../lib/gcc/arm-none-eabi/5.4.1/armv7-m/crtend.o
 .ARM.attributes
                0x00000a68       0x1d c:/program files (x86)/cypress/psoc creator/4.3/psoc creator/import/gnu/arm/5.4.1/bin/../lib/gcc/arm-none-eabi/5.4.1/armv7-m/crtn.o

/DISCARD/
 *(.note.GNU-stack)
OUTPUT(C:\Users\Susanna\Desktop\Final_Project_DiGiacomo_Palmieri\Final_Project2.cydsn\Final_prova.cydsn\CortexM3\ARM_GCC_541\Debug\Final_prova.elf elf32-littlearm)
