Archive member included to satisfy reference by file (symbol)

.\CortexM3\ARM_GCC_541\Debug\final_prova.a(UART.o)
                              .\CortexM3\ARM_GCC_541\Debug\main.o (UART_Start)
.\CortexM3\ARM_GCC_541\Debug\final_prova.a(I2C_Master.o)
                              .\CortexM3\ARM_GCC_541\Debug\I2C_Interface.o (I2C_Master_Start)
.\CortexM3\ARM_GCC_541\Debug\final_prova.a(I2C_Master_INT.o)
                              .\CortexM3\ARM_GCC_541\Debug\final_prova.a(I2C_Master.o) (I2C_Master_ISR)
.\CortexM3\ARM_GCC_541\Debug\final_prova.a(I2C_Master_PM.o)
                              .\CortexM3\ARM_GCC_541\Debug\final_prova.a(I2C_Master.o) (I2C_Master_backup)
.\CortexM3\ARM_GCC_541\Debug\final_prova.a(I2C_Master_MASTER.o)
                              .\CortexM3\ARM_GCC_541\Debug\final_prova.a(I2C_Master.o) (I2C_Master_mstrStatus)
.\CortexM3\ARM_GCC_541\Debug\final_prova.a(SPIM.o)
                              .\CortexM3\ARM_GCC_541\Debug\SPI_Interface.o (SPIM_ReadTxStatus)
.\CortexM3\ARM_GCC_541\Debug\final_prova.a(SPIM_INT.o)
                              .\CortexM3\ARM_GCC_541\Debug\final_prova.a(SPIM.o) (SPIM_TX_ISR)
.\CortexM3\ARM_GCC_541\Debug\final_prova.a(CS.o)
                              .\CortexM3\ARM_GCC_541\Debug\SPI_Interface.o (CS_Write)
.\CortexM3\ARM_GCC_541\Debug\final_prova.a(PWM_B.o)
                              .\CortexM3\ARM_GCC_541\Debug\RGBLedDriver.o (PWM_B_Stop)
.\CortexM3\ARM_GCC_541\Debug\final_prova.a(PWM_RG.o)
                              .\CortexM3\ARM_GCC_541\Debug\RGBLedDriver.o (PWM_RG_Stop)
.\CortexM3\ARM_GCC_541\Debug\final_prova.a(ADC_DelSig.o)
                              .\CortexM3\ARM_GCC_541\Debug\main.o (ADC_DelSig_Start)
.\CortexM3\ARM_GCC_541\Debug\final_prova.a(ADC_DelSig_INT.o)
                              .\CortexM3\ARM_GCC_541\Debug\final_prova.a(ADC_DelSig.o) (ADC_DelSig_ISR1)
.\CortexM3\ARM_GCC_541\Debug\final_prova.a(UART_IntClock.o)
                              .\CortexM3\ARM_GCC_541\Debug\final_prova.a(UART.o) (UART_IntClock_Start)
.\CortexM3\ARM_GCC_541\Debug\final_prova.a(SPIM_IntClock.o)
                              .\CortexM3\ARM_GCC_541\Debug\final_prova.a(SPIM.o) (SPIM_IntClock_Start)
.\CortexM3\ARM_GCC_541\Debug\final_prova.a(ADC_DelSig_AMux.o)
                              .\CortexM3\ARM_GCC_541\Debug\final_prova.a(ADC_DelSig.o) (ADC_DelSig_AMux_Select)
.\CortexM3\ARM_GCC_541\Debug\final_prova.a(ADC_DelSig_Ext_CP_Clk.o)
                              .\CortexM3\ARM_GCC_541\Debug\final_prova.a(ADC_DelSig.o) (ADC_DelSig_Ext_CP_Clk_SetModeRegister)
.\CortexM3\ARM_GCC_541\Debug\final_prova.a(ADC_DelSig_theACLK.o)
                              .\CortexM3\ARM_GCC_541\Debug\final_prova.a(ADC_DelSig.o) (ADC_DelSig_theACLK_SetModeRegister)
.\CortexM3\ARM_GCC_541\Debug\final_prova.a(CyLib.o)
                              .\CortexM3\ARM_GCC_541\Debug\Cm3Start.o (CyHalt)
.\CortexM3\ARM_GCC_541\Debug\final_prova.a(cyPm.o)
                              .\CortexM3\ARM_GCC_541\Debug\final_prova.a(CyLib.o) (CyPmReadStatus)
.\CortexM3\ARM_GCC_541\Debug\final_prova.a(BUTTON.o)
                              .\CortexM3\ARM_GCC_541\Debug\SW_State.o (BUTTON_Read)
.\CortexM3\ARM_GCC_541\Debug\final_prova.a(PWM_ONBOARD.o)
                              .\CortexM3\ARM_GCC_541\Debug\main.o (PWM_ONBOARD_Stop)
.\CortexM3\ARM_GCC_541\Debug\final_prova.a(ISR_SW.o)
                              .\CortexM3\ARM_GCC_541\Debug\main.o (ISR_SW_StartEx)
.\CortexM3\ARM_GCC_541\Debug\final_prova.a(Timer_SW.o)
                              .\CortexM3\ARM_GCC_541\Debug\SW_State.o (Timer_SW_Stop)
.\CortexM3\ARM_GCC_541\Debug\final_prova.a(CyBootAsmGnu.o)
                              .\CortexM3\ARM_GCC_541\Debug\cyfitter_cfg.o (CyDelayCycles)
.\CortexM3\ARM_GCC_541\Debug\final_prova.a(CyFlash.o)
                              .\CortexM3\ARM_GCC_541\Debug\final_prova.a(cyPm.o) (CyFlash_SetWaitCycles)
.\CortexM3\ARM_GCC_541\Debug\final_prova.a(CySpc.o)
                              .\CortexM3\ARM_GCC_541\Debug\final_prova.a(CyFlash.o) (CySpcStart)
c:/program files (x86)/cypress/psoc creator/4.3/psoc creator/import/gnu/arm/5.4.1/bin/../lib/gcc/arm-none-eabi/5.4.1/armv7-m\libgcc.a(_arm_addsubdf3.o)
                              .\CortexM3\ARM_GCC_541\Debug\final_prova.a(ADC_DelSig.o) (__aeabi_f2d)
c:/program files (x86)/cypress/psoc creator/4.3/psoc creator/import/gnu/arm/5.4.1/bin/../lib/gcc/arm-none-eabi/5.4.1/armv7-m\libgcc.a(_arm_cmpdf2.o)
                              .\CortexM3\ARM_GCC_541\Debug\final_prova.a(ADC_DelSig.o) (__aeabi_dcmpgt)
c:/program files (x86)/cypress/psoc creator/4.3/psoc creator/import/gnu/arm/5.4.1/bin/../lib/gcc/arm-none-eabi/5.4.1/armv7-m\libgcc.a(_arm_addsubsf3.o)
                              .\CortexM3\ARM_GCC_541\Debug\final_prova.a(ADC_DelSig.o) (__aeabi_ui2f)
c:/program files (x86)/cypress/psoc creator/4.3/psoc creator/import/gnu/arm/5.4.1/bin/../lib/gcc/arm-none-eabi/5.4.1/armv7-m\libgcc.a(_arm_muldivsf3.o)
[...]
Memory Configuration

Name             Origin             Length             Attributes
rom              0x00000000         0x00040000         xr
ram              0x1fff8000         0x00010000         xrw
*default*        0x00000000         0xffffffff

Linker script and memory map

LOAD c:/program files (x86)/cypress/psoc creator/4.3/psoc creator/import/gnu/arm/5.4.1/bin/../lib/gcc/arm-none-eabi/5.4.1/armv7-m/crti.o
LOAD c:/program files (x86)/cypress/psoc creator/4.3/psoc creator/import/gnu/arm/5.4.1/bin/../lib/gcc/arm-none-eabi/5.4.1/armv7-m/crtbegin.o
LOAD c:/program files (x86)/cypress/psoc creator/4.3/psoc creator/import/gnu/arm/5.4.1/bin/../lib/gcc/arm-none-eabi/5.4.1/../../../../arm-none-eabi/lib/armv7-m/crt0.o
START GROUP
LOAD .\CortexM3\ARM_GCC_541\Debug\main.o
LOAD .\CortexM3\ARM_GCC_541\Debug\I2C_Interface.o
LOAD .\CortexM3\ARM_GCC_541\Debug\InterruptRoutines.o
LOAD .\CortexM3\ARM_GCC_541\Debug\SW_State.o
LOAD .\CortexM3\ARM_GCC_541\Debug\RGBLedDriver.o
LOAD .\CortexM3\ARM_GCC_541\Debug\SettingParameter.o
LOAD .\CortexM3\ARM_GCC_541\Debug\25LC256.o
LOAD .\CortexM3\ARM_GCC_541\Debug\SPI_Interface.o
LOAD .\CortexM3\ARM_GCC_541\Debug\cyfitter_cfg.o
LOAD .\CortexM3\ARM_GCC_541\Debug\cymetadata.o
LOAD .\CortexM3\ARM_GCC_541\Debug\Cm3Start.o
LOAD .\CortexM3\ARM_GCC_541\Debug\final_prova.a
LOAD C:\Program Files (x86)\Cypress\PSoC Creator\4.3\PSoC Creator\psoc\content\cycomponentlibrary\CyComponentLibrary.cylib\CortexM3\ARM_GCC_541\Debug\CyComponentLibrary.a
END GROUP
START GROUP
LOAD c:/program files (x86)/cypress/psoc creator/4.3/psoc creator/import/gnu/arm/5.4.1/bin/../lib/gcc/arm-none-eabi/5.4.1/armv7-m\libgcc.a
LOAD c:/program files (x86)/cypress/psoc creator/4.3/psoc creator/import/gnu/arm/5.4.1/bin/../lib/gcc/arm-none-eabi/5.4.1/../../../../arm-none-eabi/lib/armv7-m\libg_nano.a
LOAD c:/program files (x86)/cypress/psoc creator/4.3/psoc creator/import/gnu/arm/5.4.1/bin/../lib/gcc/arm-none-eabi/5.4.1/../../../../arm-none-eabi/lib/armv7-m\libc_nano.a
END GROUP
START GROUP
LOAD c:/program files (x86)/cypress/psoc creator/4.3/psoc creator/import/gnu/arm/5.4.1/bin/../lib/gcc/arm-none-eabi/5.4.1/armv7-m\libgcc.a
LOAD c:/program files (x86)/cypress/psoc creator/4.3/psoc creator/import/gnu/arm/5.4.1/bin/../lib/gcc/arm-none-eabi/5.4.1/../../../../arm-none-eabi/lib/armv7-m\libc_nano.a
END GROUP
LOAD c:/program files (x86)/cypress/psoc creator/4.3/psoc creator/import/gnu/arm/5.4.1/bin/../lib/gcc/arm-none-eabi/5.4.1/armv7-m/crtend.o
LOAD c:/program files (x86)/cypress/psoc creator/4.3/psoc creator/import/gnu/arm/5.4.1/bin/../lib/gcc/arm-none-eabi/5.4.1/armv7-m/crtn.o
START GROUP
LOAD c:/program files (x86)/cypress/psoc creator/4.3/psoc creator/import/gnu/arm/5.4.1/bin/../lib/gcc/arm-none-eabi/5.4.1/armv7-m\libgcc.a
LOAD c:/program files (x86)/cypress/psoc creator/4.3/psoc creator/import/gnu/arm/5.4.1/bin/../lib/gcc/arm-none-eabi/5.4.1/../../../../arm-none-eabi/lib/armv7-m\libc.a
LOAD c:/program files (x86)/cypress/psoc creator/4.3/psoc creator/import/gnu/arm/5.4.1/bin/../lib/gcc/arm-none-eabi/5.4.1/../../../../arm-none-eabi/lib/armv7-m\libnosys.a
END GROUP
                0x00000000                CY_APPL_ORIGIN = 0x0
                0x00000100                CY_FLASH_ROW_SIZE = 0x100
                0x00000020                CY_ECC_ROW_SIZE = 0x20
                0x00000000                CY_EE_IN_BTLDR = 0x0
                0x00000000                CY_APPL_LOADABLE = 0x0
                0x00000800                CY_EE_SIZE = 0x800
                0x00000001                CY_APPL_NUM = 0x1
                0x00000001                CY_APPL_MAX = 0x1
                0x00000040                CY_METADATA_SIZE = 0x40
                0x00000000                CY_APPL_LOADABLE = 0x0
                0x00000000                CY_CHECKSUM_EXCLUDE_SIZE = ALIGN (0x0, CY_FLASH_ROW_SIZE)
                [!provide]                PROVIDE (__cy_heap_start, _end)
                0x00000001                PROVIDE (__cy_region_num, ((__cy_regions_end - __cy_regions) / 0x10))
                0x20008000                PROVIDE (__cy_stack, (ORIGIN (ram) + LENGTH (ram)))
                [!provide]                PROVIDE (__cy_heap_end, (__cy_stack - 0x800))

.cybootloader   0x00000000        0x0
 *(.cybootloader)
                0x00000000                appl1_start = CY_APPL_ORIGIN?CY_APPL_ORIGIN:ALIGN (CY_FLASH_ROW_SIZE)
                0x0001ff00                appl2_start = (appl1_start + ALIGN ((((LENGTH (rom) - appl1_start) - (0x2 * CY_FLASH_ROW_SIZE)) / 0x2), CY_FLASH_ROW_SIZE))
                0x00000000                appl_start = (CY_APPL_NUM == 0x1)?appl1_start:appl2_start
                0x00000000                ecc_offset = ((appl_start / CY_FLASH_ROW_SIZE) * CY_ECC_ROW_SIZE)
                0x00000000                ee_offset = (CY_APPL_LOADABLE && ! (CY_EE_IN_BTLDR))?((CY_EE_SIZE / CY_APPL_MAX) * (CY_APPL_NUM - 0x1)):0x0
                0x00000800                ee_size = (CY_APPL_LOADABLE && ! (CY_EE_IN_BTLDR))?(CY_EE_SIZE / CY_APPL_MAX):CY_EE_SIZE
                [!provide]                PROVIDE (CY_ECC_OFFSET, ecc_offset)

.text           0x00000000     0x3098
 CREATE_OBJECT_SYMBOLS
                0x00000000                PROVIDE (__cy_interrupt_vector, RomVectors)
 *(.romvectors)
 .romvectors    0x00000000       0x10 .\CortexM3\ARM_GCC_541\Debug\Cm3Start.o
                0x00000000                RomVectors
                0x00000001                ASSERT ((. != __cy_interrupt_vector), No interrupt vector)
                0x00000001                ASSERT (CY_APPL_ORIGIN?(SIZEOF (.cybootloader) <= CY_APPL_ORIGIN):0x1, Wrong image location)
                0x00000010                PROVIDE (__cy_reset, Reset)
 *(.text.Reset)
 .text.Reset    0x00000010       0x18 .\CortexM3\ARM_GCC_541\Debug\Cm3Start.o
                0x00000010                Reset
                0x00000001                ASSERT ((. != __cy_reset), No reset code)
 *(.dma_init)
                0x00000001                ASSERT ((((appl_start + .) <= 0x10000) || 0x1), DMA Init must be within the first 64k of flash)
 *(.text .text.* .gnu.linkonce.t.*)
 .text          0x00000028       0x5c c:/program files (x86)/cypress/psoc creator/4.3/psoc creator/import/gnu/arm/5.4.1/bin/../lib/gcc/arm-none-eabi/5.4.1/armv7-m/crtbegin.o
 .text.main     0x00000084      0x4d8 .\CortexM3\ARM_GCC_541\Debug\main.o
                0x00000084                main
 .text.I2C_Peripheral_Start
                0x0000055c        0xc .\CortexM3\ARM_GCC_541\Debug\I2C_Interface.o
                0x0000055c                I2C_Peripheral_Start
 .text.I2C_Peripheral_ReadRegister
                0x00000568       0x3c .\CortexM3\ARM_GCC_541\Debug\I2C_Interface.o
                0x00000568                I2C_Peripheral_ReadRegister
 .text.I2C_Peripheral_ReadRegisterMulti
                0x000005a4       0x64 .\CortexM3\ARM_GCC_541\Debug\I2C_Interface.o
                0x000005a4                I2C_Peripheral_ReadRegisterMulti
 .text.I2C_Peripheral_WriteRegister
                0x00000608       0x30 .\CortexM3\ARM_GCC_541\Debug\I2C_Interface.o
                0x00000608                I2C_Peripheral_WriteRegister
 .text.Switch_ISR
                0x00000638       0x20 .\CortexM3\ARM_GCC_541\Debug\InterruptRoutines.o
                0x00000638                Switch_ISR
 .text.Switch_State
                0x00000658       0xc4 .\CortexM3\ARM_GCC_541\Debug\SW_State.o
                0x00000658                Switch_State
 .text.RGBLed_Start
                0x0000071c        0xc .\CortexM3\ARM_GCC_541\Debug\RGBLedDriver.o
                0x0000071c                RGBLed_Start
 .text.RGBLed_Stop
                0x00000728        0xc .\CortexM3\ARM_GCC_541\Debug\RGBLedDriver.o
                0x00000728                RGBLed_Stop
 .text.set_PWM  0x00000734      0x29c .\CortexM3\ARM_GCC_541\Debug\RGBLedDriver.o
                0x00000734                set_PWM
 .text.setParameter
                0x000009d0      0x120 .\CortexM3\ARM_GCC_541\Debug\SettingParameter.o
                0x000009d0                setParameter
 .text.EEPROM_readStatus
                0x00000af0        0xc .\CortexM3\ARM_GCC_541\Debug\25LC256.o
                0x00000af0                EEPROM_readStatus
 .text.EEPROM_writeEnable
                0x00000afc        0xc .\CortexM3\ARM_GCC_541\Debug\25LC256.o
                0x00000afc                EEPROM_writeEnable
 .text.EEPROM_readByte
                0x00000b08       0x2c .\CortexM3\ARM_GCC_541\Debug\25LC256.o
                0x00000b08                EEPROM_readByte
 .text.EEPROM_writeByte
                0x00000b34       0x38 .\CortexM3\ARM_GCC_541\Debug\25LC256.o
                0x00000b34                EEPROM_writeByte
 .text.EEPROM_waitForWriteComplete
                0x00000b6c       0x10 .\CortexM3\ARM_GCC_541\Debug\25LC256.o
                0x00000b6c                EEPROM_waitForWriteComplete
 .text.SPI_Interface_tradeByte
                0x00000b7c       0x2c .\CortexM3\ARM_GCC_541\Debug\SPI_Interface.o
                0x00000b7c                SPI_Interface_tradeByte
 .text.SPI_Interface_ReadByte
                0x00000ba8       0x34 .\CortexM3\ARM_GCC_541\Debug\SPI_Interface.o
                0x00000ba8                SPI_Interface_ReadByte
 .text.SPI_Interface_Multi_RW
                0x00000bdc       0xb8 .\CortexM3\ARM_GCC_541\Debug\SPI_Interface.o
                0x00000bdc                SPI_Interface_Multi_RW
 .text.CyClockStartupError
                0x00000c94        0x4 .\CortexM3\ARM_GCC_541\Debug\cyfitter_cfg.o
 .text.cfg_write_bytes32
                0x00000c98       0x34 .\CortexM3\ARM_GCC_541\Debug\cyfitter_cfg.o
 .text.AnalogSetDefault
                0x00000ccc       0x40 .\CortexM3\ARM_GCC_541\Debug\cyfitter_cfg.o
 .text.CYMEMZERO
                0x00000d0c        0xc .\CortexM3\ARM_GCC_541\Debug\cyfitter_cfg.o
 .text.CYCONFIGCPY
                0x00000d18        0x8 .\CortexM3\ARM_GCC_541\Debug\cyfitter_cfg.o
 .text.ClockSetup
                0x00000d20      0x13c .\CortexM3\ARM_GCC_541\Debug\cyfitter_cfg.o
 .text.ADC_DelSig_AMux_Set
                0x00000e5c       0x1c .\CortexM3\ARM_GCC_541\Debug\cyfitter_cfg.o
                0x00000e5c                ADC_DelSig_AMux_Set
 .text.ADC_DelSig_AMux_Unset
                0x00000e78       0x1c .\CortexM3\ARM_GCC_541\Debug\cyfitter_cfg.o
                0x00000e78                ADC_DelSig_AMux_Unset
 .text.cyfitter_cfg
                0x00000e94      0x13c .\CortexM3\ARM_GCC_541\Debug\cyfitter_cfg.o
                0x00000e94                cyfitter_cfg
 .text.IntDefaultHandler
                0x00000fd0       0x10 .\CortexM3\ARM_GCC_541\Debug\Cm3Start.o
                0x00000fd0                IntDefaultHandler
 .text._sbrk    0x00000fe0       0x30 .\CortexM3\ARM_GCC_541\Debug\Cm3Start.o
                0x00000fe0                _sbrk
 .text.Start_c  0x00001010       0x4c .\CortexM3\ARM_GCC_541\Debug\Cm3Start.o
                0x00001010                Start_c
 .text.initialize_psoc
                0x0000105c       0x68 .\CortexM3\ARM_GCC_541\Debug\Cm3Start.o
                0x0000105c                initialize_psoc
 .text.UART_Init
                0x000010c4       0x28 .\CortexM3\ARM_GCC_541\Debug\final_prova.a(UART.o)
                0x000010c4                UART_Init
 .text.UART_Enable
                0x000010ec       0x38 .\CortexM3\ARM_GCC_541\Debug\final_prova.a(UART.o)
                0x000010ec                UART_Enable
 .text.UART_Start
                0x00001124       0x1c .\CortexM3\ARM_GCC_541\Debug\final_prova.a(UART.o)
                0x00001124                UART_Start
 .text.UART_PutChar
                0x00001140       0x18 .\CortexM3\ARM_GCC_541\Debug\final_prova.a(UART.o)
                0x00001140                UART_PutChar
 .text.UART_PutString
                0x00001158       0x24 .\CortexM3\ARM_GCC_541\Debug\final_prova.a(UART.o)
                0x00001158                UART_PutString
 .text.I2C_Master_Init
                0x0000117c       0x68 .\CortexM3\ARM_GCC_541\Debug\final_prova.a(I2C_Master.o)
                0x0000117c                I2C_Master_Init
 .text.I2C_Master_Enable
                0x000011e4       0x24 .\CortexM3\ARM_GCC_541\Debug\final_prova.a(I2C_Master.o)
                0x000011e4                I2C_Master_Enable
 .text.I2C_Master_Start
                0x00001208       0x28 .\CortexM3\ARM_GCC_541\Debug\final_prova.a(I2C_Master.o)
                0x00001208                I2C_Master_Start
 .text.I2C_Master_ISR
                0x00001230      0x2d0 .\CortexM3\ARM_GCC_541\Debug\final_prova.a(I2C_Master_INT.o)
                0x00001230                I2C_Master_ISR
 .text.I2C_Master_MasterSendStart
                0x00001500       0x80 .\CortexM3\ARM_GCC_541\Debug\final_prova.a(I2C_Master_MASTER.o)
                0x00001500                I2C_Master_MasterSendStart
 .text.I2C_Master_MasterSendRestart
                0x00001580       0x6c .\CortexM3\ARM_GCC_541\Debug\final_prova.a(I2C_Master_MASTER.o)
                0x00001580                I2C_Master_MasterSendRestart
 .text.I2C_Master_MasterSendStop
                0x000015ec       0x38 .\CortexM3\ARM_GCC_541\Debug\final_prova.a(I2C_Master_MASTER.o)
                0x000015ec                I2C_Master_MasterSendStop
 .text.I2C_Master_MasterWriteByte
                0x00001624       0x58 .\CortexM3\ARM_GCC_541\Debug\final_prova.a(I2C_Master_MASTER.o)
                0x00001624                I2C_Master_MasterWriteByte
 .text.I2C_Master_MasterReadByte
                0x0000167c       0x58 .\CortexM3\ARM_GCC_541\Debug\final_prova.a(I2C_Master_MASTER.o)
                0x0000167c                I2C_Master_MasterReadByte
 .text.SPIM_EnableTxInt
                0x000016d4        0xc .\CortexM3\ARM_GCC_541\Debug\final_prova.a(SPIM.o)
                0x000016d4                SPIM_EnableTxInt
 .text.SPIM_EnableRxInt
                0x000016e0        0xc .\CortexM3\ARM_GCC_541\Debug\final_prova.a(SPIM.o)
                0x000016e0                SPIM_EnableRxInt
 .text.SPIM_Enable
                0x000016ec       0x3c .\CortexM3\ARM_GCC_541\Debug\final_prova.a(SPIM.o)
                0x000016ec                SPIM_Enable
 .text.SPIM_DisableTxInt
                0x00001728        0xc .\CortexM3\ARM_GCC_541\Debug\final_prova.a(SPIM.o)
                0x00001728                SPIM_DisableTxInt
 .text.SPIM_DisableRxInt
                0x00001734        0xc .\CortexM3\ARM_GCC_541\Debug\final_prova.a(SPIM.o)
                0x00001734                SPIM_DisableRxInt
 .text.SPIM_ReadTxStatus
                0x00001740       0x28 .\CortexM3\ARM_GCC_541\Debug\final_prova.a(SPIM.o)
                0x00001740                SPIM_ReadTxStatus
 .text.SPIM_ReadRxStatus
                0x00001768       0x28 .\CortexM3\ARM_GCC_541\Debug\final_prova.a(SPIM.o)
                0x00001768                SPIM_ReadRxStatus
 .text.SPIM_WriteTxData
                0x00001790       0xd4 .\CortexM3\ARM_GCC_541\Debug\final_prova.a(SPIM.o)
                0x00001790                SPIM_WriteTxData
 .text.SPIM_ReadRxData
                0x00001864       0x64 .\CortexM3\ARM_GCC_541\Debug\final_prova.a(SPIM.o)
                0x00001864                SPIM_ReadRxData
 .text.SPIM_ClearRxBuffer
                0x000018c8       0x40 .\CortexM3\ARM_GCC_541\Debug\final_prova.a(SPIM.o)
                0x000018c8                SPIM_ClearRxBuffer
 .text.SPIM_ClearTxBuffer
                0x00001908       0x54 .\CortexM3\ARM_GCC_541\Debug\final_prova.a(SPIM.o)
                0x00001908                SPIM_ClearTxBuffer
 .text.SPIM_PutArray
                0x0000195c       0x20 .\CortexM3\ARM_GCC_541\Debug\final_prova.a(SPIM.o)
                0x0000195c                SPIM_PutArray
 .text.SPIM_ClearFIFO
                0x0000197c       0x3c .\CortexM3\ARM_GCC_541\Debug\final_prova.a(SPIM.o)
                0x0000197c                SPIM_ClearFIFO
 .text.SPIM_Init
                0x000019b8       0x90 .\CortexM3\ARM_GCC_541\Debug\final_prova.a(SPIM.o)
                0x000019b8                SPIM_Init
 .text.SPIM_Start
                0x00001a48       0x1c .\CortexM3\ARM_GCC_541\Debug\final_prova.a(SPIM.o)
                0x00001a48                SPIM_Start
 .text.SPIM_TX_ISR
                0x00001a64       0xa0 .\CortexM3\ARM_GCC_541\Debug\final_prova.a(SPIM_INT.o)
                0x00001a64                SPIM_TX_ISR
 .text.SPIM_RX_ISR
                0x00001b04       0xa0 .\CortexM3\ARM_GCC_541\Debug\final_prova.a(SPIM_INT.o)
                0x00001b04                SPIM_RX_ISR
 .text.CS_Write
                0x00001ba4       0x18 .\CortexM3\ARM_GCC_541\Debug\final_prova.a(CS.o)
                0x00001ba4                CS_Write
 .text.PWM_B_Enable
                0x00001bbc       0x10 .\CortexM3\ARM_GCC_541\Debug\final_prova.a(PWM_B.o)
                0x00001bbc                PWM_B_Enable
 .text.PWM_B_Stop
                0x00001bcc       0x10 .\CortexM3\ARM_GCC_541\Debug\final_prova.a(PWM_B.o)
                0x00001bcc                PWM_B_Stop
 .text.PWM_B_WriteCounter
                0x00001bdc        0xc .\CortexM3\ARM_GCC_541\Debug\final_prova.a(PWM_B.o)
                0x00001bdc                PWM_B_WriteCounter
 .text.PWM_B_WritePeriod
                0x00001be8        0xc .\CortexM3\ARM_GCC_541\Debug\final_prova.a(PWM_B.o)
                0x00001be8                PWM_B_WritePeriod
 .text.PWM_B_WriteCompare
                0x00001bf4        0xc .\CortexM3\ARM_GCC_541\Debug\final_prova.a(PWM_B.o)
                0x00001bf4                PWM_B_WriteCompare
 .text.PWM_B_SetInterruptMode
                0x00001c00        0xc .\CortexM3\ARM_GCC_541\Debug\final_prova.a(PWM_B.o)
                0x00001c00                PWM_B_SetInterruptMode
 .text.PWM_B_ReadStatusRegister
                0x00001c0c        0xc .\CortexM3\ARM_GCC_541\Debug\final_prova.a(PWM_B.o)
                0x00001c0c                PWM_B_ReadStatusRegister
 .text.PWM_B_ReadCapture
                0x00001c18        0xc .\CortexM3\ARM_GCC_541\Debug\final_prova.a(PWM_B.o)
                0x00001c18                PWM_B_ReadCapture
 .text.PWM_B_ClearFIFO
                0x00001c24       0x14 .\CortexM3\ARM_GCC_541\Debug\final_prova.a(PWM_B.o)
                0x00001c24                PWM_B_ClearFIFO
 .text.PWM_B_Init
                0x00001c38       0x50 .\CortexM3\ARM_GCC_541\Debug\final_prova.a(PWM_B.o)
                0x00001c38                PWM_B_Init
 .text.PWM_B_Start
                0x00001c88       0x1c .\CortexM3\ARM_GCC_541\Debug\final_prova.a(PWM_B.o)
                0x00001c88                PWM_B_Start
 .text.PWM_RG_Enable
                0x00001ca4       0x10 .\CortexM3\ARM_GCC_541\Debug\final_prova.a(PWM_RG.o)
                0x00001ca4                PWM_RG_Enable
 .text.PWM_RG_Stop
                0x00001cb4       0x10 .\CortexM3\ARM_GCC_541\Debug\final_prova.a(PWM_RG.o)
                0x00001cb4                PWM_RG_Stop
 .text.PWM_RG_WriteCounter
                0x00001cc4        0xc .\CortexM3\ARM_GCC_541\Debug\final_prova.a(PWM_RG.o)
                0x00001cc4                PWM_RG_WriteCounter
 .text.PWM_RG_WritePeriod
                0x00001cd0        0xc .\CortexM3\ARM_GCC_541\Debug\final_prova.a(PWM_RG.o)
                0x00001cd0                PWM_RG_WritePeriod
 .text.PWM_RG_WriteCompare1
                0x00001cdc        0xc .\CortexM3\ARM_GCC_541\Debug\final_prova.a(PWM_RG.o)
                0x00001cdc                PWM_RG_WriteCompare1
 .text.PWM_RG_WriteCompare2
                0x00001ce8        0xc .\CortexM3\ARM_GCC_541\Debug\final_prova.a(PWM_RG.o)
                0x00001ce8                PWM_RG_WriteCompare2
 .text.PWM_RG_SetInterruptMode
                0x00001cf4        0xc .\CortexM3\ARM_GCC_541\Debug\final_prova.a(PWM_RG.o)
                0x00001cf4                PWM_RG_SetInterruptMode
 .text.PWM_RG_ReadStatusRegister
                0x00001d00        0xc .\CortexM3\ARM_GCC_541\Debug\final_prova.a(PWM_RG.o)
                0x00001d00                PWM_RG_ReadStatusRegister
 .text.PWM_RG_ReadCapture
                0x00001d0c        0xc .\CortexM3\ARM_GCC_541\Debug\final_prova.a(PWM_RG.o)
                0x00001d0c                PWM_RG_ReadCapture
 .text.PWM_RG_ClearFIFO
                0x00001d18       0x14 .\CortexM3\ARM_GCC_541\Debug\final_prova.a(PWM_RG.o)
                0x00001d18                PWM_RG_ClearFIFO
 .text.PWM_RG_Init
                0x00001d2c       0x58 .\CortexM3\ARM_GCC_541\Debug\final_prova.a(PWM_RG.o)
                0x00001d2c                PWM_RG_Init
 .text.PWM_RG_Start
                0x00001d84       0x1c .\CortexM3\ARM_GCC_541\Debug\final_prova.a(PWM_RG.o)
                0x00001d84                PWM_RG_Start
 .text.ADC_DelSig_GainCompensation
                0x00001da0       0xdc .\CortexM3\ARM_GCC_541\Debug\final_prova.a(ADC_DelSig.o)
 .text.ADC_DelSig_SetDSMRef0Reg
                0x00001e7c       0x4c .\CortexM3\ARM_GCC_541\Debug\final_prova.a(ADC_DelSig.o)
 .text.ADC_DelSig_InitConfig
                0x00001ec8       0xe0 .\CortexM3\ARM_GCC_541\Debug\final_prova.a(ADC_DelSig.o)
 .text.ADC_DelSig_Init
                0x00001fa8       0xc4 .\CortexM3\ARM_GCC_541\Debug\final_prova.a(ADC_DelSig.o)
                0x00001fa8                ADC_DelSig_Init
 .text.ADC_DelSig_Enable
                0x0000206c       0xd8 .\CortexM3\ARM_GCC_541\Debug\final_prova.a(ADC_DelSig.o)
                0x0000206c                ADC_DelSig_Enable
 .text.ADC_DelSig_Start
                0x00002144       0x28 .\CortexM3\ARM_GCC_541\Debug\final_prova.a(ADC_DelSig.o)
                0x00002144                ADC_DelSig_Start
 .text.ADC_DelSig_StartConvert
                0x0000216c       0x10 .\CortexM3\ARM_GCC_541\Debug\final_prova.a(ADC_DelSig.o)
                0x0000216c                ADC_DelSig_StartConvert
 .text.ADC_DelSig_StopConvert
                0x0000217c       0x10 .\CortexM3\ARM_GCC_541\Debug\final_prova.a(ADC_DelSig.o)
                0x0000217c                ADC_DelSig_StopConvert
 .text.ADC_DelSig_IsEndConversion
                0x0000218c       0x30 .\CortexM3\ARM_GCC_541\Debug\final_prova.a(ADC_DelSig.o)
                0x0000218c                ADC_DelSig_IsEndConversion
 .text.ADC_DelSig_GetResult32
                0x000021bc       0x6c .\CortexM3\ARM_GCC_541\Debug\final_prova.a(ADC_DelSig.o)
                0x000021bc                ADC_DelSig_GetResult32
 .text.ADC_DelSig_CountsTo_mVolts
                0x00002228       0x24 .\CortexM3\ARM_GCC_541\Debug\final_prova.a(ADC_DelSig.o)
                0x00002228                ADC_DelSig_CountsTo_mVolts
 .text.ADC_DelSig_Read32
                0x0000224c       0x28 .\CortexM3\ARM_GCC_541\Debug\final_prova.a(ADC_DelSig.o)
                0x0000224c                ADC_DelSig_Read32
 .text.ADC_DelSig_ISR1
                0x00002274        0x4 .\CortexM3\ARM_GCC_541\Debug\final_prova.a(ADC_DelSig_INT.o)
                0x00002274                ADC_DelSig_ISR1
 .text.UART_IntClock_Start
                0x00002278       0x1c .\CortexM3\ARM_GCC_541\Debug\final_prova.a(UART_IntClock.o)
                0x00002278                UART_IntClock_Start
 .text.SPIM_IntClock_Start
                0x00002294       0x1c .\CortexM3\ARM_GCC_541\Debug\final_prova.a(SPIM_IntClock.o)
                0x00002294                SPIM_IntClock_Start
 .text.ADC_DelSig_AMux_Start
                0x000022b0       0x20 .\CortexM3\ARM_GCC_541\Debug\final_prova.a(ADC_DelSig_AMux.o)
                0x000022b0                ADC_DelSig_AMux_Start
 .text.ADC_DelSig_AMux_Select
                0x000022d0       0x18 .\CortexM3\ARM_GCC_541\Debug\final_prova.a(ADC_DelSig_AMux.o)
                0x000022d0                ADC_DelSig_AMux_Select
 .text.ADC_DelSig_Ext_CP_Clk_GetDividerRegister
                0x000022e8        0xc .\CortexM3\ARM_GCC_541\Debug\final_prova.a(ADC_DelSig_Ext_CP_Clk.o)
                0x000022e8                ADC_DelSig_Ext_CP_Clk_GetDividerRegister
 .text.ADC_DelSig_Ext_CP_Clk_SetModeRegister
                0x000022f4       0x14 .\CortexM3\ARM_GCC_541\Debug\final_prova.a(ADC_DelSig_Ext_CP_Clk.o)
                0x000022f4                ADC_DelSig_Ext_CP_Clk_SetModeRegister
 .text.ADC_DelSig_Ext_CP_Clk_GetSourceRegister
                0x00002308       0x10 .\CortexM3\ARM_GCC_541\Debug\final_prova.a(ADC_DelSig_Ext_CP_Clk.o)
                0x00002308                ADC_DelSig_Ext_CP_Clk_GetSourceRegister
 .text.ADC_DelSig_Ext_CP_Clk_SetDividerRegister
                0x00002318       0xd8 .\CortexM3\ARM_GCC_541\Debug\final_prova.a(ADC_DelSig_Ext_CP_Clk.o)
                0x00002318                ADC_DelSig_Ext_CP_Clk_SetDividerRegister
 .text.ADC_DelSig_theACLK_GetDividerRegister
                0x000023f0        0xc .\CortexM3\ARM_GCC_541\Debug\final_prova.a(ADC_DelSig_theACLK.o)
                0x000023f0                ADC_DelSig_theACLK_GetDividerRegister
 .text.ADC_DelSig_theACLK_SetModeRegister
                0x000023fc       0x14 .\CortexM3\ARM_GCC_541\Debug\final_prova.a(ADC_DelSig_theACLK.o)
                0x000023fc                ADC_DelSig_theACLK_SetModeRegister
 .text.ADC_DelSig_theACLK_GetSourceRegister
                0x00002410       0x10 .\CortexM3\ARM_GCC_541\Debug\final_prova.a(ADC_DelSig_theACLK.o)
                0x00002410                ADC_DelSig_theACLK_GetSourceRegister
 .text.ADC_DelSig_theACLK_SetDividerRegister
                0x00002420       0xd8 .\CortexM3\ARM_GCC_541\Debug\final_prova.a(ADC_DelSig_theACLK.o)
                0x00002420                ADC_DelSig_theACLK_SetDividerRegister
 .text.CyHalt   0x000024f8        0x4 .\CortexM3\ARM_GCC_541\Debug\final_prova.a(CyLib.o)
                0x000024f8                CyHalt
 .text.CyDelay  0x000024fc       0x2c .\CortexM3\ARM_GCC_541\Debug\final_prova.a(CyLib.o)
                0x000024fc                CyDelay
 .text.CyDelayUs
                0x00002528       0x14 .\CortexM3\ARM_GCC_541\Debug\final_prova.a(CyLib.o)
                0x00002528                CyDelayUs
 .text.CyIntSetVector
                0x0000253c       0x28 .\CortexM3\ARM_GCC_541\Debug\final_prova.a(CyLib.o)
                0x0000253c                CyIntSetVector
 .text.CyIntSetPriority
                0x00002564       0x30 .\CortexM3\ARM_GCC_541\Debug\final_prova.a(CyLib.o)
                0x00002564                CyIntSetPriority
 .text.BUTTON_Read
                0x00002594       0x10 .\CortexM3\ARM_GCC_541\Debug\final_prova.a(BUTTON.o)
                0x00002594                BUTTON_Read
 .text.PWM_ONBOARD_Enable
                0x000025a4       0x10 .\CortexM3\ARM_GCC_541\Debug\final_prova.a(PWM_ONBOARD.o)
                0x000025a4                PWM_ONBOARD_Enable
 .text.PWM_ONBOARD_Stop
                0x000025b4       0x10 .\CortexM3\ARM_GCC_541\Debug\final_prova.a(PWM_ONBOARD.o)
                0x000025b4                PWM_ONBOARD_Stop
 .text.PWM_ONBOARD_WriteCounter
                0x000025c4        0xc .\CortexM3\ARM_GCC_541\Debug\final_prova.a(PWM_ONBOARD.o)
                0x000025c4                PWM_ONBOARD_WriteCounter
 .text.PWM_ONBOARD_WritePeriod
                0x000025d0        0xc .\CortexM3\ARM_GCC_541\Debug\final_prova.a(PWM_ONBOARD.o)
                0x000025d0                PWM_ONBOARD_WritePeriod
 .text.PWM_ONBOARD_WriteCompare
                0x000025dc        0xc .\CortexM3\ARM_GCC_541\Debug\final_prova.a(PWM_ONBOARD.o)
                0x000025dc                PWM_ONBOARD_WriteCompare
 .text.PWM_ONBOARD_SetInterruptMode
                0x000025e8        0xc .\CortexM3\ARM_GCC_541\Debug\final_prova.a(PWM_ONBOARD.o)
                0x000025e8                PWM_ONBOARD_SetInterruptMode
 .text.PWM_ONBOARD_ReadStatusRegister
                0x000025f4        0xc .\CortexM3\ARM_GCC_541\Debug\final_prova.a(PWM_ONBOARD.o)
                0x000025f4                PWM_ONBOARD_ReadStatusRegister
 .text.PWM_ONBOARD_ReadCapture
                0x00002600        0xc .\CortexM3\ARM_GCC_541\Debug\final_prova.a(PWM_ONBOARD.o)
                0x00002600                PWM_ONBOARD_ReadCapture
 .text.PWM_ONBOARD_ClearFIFO
                0x0000260c       0x14 .\CortexM3\ARM_GCC_541\Debug\final_prova.a(PWM_ONBOARD.o)
                0x0000260c                PWM_ONBOARD_ClearFIFO
 .text.PWM_ONBOARD_Init
                0x00002620       0x50 .\CortexM3\ARM_GCC_541\Debug\final_prova.a(PWM_ONBOARD.o)
                0x00002620                PWM_ONBOARD_Init
 .text.PWM_ONBOARD_Start
                0x00002670       0x1c .\CortexM3\ARM_GCC_541\Debug\final_prova.a(PWM_ONBOARD.o)
                0x00002670                PWM_ONBOARD_Start
 .text.ISR_SW_SetVector
                0x0000268c        0xc .\CortexM3\ARM_GCC_541\Debug\final_prova.a(ISR_SW.o)
                0x0000268c                ISR_SW_SetVector
 .text.ISR_SW_SetPriority
                0x00002698       0x10 .\CortexM3\ARM_GCC_541\Debug\final_prova.a(ISR_SW.o)
                0x00002698                ISR_SW_SetPriority
 .text.ISR_SW_Enable
                0x000026a8        0xc .\CortexM3\ARM_GCC_541\Debug\final_prova.a(ISR_SW.o)
                0x000026a8                ISR_SW_Enable
 .text.ISR_SW_Disable
                0x000026b4        0xc .\CortexM3\ARM_GCC_541\Debug\final_prova.a(ISR_SW.o)
                0x000026b4                ISR_SW_Disable
 .text.ISR_SW_StartEx
                0x000026c0       0x1c .\CortexM3\ARM_GCC_541\Debug\final_prova.a(ISR_SW.o)
                0x000026c0                ISR_SW_StartEx
 .text.Timer_SW_Enable
                0x000026dc       0x10 .\CortexM3\ARM_GCC_541\Debug\final_prova.a(Timer_SW.o)
                0x000026dc                Timer_SW_Enable
 .text.Timer_SW_Stop
                0x000026ec       0x10 .\CortexM3\ARM_GCC_541\Debug\final_prova.a(Timer_SW.o)
                0x000026ec                Timer_SW_Stop
 .text.Timer_SW_SetInterruptMode
                0x000026fc        0xc .\CortexM3\ARM_GCC_541\Debug\final_prova.a(Timer_SW.o)
                0x000026fc                Timer_SW_SetInterruptMode
 .text.Timer_SW_ReadStatusRegister
                0x00002708        0xc .\CortexM3\ARM_GCC_541\Debug\final_prova.a(Timer_SW.o)
                0x00002708                Timer_SW_ReadStatusRegister
 .text.Timer_SW_WritePeriod
                0x00002714        0xc .\CortexM3\ARM_GCC_541\Debug\final_prova.a(Timer_SW.o)
                0x00002714                Timer_SW_WritePeriod
 .text.Timer_SW_ReadCapture
                0x00002720        0xc .\CortexM3\ARM_GCC_541\Debug\final_prova.a(Timer_SW.o)
                0x00002720                Timer_SW_ReadCapture
 .text.Timer_SW_WriteCounter
                0x0000272c        0xc .\CortexM3\ARM_GCC_541\Debug\final_prova.a(Timer_SW.o)
                0x0000272c                Timer_SW_WriteCounter
 .text.Timer_SW_ReadCounter
                0x00002738       0x14 .\CortexM3\ARM_GCC_541\Debug\final_prova.a(Timer_SW.o)
                0x00002738                Timer_SW_ReadCounter
 .text.Timer_SW_ClearFIFO
                0x0000274c       0x14 .\CortexM3\ARM_GCC_541\Debug\final_prova.a(Timer_SW.o)
                0x0000274c                Timer_SW_ClearFIFO
 .text.Timer_SW_Init
                0x00002760       0x30 .\CortexM3\ARM_GCC_541\Debug\final_prova.a(Timer_SW.o)
                0x00002760                Timer_SW_Init
 .text.Timer_SW_Start
                0x00002790       0x1c .\CortexM3\ARM_GCC_541\Debug\final_prova.a(Timer_SW.o)
                0x00002790                Timer_SW_Start
 *fill*         0x000027ac        0x4 
 .text          0x000027b0       0x20 .\CortexM3\ARM_GCC_541\Debug\final_prova.a(CyBootAsmGnu.o)
                0x000027b0                CyDelayCycles
                0x000027c0                CyEnterCriticalSection
                0x000027c8                CyExitCriticalSection
 .text.__errno  0x000027d0        0xc c:/program files (x86)/cypress/psoc creator/4.3/psoc creator/import/gnu/arm/5.4.1/bin/../lib/gcc/arm-none-eabi/5.4.1/../../../../arm-none-eabi/lib/armv7-m\libg_nano.a(lib_a-errno.o)
                0x000027d0                __errno
 .text.__libc_init_array
                0x000027dc       0x4c c:/program files (x86)/cypress/psoc creator/4.3/psoc creator/import/gnu/arm/5.4.1/bin/../lib/gcc/arm-none-eabi/5.4.1/../../../../arm-none-eabi/lib/armv7-m\libg_nano.a(lib_a-init.o)
                0x000027dc                __libc_init_array
 .text.memcpy   0x00002828       0x16 c:/program files (x86)/cypress/psoc creator/4.3/psoc creator/import/gnu/arm/5.4.1/bin/../lib/gcc/arm-none-eabi/5.4.1/../../../../arm-none-eabi/lib/armv7-m\libg_nano.a(lib_a-memcpy-stub.o)
                0x00002828                memcpy
 .text.memset   0x0000283e       0x10 c:/program files (x86)/cypress/psoc creator/4.3/psoc creator/import/gnu/arm/5.4.1/bin/../lib/gcc/arm-none-eabi/5.4.1/../../../../arm-none-eabi/lib/armv7-m\libg_nano.a(lib_a-memset.o)
                0x0000283e                memset
 *fill*         0x0000284e        0x2 
 .text.sprintf  0x00002850       0x48 c:/program files (x86)/cypress/psoc creator/4.3/psoc creator/import/gnu/arm/5.4.1/bin/../lib/gcc/arm-none-eabi/5.4.1/../../../../arm-none-eabi/lib/armv7-m\libg_nano.a(lib_a-sprintf.o)
                0x00002850                siprintf
                0x00002850                sprintf
 .text.__ssputs_r
                0x00002898       0xb2 c:/program files (x86)/cypress/psoc creator/4.3/psoc creator/import/gnu/arm/5.4.1/bin/../lib/gcc/arm-none-eabi/5.4.1/../../../../arm-none-eabi/lib/armv7-m\libg_nano.a(lib_a-nano-svfprintf.o)
                0x00002898                __ssputs_r
 *fill*         0x0000294a        0x2 
 .text._svfprintf_r
                0x0000294c      0x1e8 c:/program files (x86)/cypress/psoc creator/4.3/psoc creator/import/gnu/arm/5.4.1/bin/../lib/gcc/arm-none-eabi/5.4.1/../../../../arm-none-eabi/lib/armv7-m\libg_nano.a(lib_a-nano-svfprintf.o)
                0x0000294c                _svfiprintf_r
                0x0000294c                _svfprintf_r
 .text._printf_common
                0x00002b34       0xec c:/program files (x86)/cypress/psoc creator/4.3/psoc creator/import/gnu/arm/5.4.1/bin/../lib/gcc/arm-none-eabi/5.4.1/../../../../arm-none-eabi/lib/armv7-m\libg_nano.a(lib_a-nano-vfprintf_i.o)
                0x00002b34                _printf_common
 .text._printf_i
                0x00002c20      0x24c c:/program files (x86)/cypress/psoc creator/4.3/psoc creator/import/gnu/arm/5.4.1/bin/../lib/gcc/arm-none-eabi/5.4.1/../../../../arm-none-eabi/lib/armv7-m\libg_nano.a(lib_a-nano-vfprintf_i.o)
                0x00002c20                _printf_i
 .text.memchr   0x00002e6c       0x1c c:/program files (x86)/cypress/psoc creator/4.3/psoc creator/import/gnu/arm/5.4.1/bin/../lib/gcc/arm-none-eabi/5.4.1/../../../../arm-none-eabi/lib/armv7-m\libg_nano.a(lib_a-memchr-stub.o)
                0x00002e6c                memchr
 .text.memmove  0x00002e88       0x36 c:/program files (x86)/cypress/psoc creator/4.3/psoc creator/import/gnu/arm/5.4.1/bin/../lib/gcc/arm-none-eabi/5.4.1/../../../../arm-none-eabi/lib/armv7-m\libg_nano.a(lib_a-memmove.o)
                0x00002e88                memmove
 *fill*         0x00002ebe        0x2 
 .text._free_r  0x00002ec0       0x98 c:/program files (x86)/cypress/psoc creator/4.3/psoc creator/import/gnu/arm/5.4.1/bin/../lib/gcc/arm-none-eabi/5.4.1/../../../../arm-none-eabi/lib/armv7-m\libg_nano.a(lib_a-nano-freer.o)
                0x00002ec0                _free_r
 .text._malloc_r
                0x00002f58       0xbc c:/program files (x86)/cypress/psoc creator/4.3/psoc creator/import/gnu/arm/5.4.1/bin/../lib/gcc/arm-none-eabi/5.4.1/../../../../arm-none-eabi/lib/armv7-m\libg_nano.a(lib_a-nano-mallocr.o)
                0x00002f58                _malloc_r
 .text._realloc_r
                0x00003014       0x4c c:/program files (x86)/cypress/psoc creator/4.3/psoc creator/import/gnu/arm/5.4.1/bin/../lib/gcc/arm-none-eabi/5.4.1/../../../../arm-none-eabi/lib/armv7-m\libg_nano.a(lib_a-nano-reallocr.o)
                0x00003014                _realloc_r
 .text._sbrk_r  0x00003060       0x20 c:/program files (x86)/cypress/psoc creator/4.3/psoc creator/import/gnu/arm/5.4.1/bin/../lib/gcc/arm-none-eabi/5.4.1/../../../../arm-none-eabi/lib/armv7-m\libg_nano.a(lib_a-sbrkr.o)
                0x00003060                _sbrk_r
 .text.__malloc_lock
                0x00003080        0x2 c:/program files (x86)/cypress/psoc creator/4.3/psoc creator/import/gnu/arm/5.4.1/bin/../lib/gcc/arm-none-eabi/5.4.1/../../../../arm-none-eabi/lib/armv7-m\libg_nano.a(lib_a-mlock.o)
                0x00003080                __malloc_lock
 .text.__malloc_unlock
                0x00003082        0x2 c:/program files (x86)/cypress/psoc creator/4.3/psoc creator/import/gnu/arm/5.4.1/bin/../lib/gcc/arm-none-eabi/5.4.1/../../../../arm-none-eabi/lib/armv7-m\libg_nano.a(lib_a-mlock.o)
                0x00003082                __malloc_unlock
 .text._malloc_usable_size_r
                0x00003084       0x14 c:/program files (x86)/cypress/psoc creator/4.3/psoc creator/import/gnu/arm/5.4.1/bin/../lib/gcc/arm-none-eabi/5.4.1/../../../../arm-none-eabi/lib/armv7-m\libg_nano.a(lib_a-nano-msizer.o)
                0x00003084                _malloc_usable_size_r
 *(.plt)
 *(.gnu.warning)
 *(.glue_7t)
 .glue_7t       0x00003098        0x0 linker stubs
 *(.glue_7)
 .glue_7        0x00003098        0x0 linker stubs
 *(.vfp11_veneer)
 .vfp11_veneer  0x00003098        0x0 linker stubs
 *(.bootloader)
 *(.ARM.extab* .gnu.linkonce.armextab.*)
 *(.gcc_except_table)

.v4_bx          0x00003098        0x0
 .v4_bx         0x00003098        0x0 linker stubs

.iplt           0x00003098        0x0
 .iplt          0x00003098        0x0 c:/program files (x86)/cypress/psoc creator/4.3/psoc creator/import/gnu/arm/5.4.1/bin/../lib/gcc/arm-none-eabi/5.4.1/armv7-m/crtbegin.o

.eh_frame_hdr
 *(.eh_frame_hdr)

.eh_frame       0x00003098        0x4
 *(.eh_frame)
 .eh_frame      0x00003098        0x0 c:/program files (x86)/cypress/psoc creator/4.3/psoc creator/import/gnu/arm/5.4.1/bin/../lib/gcc/arm-none-eabi/5.4.1/armv7-m/crtbegin.o
 .eh_frame      0x00003098        0x4 c:/program files (x86)/cypress/psoc creator/4.3/psoc creator/import/gnu/arm/5.4.1/bin/../lib/gcc/arm-none-eabi/5.4.1/armv7-m/crtend.o
                [!provide]                PROVIDE (__exidx_start, .)

.ARM.exidx
 *(.ARM.exidx* .gnu.linkonce.armexidx.*)
                0x0000309c                __exidx_end = .

.rodata         0x0000309c      0x62c
 *(.rodata .rodata.* .gnu.linkonce.r.*)
 .rodata.str1.4
                0x0000309c      0x564 .\CortexM3\ARM_GCC_541\Debug\main.o
                                0x561 (size before relaxing)
 .rodata        0x00003600       0x5c .\CortexM3\ARM_GCC_541\Debug\cyfitter_cfg.o
                0x00003600                ADC_DelSig_AMux__addrTable
                0x00003608                ADC_DelSig_AMux__maskTable
 .rodata.str1.1
                0x0000365c        0x2 c:/program files (x86)/cypress/psoc creator/4.3/psoc creator/import/gnu/arm/5.4.1/bin/../lib/gcc/arm-none-eabi/5.4.1/../../../../arm-none-eabi/lib/armv7-m\libg_nano.a(lib_a-impure.o)
 .rodata.str1.1
                0x0000365e       0x11 c:/program files (x86)/cypress/psoc creator/4.3/psoc creator/import/gnu/arm/5.4.1/bin/../lib/gcc/arm-none-eabi/5.4.1/../../../../arm-none-eabi/lib/armv7-m\libg_nano.a(lib_a-nano-svfprintf.o)
 .rodata.str1.1
                0x0000366f       0x22 c:/program files (x86)/cypress/psoc creator/4.3/psoc creator/import/gnu/arm/5.4.1/bin/../lib/gcc/arm-none-eabi/5.4.1/../../../../arm-none-eabi/lib/armv7-m\libg_nano.a(lib_a-nano-vfprintf_i.o)
                0x00003694                . = ALIGN (0x4)
 *fill*         0x00003691        0x3 
 *(.init)
 .init          0x00003694        0x4 c:/program files (x86)/cypress/psoc creator/4.3/psoc creator/import/gnu/arm/5.4.1/bin/../lib/gcc/arm-none-eabi/5.4.1/armv7-m/crti.o
                0x00003694                _init
 .init          0x00003698        0x8 c:/program files (x86)/cypress/psoc creator/4.3/psoc creator/import/gnu/arm/5.4.1/bin/../lib/gcc/arm-none-eabi/5.4.1/armv7-m/crtn.o
                0x000036a0                . = ALIGN (0x4)
                0x000036a0                __preinit_array_start = .
 *(.preinit_array)
                0x000036a0                __preinit_array_end = .
                0x000036a0                . = ALIGN (0x4)
                0x000036a0                __init_array_start = .
 *(SORT(.init_array.*))
 *(.init_array)
 .init_array    0x000036a0        0x4 c:/program files (x86)/cypress/psoc creator/4.3/psoc creator/import/gnu/arm/5.4.1/bin/../lib/gcc/arm-none-eabi/5.4.1/armv7-m/crtbegin.o
 .init_array    0x000036a4        0x4 .\CortexM3\ARM_GCC_541\Debug\Cm3Start.o
                0x000036a8                __init_array_end = .
                0x000036a8                . = ALIGN (0x4)
 *(.fini)
 .fini          0x000036a8        0x4 c:/program files (x86)/cypress/psoc creator/4.3/psoc creator/import/gnu/arm/5.4.1/bin/../lib/gcc/arm-none-eabi/5.4.1/armv7-m/crti.o
                0x000036a8                _fini
 .fini          0x000036ac        0x8 c:/program files (x86)/cypress/psoc creator/4.3/psoc creator/import/gnu/arm/5.4.1/bin/../lib/gcc/arm-none-eabi/5.4.1/armv7-m/crtn.o
                0x000036b4                . = ALIGN (0x4)
                0x000036b4                __fini_array_start = .
 *(.fini_array)
 .fini_array    0x000036b4        0x4 c:/program files (x86)/cypress/psoc creator/4.3/psoc creator/import/gnu/arm/5.4.1/bin/../lib/gcc/arm-none-eabi/5.4.1/armv7-m/crtbegin.o
 *(SORT(.fini_array.*))
                0x000036b8                __fini_array_end = .
                0x000036b8                . = ALIGN (0x4)
 *crtbegin.o(.ctors)
 *(EXCLUDE_FILE(*crtend.o) .ctors)
 *(SORT(.ctors.*))
 *crtend.o(.ctors)
                0x000036b8                . = ALIGN (0x4)
 *crtbegin.o(.dtors)
 *(EXCLUDE_FILE(*crtend.o) .dtors)
 *(SORT(.dtors.*))
 *crtend.o(.dtors)
                0x000036b8                . = ALIGN (0x4)
                0x000036b8                __cy_regions = .
                0x000036b8        0x4 LONG 0x36c8 __cy_region_init_ram
                0x000036bc        0x4 LONG 0x1fff80c8 __cy_region_start_data
                0x000036c0        0x4 LONG 0x88 __cy_region_init_size_ram
                0x000036c4        0x4 LONG 0xd8 __cy_region_zero_size_ram
                0x000036c8                __cy_regions_end = .
                0x000036c8                . = ALIGN (0x8)
                0x000036c8                _etext = .

.cy_checksum_exclude
                0x000036c8        0x0
 *(.cy_checksum_exclude)

.ramvectors     0x1fff8000       0xc0
                0x1fff8000                __cy_region_start_ram = .
 *(.ramvectors)
 .ramvectors    0x1fff8000       0xc0 .\CortexM3\ARM_GCC_541\Debug\Cm3Start.o
                0x1fff8000                CyRamVectors

.noinit         0x1fff80c0        0x1
 *(.noinit)
 .noinit        0x1fff80c0        0x1 .\CortexM3\ARM_GCC_541\Debug\final_prova.a(CyLib.o)
                0x1fff80c0                CyResetStatus

.data           0x1fff80c8       0x88 load address 0x000036c8
                0x1fff80c8                __cy_region_start_data = .
 *(.jcr)
 .jcr           0x1fff80c8        0x0 c:/program files (x86)/cypress/psoc creator/4.3/psoc creator/import/gnu/arm/5.4.1/bin/../lib/gcc/arm-none-eabi/5.4.1/armv7-m/crtbegin.o
 .jcr           0x1fff80c8        0x4 c:/program files (x86)/cypress/psoc creator/4.3/psoc creator/import/gnu/arm/5.4.1/bin/../lib/gcc/arm-none-eabi/5.4.1/armv7-m/crtend.o
 *(.got.plt)
 *(.got)
 *(.shdata)
 *(.data .data.* .gnu.linkonce.d.*)
 .data          0x1fff80cc        0x8 .\CortexM3\ARM_GCC_541\Debug\SW_State.o
                0x1fff80cc                device_state
                0x1fff80d0                t_dbl_click
 .data          0x1fff80d4        0x4 .\CortexM3\ARM_GCC_541\Debug\Cm3Start.o
 .data          0x1fff80d8        0x1 .\CortexM3\ARM_GCC_541\Debug\final_prova.a(ADC_DelSig.o)
                0x1fff80d8                ADC_DelSig_Config
 .data          0x1fff80d9        0x1 .\CortexM3\ARM_GCC_541\Debug\final_prova.a(ADC_DelSig_AMux.o)
 *fill*         0x1fff80da        0x2 
 .data          0x1fff80dc       0x10 .\CortexM3\ARM_GCC_541\Debug\final_prova.a(CyLib.o)
                0x1fff80dc                cydelay_32k_ms
                0x1fff80e0                cydelay_freq_khz
                0x1fff80e4                cydelay_freq_mhz
                0x1fff80e8                cydelay_freq_hz
 .data.impure_data
                0x1fff80ec       0x60 c:/program files (x86)/cypress/psoc creator/4.3/psoc creator/import/gnu/arm/5.4.1/bin/../lib/gcc/arm-none-eabi/5.4.1/../../../../arm-none-eabi/lib/armv7-m\libg_nano.a(lib_a-impure.o)
 .data._impure_ptr
                0x1fff814c        0x4 c:/program files (x86)/cypress/psoc creator/4.3/psoc creator/import/gnu/arm/5.4.1/bin/../lib/gcc/arm-none-eabi/5.4.1/../../../../arm-none-eabi/lib/armv7-m\libg_nano.a(lib_a-impure.o)
                0x1fff814c                _impure_ptr
                0x1fff8150                . = ALIGN (0x8)
 *(.ram)
                0x1fff8150                _edata = .

.igot.plt       0x1fff8150        0x0 load address 0x00003750
 .igot.plt      0x1fff8150        0x0 c:/program files (x86)/cypress/psoc creator/4.3/psoc creator/import/gnu/arm/5.4.1/bin/../lib/gcc/arm-none-eabi/5.4.1/armv7-m/crtbegin.o

.bss            0x1fff8150       0xd8 load address 0x00003750
                0x1fff8150                PROVIDE (__bss_start__, .)
 *(.shbss)
 *(.bss .bss.* .gnu.linkonce.b.*)
 .bss           0x1fff8150       0x1c c:/program files (x86)/cypress/psoc creator/4.3/psoc creator/import/gnu/arm/5.4.1/bin/../lib/gcc/arm-none-eabi/5.4.1/armv7-m/crtbegin.o
 .bss           0x1fff816c        0x8 .\CortexM3\ARM_GCC_541\Debug\SW_State.o
                0x1fff816c                time_elapsed
                0x1fff8170                time_now
 .bss           0x1fff8174        0x2 .\CortexM3\ARM_GCC_541\Debug\final_prova.a(UART.o)
                0x1fff8174                UART_initVar
 .bss           0x1fff8176        0x1 .\CortexM3\ARM_GCC_541\Debug\final_prova.a(I2C_Master.o)
                0x1fff8176                I2C_Master_initVar
 .bss           0x1fff8177        0x1 .\CortexM3\ARM_GCC_541\Debug\final_prova.a(SPIM.o)
                0x1fff8177                SPIM_initVar
 .bss           0x1fff8178        0x1 .\CortexM3\ARM_GCC_541\Debug\final_prova.a(PWM_B.o)
                0x1fff8178                PWM_B_initVar
 .bss           0x1fff8179        0x1 .\CortexM3\ARM_GCC_541\Debug\final_prova.a(PWM_RG.o)
                0x1fff8179                PWM_RG_initVar
 *fill*         0x1fff817a        0x2 
 .bss           0x1fff817c        0xc .\CortexM3\ARM_GCC_541\Debug\final_prova.a(ADC_DelSig.o)
                0x1fff8180                ADC_DelSig_stopConversion
                0x1fff8181                ADC_DelSig_convDone
                0x1fff8182                ADC_DelSig_initVar
                0x1fff8183                ADC_DelSig_started
                0x1fff8184                ADC_DelSig_Offset
 .bss           0x1fff8188        0x1 .\CortexM3\ARM_GCC_541\Debug\final_prova.a(PWM_ONBOARD.o)
                0x1fff8188                PWM_ONBOARD_initVar
 .bss           0x1fff8189        0x1 .\CortexM3\ARM_GCC_541\Debug\final_prova.a(Timer_SW.o)
                0x1fff8189                Timer_SW_initVar
 *fill*         0x1fff818a        0x2 
 .bss.__malloc_sbrk_start
                0x1fff818c        0x4 c:/program files (x86)/cypress/psoc creator/4.3/psoc creator/import/gnu/arm/5.4.1/bin/../lib/gcc/arm-none-eabi/5.4.1/../../../../arm-none-eabi/lib/armv7-m\libg_nano.a(lib_a-nano-mallocr.o)
                0x1fff818c                __malloc_sbrk_start
 .bss.__malloc_free_list
                0x1fff8190        0x4 c:/program files (x86)/cypress/psoc creator/4.3/psoc creator/import/gnu/arm/5.4.1/bin/../lib/gcc/arm-none-eabi/5.4.1/../../../../arm-none-eabi/lib/armv7-m\libg_nano.a(lib_a-nano-mallocr.o)
                0x1fff8190                __malloc_free_list
 *(COMMON)
 COMMON         0x1fff8194       0x11 .\CortexM3\ARM_GCC_541\Debug\main.o
                0x1fff8194                fullscale_range
                0x1fff8198                button_pressed
                0x1fff819c                Parameters
                0x1fff81a0                click_count
                0x1fff81a4                sensitivity
 *fill*         0x1fff81a5        0x1 
 COMMON         0x1fff81a6        0x4 .\CortexM3\ARM_GCC_541\Debug\RGBLedDriver.o
                0x1fff81a6                direction
                0x1fff81a8                step
 *fill*         0x1fff81aa        0x2 
 COMMON         0x1fff81ac       0x3d .\CortexM3\ARM_GCC_541\Debug\SettingParameter.o
                0x1fff81ac                ctrl_reg4
                0x1fff81b0                message
                0x1fff81e2                value_pot
                0x1fff81e4                value_digit_pot
                0x1fff81e8                error
 COMMON         0x1fff81e9        0x1 .\CortexM3\ARM_GCC_541\Debug\final_prova.a(I2C_Master.o)
                0x1fff81e9                I2C_Master_state
 *fill*         0x1fff81ea        0x2 
 COMMON         0x1fff81ec        0xf .\CortexM3\ARM_GCC_541\Debug\final_prova.a(I2C_Master_MASTER.o)
                0x1fff81ec                I2C_Master_mstrRdBufIndex
                0x1fff81ed                I2C_Master_mstrWrBufIndex
                0x1fff81ee                I2C_Master_mstrWrBufSize
                0x1fff81f0                I2C_Master_mstrWrBufPtr
                0x1fff81f4                I2C_Master_mstrRdBufPtr
                0x1fff81f8                I2C_Master_mstrControl
                0x1fff81f9                I2C_Master_mstrStatus
                0x1fff81fa                I2C_Master_mstrRdBufSize
 *fill*         0x1fff81fb        0x1 
 COMMON         0x1fff81fc       0x1e .\CortexM3\ARM_GCC_541\Debug\final_prova.a(SPIM.o)
                0x1fff81fc                SPIM_rxBufferFull
                0x1fff8200                SPIM_txBuffer
                0x1fff8208                SPIM_swStatusTx
                0x1fff820c                SPIM_rxBuffer
                0x1fff8214                SPIM_txBufferFull
                0x1fff8215                SPIM_txBufferRead
                0x1fff8216                SPIM_rxBufferWrite
                0x1fff8217                SPIM_txBufferWrite
                0x1fff8218                SPIM_rxBufferRead
                0x1fff8219                SPIM_swStatusRx
 *fill*         0x1fff821a        0x2 
 COMMON         0x1fff821c        0x4 .\CortexM3\ARM_GCC_541\Debug\final_prova.a(ADC_DelSig.o)
                0x1fff821c                ADC_DelSig_CountsPerVolt
 COMMON         0x1fff8220        0x4 c:/program files (x86)/cypress/psoc creator/4.3/psoc creator/import/gnu/arm/5.4.1/bin/../lib/gcc/arm-none-eabi/5.4.1/../../../../arm-none-eabi/lib/armv7-m\libg_nano.a(lib_a-reent.o)
                0x1fff8220                errno
                0x1fff8228                . = ALIGN (0x8)
 *fill*         0x1fff8224        0x4 
 *(.ram.b)
                0x1fff8228                _end = .
                0x1fff8228                __end = .
                0x1fff8228                PROVIDE (end, .)
                0x1fff8228                PROVIDE (__bss_end__, .)
                0x000036c8                __cy_region_init_ram = LOADADDR (.data)
                0x00000088                __cy_region_init_size_ram = (_edata - ADDR (.data))
                0x000000d8                __cy_region_zero_size_ram = (_end - _edata)

.heap           0x1fff8228       0x80 load address 0x00003750
                0x1fff8228                . = _end
                0x1fff82a8                . = (. + 0x80)
 *fill*         0x1fff8228       0x80 
                0x1fff82a8                __cy_heap_limit = .

.stack          0x20007800      0x800
                0x20007800                __cy_stack_limit = .
                0x20008000                . = (. + 0x800)
 *fill*         0x20007800      0x800 
                0x00000001                ASSERT ((__cy_stack_limit >= __cy_heap_limit), region RAM overflowed with stack)
                0x00000000                cy_checksum_exclude_size = (CY_APPL_LOADABLE == 0x1)?SIZEOF (.cy_checksum_exclude):0x0
                0x00000001                ASSERT ((cy_checksum_exclude_size <= CY_CHECKSUM_EXCLUDE_SIZE), CY_BOOT: Section .cy_checksum_exclude size exceedes specified limit.)

.cyloadermeta
 *(.cyloadermeta)

.cyloadablemeta
 *(.cyloadablemeta)

.cyconfigecc    0x80000000      0x98c
 *(.cyconfigecc)
 .cyconfigecc   0x80000000      0x98c .\CortexM3\ARM_GCC_541\Debug\cymetadata.o
                0x80000000                cy_meta_configecc

.cycustnvl      0x90000000        0x4
 *(.cycustnvl)
 .cycustnvl     0x90000000        0x4 .\CortexM3\ARM_GCC_541\Debug\cymetadata.o
                0x90000000                cy_meta_custnvl

.cywolatch      0x90100000        0x4
 *(.cywolatch)
 .cywolatch     0x90100000        0x4 .\CortexM3\ARM_GCC_541\Debug\cymetadata.o
                0x90100000                cy_meta_wonvl

.cyeeprom       0x90200000        0x0
 *(.cyeeprom)
                0x00000001                ASSERT ((. <= ((0x90200000 + ee_offset) + ee_size)), .cyeeprom data will not fit in EEPROM)

.cyflashprotect
                0x90400000      0x100
 *(.cyflashprotect)
 .cyflashprotect
                0x90400000      0x100 .\CortexM3\ARM_GCC_541\Debug\cymetadata.o
                0x90400000                cy_meta_flashprotect

.cymeta         0x90500000        0xc
 *(.cymeta)
 .cymeta        0x90500000        0xc .\CortexM3\ARM_GCC_541\Debug\cymetadata.o
                0x90500000                cy_metadata

.rel.dyn        0x00003750        0x0 load address 0x9050000c
 .rel.iplt      0x00003750        0x0 c:/program files (x86)/cypress/psoc creator/4.3/psoc creator/import/gnu/arm/5.4.1/bin/../lib/gcc/arm-none-eabi/5.4.1/armv7-m/crtbegin.o

.stab
 *(.stab)

.stabstr
 *(.stabstr)

.debug
 *(.debug)

.line
 *(.line)

.debug_srcinfo
 *(.debug_srcinfo)

.debug_sfnames
 *(.debug_sfnames)

.debug_aranges  0x00000000     0x1028
 *(.debug_aranges)
 .debug_aranges
                0x00000000       0x20 .\CortexM3\ARM_GCC_541\Debug\main.o
 .debug_aranges
                0x00000020       0x50 .\CortexM3\ARM_GCC_541\Debug\I2C_Interface.o
 .debug_aranges
                0x00000070       0x20 .\CortexM3\ARM_GCC_541\Debug\InterruptRoutines.o
 .debug_aranges
                0x00000090       0x20 .\CortexM3\ARM_GCC_541\Debug\SW_State.o
 .debug_aranges
                0x000000b0       0x30 .\CortexM3\ARM_GCC_541\Debug\RGBLedDriver.o
 .debug_aranges
                0x000000e0       0x20 .\CortexM3\ARM_GCC_541\Debug\SettingParameter.o
 .debug_aranges
                0x00000100       0x50 .\CortexM3\ARM_GCC_541\Debug\25LC256.o
 .debug_aranges
                0x00000150       0x38 .\CortexM3\ARM_GCC_541\Debug\SPI_Interface.o
 .debug_aranges
                0x00000188       0x68 .\CortexM3\ARM_GCC_541\Debug\cyfitter_cfg.o
 .debug_aranges
                0x000001f0       0x18 .\CortexM3\ARM_GCC_541\Debug\cymetadata.o
 .debug_aranges
                0x00000208       0x48 .\CortexM3\ARM_GCC_541\Debug\Cm3Start.o
 .debug_aranges
                0x00000250       0xf0 .\CortexM3\ARM_GCC_541\Debug\final_prova.a(UART.o)
 .debug_aranges
                0x00000340       0x38 .\CortexM3\ARM_GCC_541\Debug\final_prova.a(I2C_Master.o)
 .debug_aranges
                0x00000378       0x20 .\CortexM3\ARM_GCC_541\Debug\final_prova.a(I2C_Master_INT.o)
 .debug_aranges
                0x00000398       0x38 .\CortexM3\ARM_GCC_541\Debug\final_prova.a(I2C_Master_PM.o)
 .debug_aranges
                0x000003d0       0x80 .\CortexM3\ARM_GCC_541\Debug\final_prova.a(I2C_Master_MASTER.o)
 .debug_aranges
                0x00000450       0xd8 .\CortexM3\ARM_GCC_541\Debug\final_prova.a(SPIM.o)
 .debug_aranges
                0x00000528       0x28 .\CortexM3\ARM_GCC_541\Debug\final_prova.a(SPIM_INT.o)
 .debug_aranges
                0x00000550       0x38 .\CortexM3\ARM_GCC_541\Debug\final_prova.a(CS.o)
 .debug_aranges
                0x00000588       0x98 .\CortexM3\ARM_GCC_541\Debug\final_prova.a(PWM_B.o)
 .debug_aranges
                0x00000620       0xa8 .\CortexM3\ARM_GCC_541\Debug\final_prova.a(PWM_RG.o)
 .debug_aranges
                0x000006c8       0xe8 .\CortexM3\ARM_GCC_541\Debug\final_prova.a(ADC_DelSig.o)
 .debug_aranges
                0x000007b0       0x38 .\CortexM3\ARM_GCC_541\Debug\final_prova.a(ADC_DelSig_INT.o)
 .debug_aranges
                0x000007e8       0x70 .\CortexM3\ARM_GCC_541\Debug\final_prova.a(UART_IntClock.o)
 .debug_aranges
                0x00000858       0x70 .\CortexM3\ARM_GCC_541\Debug\final_prova.a(SPIM_IntClock.o)
 .debug_aranges
                0x000008c8       0x30 .\CortexM3\ARM_GCC_541\Debug\final_prova.a(ADC_DelSig_AMux.o)
 .debug_aranges
                0x000008f8       0x70 .\CortexM3\ARM_GCC_541\Debug\final_prova.a(ADC_DelSig_Ext_CP_Clk.o)
 .debug_aranges
                0x00000968       0x80 .\CortexM3\ARM_GCC_541\Debug\final_prova.a(ADC_DelSig_theACLK.o)
 .debug_aranges
                0x000009e8      0x2a0 .\CortexM3\ARM_GCC_541\Debug\final_prova.a(CyLib.o)
 .debug_aranges
                0x00000c88       0x98 .\CortexM3\ARM_GCC_541\Debug\final_prova.a(cyPm.o)
 .debug_aranges
                0x00000d20       0x38 .\CortexM3\ARM_GCC_541\Debug\final_prova.a(BUTTON.o)
 .debug_aranges
                0x00000d58       0x98 .\CortexM3\ARM_GCC_541\Debug\final_prova.a(PWM_ONBOARD.o)
 .debug_aranges
                0x00000df0       0x80 .\CortexM3\ARM_GCC_541\Debug\final_prova.a(ISR_SW.o)
 .debug_aranges
                0x00000e70       0x90 .\CortexM3\ARM_GCC_541\Debug\final_prova.a(Timer_SW.o)
 .debug_aranges
                0x00000f00       0x20 .\CortexM3\ARM_GCC_541\Debug\final_prova.a(CyBootAsmGnu.o)
 .debug_aranges
                0x00000f20       0x88 .\CortexM3\ARM_GCC_541\Debug\final_prova.a(CyFlash.o)
 .debug_aranges
                0x00000fa8       0x80 .\CortexM3\ARM_GCC_541\Debug\final_prova.a(CySpc.o)

.debug_pubnames
 *(.debug_pubnames)

.debug_info     0x00000000     0x9afc
 *(.debug_info .gnu.linkonce.wi.*)
 .debug_info    0x00000000      0xc76 .\CortexM3\ARM_GCC_541\Debug\main.o
 .debug_info    0x00000c76      0x4bd .\CortexM3\ARM_GCC_541\Debug\I2C_Interface.o
 .debug_info    0x00001133      0x107 .\CortexM3\ARM_GCC_541\Debug\InterruptRoutines.o
 .debug_info    0x0000123a      0x1bb .\CortexM3\ARM_GCC_541\Debug\SW_State.o
 .debug_info    0x000013f5      0x620 .\CortexM3\ARM_GCC_541\Debug\RGBLedDriver.o
 .debug_info    0x00001a15      0x277 .\CortexM3\ARM_GCC_541\Debug\SettingParameter.o
 .debug_info    0x00001c8c      0x3b4 .\CortexM3\ARM_GCC_541\Debug\25LC256.o
 .debug_info    0x00002040      0x3d4 .\CortexM3\ARM_GCC_541\Debug\SPI_Interface.o
 .debug_info    0x00002414      0x6c7 .\CortexM3\ARM_GCC_541\Debug\cyfitter_cfg.o
 .debug_info    0x00002adb      0x139 .\CortexM3\ARM_GCC_541\Debug\cymetadata.o
 .debug_info    0x00002c14      0x3bb .\CortexM3\ARM_GCC_541\Debug\Cm3Start.o
 .debug_info    0x00002fcf      0x60c .\CortexM3\ARM_GCC_541\Debug\final_prova.a(UART.o)
 .debug_info    0x000035db      0x2ab .\CortexM3\ARM_GCC_541\Debug\final_prova.a(I2C_Master.o)
 .debug_info    0x00003886      0x184 .\CortexM3\ARM_GCC_541\Debug\final_prova.a(I2C_Master_INT.o)
 .debug_info    0x00003a0a      0x207 .\CortexM3\ARM_GCC_541\Debug\final_prova.a(I2C_Master_PM.o)
 .debug_info    0x00003c11      0x407 .\CortexM3\ARM_GCC_541\Debug\final_prova.a(I2C_Master_MASTER.o)
 .debug_info    0x00004018      0x709 .\CortexM3\ARM_GCC_541\Debug\final_prova.a(SPIM.o)
 .debug_info    0x00004721      0x18d .\CortexM3\ARM_GCC_541\Debug\final_prova.a(SPIM_INT.o)
 .debug_info    0x000048ae      0x11f .\CortexM3\ARM_GCC_541\Debug\final_prova.a(CS.o)
 .debug_info    0x000049cd      0x333 .\CortexM3\ARM_GCC_541\Debug\final_prova.a(PWM_B.o)
 .debug_info    0x00004d00      0x381 .\CortexM3\ARM_GCC_541\Debug\final_prova.a(PWM_RG.o)
 .debug_info    0x00005081      0xa19 .\CortexM3\ARM_GCC_541\Debug\final_prova.a(ADC_DelSig.o)
 .debug_info    0x00005a9a       0xd3 .\CortexM3\ARM_GCC_541\Debug\final_prova.a(ADC_DelSig_INT.o)
 .debug_info    0x00005b6d      0x283 .\CortexM3\ARM_GCC_541\Debug\final_prova.a(UART_IntClock.o)
 .debug_info    0x00005df0      0x283 .\CortexM3\ARM_GCC_541\Debug\final_prova.a(SPIM_IntClock.o)
 .debug_info    0x00006073      0x165 .\CortexM3\ARM_GCC_541\Debug\final_prova.a(ADC_DelSig_AMux.o)
 .debug_info    0x000061d8      0x283 .\CortexM3\ARM_GCC_541\Debug\final_prova.a(ADC_DelSig_Ext_CP_Clk.o)
 .debug_info    0x0000645b      0x2c4 .\CortexM3\ARM_GCC_541\Debug\final_prova.a(ADC_DelSig_theACLK.o)
 .debug_info    0x0000671f     0x1374 .\CortexM3\ARM_GCC_541\Debug\final_prova.a(CyLib.o)
 .debug_info    0x00007a93      0xa2a .\CortexM3\ARM_GCC_541\Debug\final_prova.a(cyPm.o)
 .debug_info    0x000084bd      0x11f .\CortexM3\ARM_GCC_541\Debug\final_prova.a(BUTTON.o)
 .debug_info    0x000085dc      0x333 .\CortexM3\ARM_GCC_541\Debug\final_prova.a(PWM_ONBOARD.o)
 .debug_info    0x0000890f      0x2d2 .\CortexM3\ARM_GCC_541\Debug\final_prova.a(ISR_SW.o)
 .debug_info    0x00008be1      0x2cf .\CortexM3\ARM_GCC_541\Debug\final_prova.a(Timer_SW.o)
 .debug_info    0x00008eb0       0xaf .\CortexM3\ARM_GCC_541\Debug\final_prova.a(CyBootAsmGnu.o)
 .debug_info    0x00008f5f      0x64d .\CortexM3\ARM_GCC_541\Debug\final_prova.a(CyFlash.o)
 .debug_info    0x000095ac      0x550 .\CortexM3\ARM_GCC_541\Debug\final_prova.a(CySpc.o)

.debug_abbrev   0x00000000     0x29c3
 *(.debug_abbrev)
 .debug_abbrev  0x00000000      0x14e .\CortexM3\ARM_GCC_541\Debug\main.o
 .debug_abbrev  0x0000014e       0xf5 .\CortexM3\ARM_GCC_541\Debug\I2C_Interface.o
 .debug_abbrev  0x00000243       0x96 .\CortexM3\ARM_GCC_541\Debug\InterruptRoutines.o
 .debug_abbrev  0x000002d9       0xb1 .\CortexM3\ARM_GCC_541\Debug\SW_State.o
 .debug_abbrev  0x0000038a       0xcb .\CortexM3\ARM_GCC_541\Debug\RGBLedDriver.o
 .debug_abbrev  0x00000455       0xf1 .\CortexM3\ARM_GCC_541\Debug\SettingParameter.o
 .debug_abbrev  0x00000546      0x11c .\CortexM3\ARM_GCC_541\Debug\25LC256.o
 .debug_abbrev  0x00000662      0x12b .\CortexM3\ARM_GCC_541\Debug\SPI_Interface.o
 .debug_abbrev  0x0000078d      0x22d .\CortexM3\ARM_GCC_541\Debug\cyfitter_cfg.o
 .debug_abbrev  0x000009ba       0x77 .\CortexM3\ARM_GCC_541\Debug\cymetadata.o
 .debug_abbrev  0x00000a31      0x1e8 .\CortexM3\ARM_GCC_541\Debug\Cm3Start.o
 .debug_abbrev  0x00000c19      0x175 .\CortexM3\ARM_GCC_541\Debug\final_prova.a(UART.o)
 .debug_abbrev  0x00000d8e      0x10a .\CortexM3\ARM_GCC_541\Debug\final_prova.a(I2C_Master.o)
 .debug_abbrev  0x00000e98       0xb6 .\CortexM3\ARM_GCC_541\Debug\final_prova.a(I2C_Master_INT.o)
 .debug_abbrev  0x00000f4e       0xfe .\CortexM3\ARM_GCC_541\Debug\final_prova.a(I2C_Master_PM.o)
 .debug_abbrev  0x0000104c      0x13c .\CortexM3\ARM_GCC_541\Debug\final_prova.a(I2C_Master_MASTER.o)
 .debug_abbrev  0x00001188      0x162 .\CortexM3\ARM_GCC_541\Debug\final_prova.a(SPIM.o)
 .debug_abbrev  0x000012ea       0x8a .\CortexM3\ARM_GCC_541\Debug\final_prova.a(SPIM_INT.o)
 .debug_abbrev  0x00001374       0x90 .\CortexM3\ARM_GCC_541\Debug\final_prova.a(CS.o)
 .debug_abbrev  0x00001404      0x133 .\CortexM3\ARM_GCC_541\Debug\final_prova.a(PWM_B.o)
 .debug_abbrev  0x00001537      0x133 .\CortexM3\ARM_GCC_541\Debug\final_prova.a(PWM_RG.o)
 .debug_abbrev  0x0000166a      0x1eb .\CortexM3\ARM_GCC_541\Debug\final_prova.a(ADC_DelSig.o)
 .debug_abbrev  0x00001855       0x42 .\CortexM3\ARM_GCC_541\Debug\final_prova.a(ADC_DelSig_INT.o)
 .debug_abbrev  0x00001897      0x139 .\CortexM3\ARM_GCC_541\Debug\final_prova.a(UART_IntClock.o)
 .debug_abbrev  0x000019d0      0x139 .\CortexM3\ARM_GCC_541\Debug\final_prova.a(SPIM_IntClock.o)
 .debug_abbrev  0x00001b09       0xb1 .\CortexM3\ARM_GCC_541\Debug\final_prova.a(ADC_DelSig_AMux.o)
 .debug_abbrev  0x00001bba      0x139 .\CortexM3\ARM_GCC_541\Debug\final_prova.a(ADC_DelSig_Ext_CP_Clk.o)
 .debug_abbrev  0x00001cf3      0x121 .\CortexM3\ARM_GCC_541\Debug\final_prova.a(ADC_DelSig_theACLK.o)
 .debug_abbrev  0x00001e14      0x254 .\CortexM3\ARM_GCC_541\Debug\final_prova.a(CyLib.o)
 .debug_abbrev  0x00002068      0x1ab .\CortexM3\ARM_GCC_541\Debug\final_prova.a(cyPm.o)
 .debug_abbrev  0x00002213       0x90 .\CortexM3\ARM_GCC_541\Debug\final_prova.a(BUTTON.o)
 .debug_abbrev  0x000022a3      0x133 .\CortexM3\ARM_GCC_541\Debug\final_prova.a(PWM_ONBOARD.o)
 .debug_abbrev  0x000023d6      0x173 .\CortexM3\ARM_GCC_541\Debug\final_prova.a(ISR_SW.o)
 .debug_abbrev  0x00002549      0x12b .\CortexM3\ARM_GCC_541\Debug\final_prova.a(Timer_SW.o)
 .debug_abbrev  0x00002674       0x14 .\CortexM3\ARM_GCC_541\Debug\final_prova.a(CyBootAsmGnu.o)
 .debug_abbrev  0x00002688      0x1a7 .\CortexM3\ARM_GCC_541\Debug\final_prova.a(CyFlash.o)
 .debug_abbrev  0x0000282f      0x194 .\CortexM3\ARM_GCC_541\Debug\final_prova.a(CySpc.o)

.debug_line     0x00000000     0x4511
 *(.debug_line)
 .debug_line    0x00000000      0x37c .\CortexM3\ARM_GCC_541\Debug\main.o
 .debug_line    0x0000037c      0x208 .\CortexM3\ARM_GCC_541\Debug\I2C_Interface.o
 .debug_line    0x00000584      0x18d .\CortexM3\ARM_GCC_541\Debug\InterruptRoutines.o
 .debug_line    0x00000711      0x1c7 .\CortexM3\ARM_GCC_541\Debug\SW_State.o
 .debug_line    0x000008d8      0x250 .\CortexM3\ARM_GCC_541\Debug\RGBLedDriver.o
 .debug_line    0x00000b28      0x1e4 .\CortexM3\ARM_GCC_541\Debug\SettingParameter.o
 .debug_line    0x00000d0c      0x1e5 .\CortexM3\ARM_GCC_541\Debug\25LC256.o
 .debug_line    0x00000ef1      0x1f0 .\CortexM3\ARM_GCC_541\Debug\SPI_Interface.o
 .debug_line    0x000010e1      0x22f .\CortexM3\ARM_GCC_541\Debug\cyfitter_cfg.o
 .debug_line    0x00001310      0x141 .\CortexM3\ARM_GCC_541\Debug\cymetadata.o
 .debug_line    0x00001451      0x234 .\CortexM3\ARM_GCC_541\Debug\Cm3Start.o
 .debug_line    0x00001685      0x2bc .\CortexM3\ARM_GCC_541\Debug\final_prova.a(UART.o)
 .debug_line    0x00001941       0xee .\CortexM3\ARM_GCC_541\Debug\final_prova.a(I2C_Master.o)
 .debug_line    0x00001a2f      0x122 .\CortexM3\ARM_GCC_541\Debug\final_prova.a(I2C_Master_INT.o)
 .debug_line    0x00001b51       0xc9 .\CortexM3\ARM_GCC_541\Debug\final_prova.a(I2C_Master_PM.o)
 .debug_line    0x00001c1a      0x20b .\CortexM3\ARM_GCC_541\Debug\final_prova.a(I2C_Master_MASTER.o)
 .debug_line    0x00001e25      0x29a .\CortexM3\ARM_GCC_541\Debug\final_prova.a(SPIM.o)
 .debug_line    0x000020bf       0xa6 .\CortexM3\ARM_GCC_541\Debug\final_prova.a(SPIM_INT.o)
 .debug_line    0x00002165       0x8f .\CortexM3\ARM_GCC_541\Debug\final_prova.a(CS.o)
 .debug_line    0x000021f4      0x185 .\CortexM3\ARM_GCC_541\Debug\final_prova.a(PWM_B.o)
 .debug_line    0x00002379      0x1aa .\CortexM3\ARM_GCC_541\Debug\final_prova.a(PWM_RG.o)
 .debug_line    0x00002523      0x373 .\CortexM3\ARM_GCC_541\Debug\final_prova.a(ADC_DelSig.o)
 .debug_line    0x00002896       0x87 .\CortexM3\ARM_GCC_541\Debug\final_prova.a(ADC_DelSig_INT.o)
 .debug_line    0x0000291d      0x17c .\CortexM3\ARM_GCC_541\Debug\final_prova.a(UART_IntClock.o)
 .debug_line    0x00002a99      0x17c .\CortexM3\ARM_GCC_541\Debug\final_prova.a(SPIM_IntClock.o)
 .debug_line    0x00002c15       0xb3 .\CortexM3\ARM_GCC_541\Debug\final_prova.a(ADC_DelSig_AMux.o)
 .debug_line    0x00002cc8      0x184 .\CortexM3\ARM_GCC_541\Debug\final_prova.a(ADC_DelSig_Ext_CP_Clk.o)
 .debug_line    0x00002e4c      0x1a4 .\CortexM3\ARM_GCC_541\Debug\final_prova.a(ADC_DelSig_theACLK.o)
 .debug_line    0x00002ff0      0x816 .\CortexM3\ARM_GCC_541\Debug\final_prova.a(CyLib.o)
 .debug_line    0x00003806      0x367 .\CortexM3\ARM_GCC_541\Debug\final_prova.a(cyPm.o)
 .debug_line    0x00003b6d       0x93 .\CortexM3\ARM_GCC_541\Debug\final_prova.a(BUTTON.o)
 .debug_line    0x00003c00      0x18b .\CortexM3\ARM_GCC_541\Debug\final_prova.a(PWM_ONBOARD.o)
 .debug_line    0x00003d8b      0x133 .\CortexM3\ARM_GCC_541\Debug\final_prova.a(ISR_SW.o)
 .debug_line    0x00003ebe      0x173 .\CortexM3\ARM_GCC_541\Debug\final_prova.a(Timer_SW.o)
 .debug_line    0x00004031       0x66 .\CortexM3\ARM_GCC_541\Debug\final_prova.a(CyBootAsmGnu.o)
 .debug_line    0x00004097      0x21a .\CortexM3\ARM_GCC_541\Debug\final_prova.a(CyFlash.o)
 .debug_line    0x000042b1      0x260 .\CortexM3\ARM_GCC_541\Debug\final_prova.a(CySpc.o)

.debug_frame    0x00000000     0x2a38
 *(.debug_frame)
 .debug_frame   0x00000000       0x3c .\CortexM3\ARM_GCC_541\Debug\main.o
 .debug_frame   0x0000003c       0xfc .\CortexM3\ARM_GCC_541\Debug\I2C_Interface.o
 .debug_frame   0x00000138       0x2c .\CortexM3\ARM_GCC_541\Debug\InterruptRoutines.o
 .debug_frame   0x00000164       0x2c .\CortexM3\ARM_GCC_541\Debug\SW_State.o
 .debug_frame   0x00000190       0x70 .\CortexM3\ARM_GCC_541\Debug\RGBLedDriver.o
 .debug_frame   0x00000200       0x2c .\CortexM3\ARM_GCC_541\Debug\SettingParameter.o
 .debug_frame   0x0000022c       0xf8 .\CortexM3\ARM_GCC_541\Debug\25LC256.o
 .debug_frame   0x00000324       0x88 .\CortexM3\ARM_GCC_541\Debug\SPI_Interface.o
 .debug_frame   0x000003ac      0x104 .\CortexM3\ARM_GCC_541\Debug\cyfitter_cfg.o
 .debug_frame   0x000004b0       0xb8 .\CortexM3\ARM_GCC_541\Debug\Cm3Start.o
 .debug_frame   0x00000568      0x250 .\CortexM3\ARM_GCC_541\Debug\final_prova.a(UART.o)
 .debug_frame   0x000007b8       0x90 .\CortexM3\ARM_GCC_541\Debug\final_prova.a(I2C_Master.o)
 .debug_frame   0x00000848       0x30 .\CortexM3\ARM_GCC_541\Debug\final_prova.a(I2C_Master_INT.o)
 .debug_frame   0x00000878       0x74 .\CortexM3\ARM_GCC_541\Debug\final_prova.a(I2C_Master_PM.o)
 .debug_frame   0x000008ec      0x138 .\CortexM3\ARM_GCC_541\Debug\final_prova.a(I2C_Master_MASTER.o)
 .debug_frame   0x00000a24      0x260 .\CortexM3\ARM_GCC_541\Debug\final_prova.a(SPIM.o)
 .debug_frame   0x00000c84       0x30 .\CortexM3\ARM_GCC_541\Debug\final_prova.a(SPIM_INT.o)
 .debug_frame   0x00000cb4       0x50 .\CortexM3\ARM_GCC_541\Debug\final_prova.a(CS.o)
 .debug_frame   0x00000d04      0x134 .\CortexM3\ARM_GCC_541\Debug\final_prova.a(PWM_B.o)
 .debug_frame   0x00000e38      0x154 .\CortexM3\ARM_GCC_541\Debug\final_prova.a(PWM_RG.o)
 .debug_frame   0x00000f8c      0x284 .\CortexM3\ARM_GCC_541\Debug\final_prova.a(ADC_DelSig.o)
 .debug_frame   0x00001210       0x50 .\CortexM3\ARM_GCC_541\Debug\final_prova.a(ADC_DelSig_INT.o)
 .debug_frame   0x00001260       0xe0 .\CortexM3\ARM_GCC_541\Debug\final_prova.a(UART_IntClock.o)
 .debug_frame   0x00001340       0xe0 .\CortexM3\ARM_GCC_541\Debug\final_prova.a(SPIM_IntClock.o)
 .debug_frame   0x00001420       0x64 .\CortexM3\ARM_GCC_541\Debug\final_prova.a(ADC_DelSig_AMux.o)
 .debug_frame   0x00001484       0xe0 .\CortexM3\ARM_GCC_541\Debug\final_prova.a(ADC_DelSig_Ext_CP_Clk.o)
 .debug_frame   0x00001564      0x100 .\CortexM3\ARM_GCC_541\Debug\final_prova.a(ADC_DelSig_theACLK.o)
 .debug_frame   0x00001664      0x738 .\CortexM3\ARM_GCC_541\Debug\final_prova.a(CyLib.o)
 .debug_frame   0x00001d9c      0x1f8 .\CortexM3\ARM_GCC_541\Debug\final_prova.a(cyPm.o)
 .debug_frame   0x00001f94       0x50 .\CortexM3\ARM_GCC_541\Debug\final_prova.a(BUTTON.o)
 .debug_frame   0x00001fe4      0x134 .\CortexM3\ARM_GCC_541\Debug\final_prova.a(PWM_ONBOARD.o)
 .debug_frame   0x00002118      0x104 .\CortexM3\ARM_GCC_541\Debug\final_prova.a(ISR_SW.o)
 .debug_frame   0x0000221c      0x124 .\CortexM3\ARM_GCC_541\Debug\final_prova.a(Timer_SW.o)
 .debug_frame   0x00002340      0x194 .\CortexM3\ARM_GCC_541\Debug\final_prova.a(CyFlash.o)
 .debug_frame   0x000024d4      0x180 .\CortexM3\ARM_GCC_541\Debug\final_prova.a(CySpc.o)
 .debug_frame   0x00002654       0x20 c:/program files (x86)/cypress/psoc creator/4.3/psoc creator/import/gnu/arm/5.4.1/bin/../lib/gcc/arm-none-eabi/5.4.1/../../../../arm-none-eabi/lib/armv7-m\libg_nano.a(lib_a-errno.o)
 .debug_frame   0x00002674       0x28 c:/program files (x86)/cypress/psoc creator/4.3/psoc creator/import/gnu/arm/5.4.1/bin/../lib/gcc/arm-none-eabi/5.4.1/../../../../arm-none-eabi/lib/armv7-m\libg_nano.a(lib_a-exit.o)
 .debug_frame   0x0000269c       0x2c c:/program files (x86)/cypress/psoc creator/4.3/psoc creator/import/gnu/arm/5.4.1/bin/../lib/gcc/arm-none-eabi/5.4.1/../../../../arm-none-eabi/lib/armv7-m\libg_nano.a(lib_a-init.o)
 .debug_frame   0x000026c8       0x28 c:/program files (x86)/cypress/psoc creator/4.3/psoc creator/import/gnu/arm/5.4.1/bin/../lib/gcc/arm-none-eabi/5.4.1/../../../../arm-none-eabi/lib/armv7-m\libg_nano.a(lib_a-memcpy-stub.o)
 .debug_frame   0x000026f0       0x20 c:/program files (x86)/cypress/psoc creator/4.3/psoc creator/import/gnu/arm/5.4.1/bin/../lib/gcc/arm-none-eabi/5.4.1/../../../../arm-none-eabi/lib/armv7-m\libg_nano.a(lib_a-memset.o)
 .debug_frame   0x00002710       0x70 c:/program files (x86)/cypress/psoc creator/4.3/psoc creator/import/gnu/arm/5.4.1/bin/../lib/gcc/arm-none-eabi/5.4.1/../../../../arm-none-eabi/lib/armv7-m\libg_nano.a(lib_a-sprintf.o)
 .debug_frame   0x00002780       0x90 c:/program files (x86)/cypress/psoc creator/4.3/psoc creator/import/gnu/arm/5.4.1/bin/../lib/gcc/arm-none-eabi/5.4.1/../../../../arm-none-eabi/lib/armv7-m\libg_nano.a(lib_a-nano-svfprintf.o)
 .debug_frame   0x00002810       0x60 c:/program files (x86)/cypress/psoc creator/4.3/psoc creator/import/gnu/arm/5.4.1/bin/../lib/gcc/arm-none-eabi/5.4.1/../../../../arm-none-eabi/lib/armv7-m\libg_nano.a(lib_a-nano-vfprintf_i.o)
 .debug_frame   0x00002870       0x28 c:/program files (x86)/cypress/psoc creator/4.3/psoc creator/import/gnu/arm/5.4.1/bin/../lib/gcc/arm-none-eabi/5.4.1/../../../../arm-none-eabi/lib/armv7-m\libg_nano.a(lib_a-memchr-stub.o)
 .debug_frame   0x00002898       0x28 c:/program files (x86)/cypress/psoc creator/4.3/psoc creator/import/gnu/arm/5.4.1/bin/../lib/gcc/arm-none-eabi/5.4.1/../../../../arm-none-eabi/lib/armv7-m\libg_nano.a(lib_a-memmove.o)
 .debug_frame   0x000028c0       0x38 c:/program files (x86)/cypress/psoc creator/4.3/psoc creator/import/gnu/arm/5.4.1/bin/../lib/gcc/arm-none-eabi/5.4.1/../../../../arm-none-eabi/lib/armv7-m\libg_nano.a(lib_a-nano-freer.o)
 .debug_frame   0x000028f8       0x2c c:/program files (x86)/cypress/psoc creator/4.3/psoc creator/import/gnu/arm/5.4.1/bin/../lib/gcc/arm-none-eabi/5.4.1/../../../../arm-none-eabi/lib/armv7-m\libg_nano.a(lib_a-nano-mallocr.o)
 .debug_frame   0x00002924       0x3c c:/program files (x86)/cypress/psoc creator/4.3/psoc creator/import/gnu/arm/5.4.1/bin/../lib/gcc/arm-none-eabi/5.4.1/../../../../arm-none-eabi/lib/armv7-m\libg_nano.a(lib_a-nano-reallocr.o)
 .debug_frame   0x00002960       0x2c c:/program files (x86)/cypress/psoc creator/4.3/psoc creator/import/gnu/arm/5.4.1/bin/../lib/gcc/arm-none-eabi/5.4.1/../../../../arm-none-eabi/lib/armv7-m\libg_nano.a(lib_a-sbrkr.o)
 .debug_frame   0x0000298c       0x30 c:/program files (x86)/cypress/psoc creator/4.3/psoc creator/import/gnu/arm/5.4.1/bin/../lib/gcc/arm-none-eabi/5.4.1/../../../../arm-none-eabi/lib/armv7-m\libg_nano.a(lib_a-mlock.o)
 .debug_frame   0x000029bc       0x20 c:/program files (x86)/cypress/psoc creator/4.3/psoc creator/import/gnu/arm/5.4.1/bin/../lib/gcc/arm-none-eabi/5.4.1/../../../../arm-none-eabi/lib/armv7-m\libg_nano.a(lib_a-nano-msizer.o)
 .debug_frame   0x000029dc       0x5c c:/program files (x86)/cypress/psoc creator/4.3/psoc creator/import/gnu/arm/5.4.1/bin/../lib/gcc/arm-none-eabi/5.4.1/../../../../arm-none-eabi/lib/armv7-m\libg_nano.a(lib_a-reent.o)

.debug_str      0x00000000     0x3515
 *(.debug_str)
 .debug_str     0x00000000      0x44d .\CortexM3\ARM_GCC_541\Debug\main.o
                                0x4b7 (size before relaxing)
 .debug_str     0x0000044d      0x146 .\CortexM3\ARM_GCC_541\Debug\I2C_Interface.o
                                0x385 (size before relaxing)
 .debug_str     0x00000593       0x3b .\CortexM3\ARM_GCC_541\Debug\InterruptRoutines.o
                                0x20f (size before relaxing)
 .debug_str     0x000005ce       0x7f .\CortexM3\ARM_GCC_541\Debug\SW_State.o
                                0x26f (size before relaxing)
 .debug_str     0x0000064d       0x8a .\CortexM3\ARM_GCC_541\Debug\RGBLedDriver.o
                                0x307 (size before relaxing)
 .debug_str     0x000006d7       0x5a .\CortexM3\ARM_GCC_541\Debug\SettingParameter.o
                                0x2b9 (size before relaxing)
 .debug_str     0x00000731       0xdd .\CortexM3\ARM_GCC_541\Debug\25LC256.o
                                0x2df (size before relaxing)
 .debug_str     0x0000080e       0xe3 .\CortexM3\ARM_GCC_541\Debug\SPI_Interface.o
                                0x302 (size before relaxing)
 .debug_str     0x000008f1      0x211 .\CortexM3\ARM_GCC_541\Debug\cyfitter_cfg.o
                                0x3cb (size before relaxing)
 .debug_str     0x00000b02       0x75 .\CortexM3\ARM_GCC_541\Debug\cymetadata.o
                                0x203 (size before relaxing)
 .debug_str     0x00000b77      0x144 .\CortexM3\ARM_GCC_541\Debug\Cm3Start.o
                                0x329 (size before relaxing)
 .debug_str     0x00000cbb      0x2ba .\CortexM3\ARM_GCC_541\Debug\final_prova.a(UART.o)
                                0x494 (size before relaxing)
 .debug_str     0x00000f75      0x13a .\CortexM3\ARM_GCC_541\Debug\final_prova.a(I2C_Master.o)
                                0x354 (size before relaxing)
 .debug_str     0x000010af       0xb7 .\CortexM3\ARM_GCC_541\Debug\final_prova.a(I2C_Master_INT.o)
                                0x2cb (size before relaxing)
 .debug_str     0x00001166       0x79 .\CortexM3\ARM_GCC_541\Debug\final_prova.a(I2C_Master_PM.o)
                                0x2db (size before relaxing)
 .debug_str     0x000011df      0x150 .\CortexM3\ARM_GCC_541\Debug\final_prova.a(I2C_Master_MASTER.o)
                                0x464 (size before relaxing)
 .debug_str     0x0000132f      0x246 .\CortexM3\ARM_GCC_541\Debug\final_prova.a(SPIM.o)
                                0x4fd (size before relaxing)
 .debug_str     0x00001575       0x3a .\CortexM3\ARM_GCC_541\Debug\final_prova.a(SPIM_INT.o)
                                0x29a (size before relaxing)
 .debug_str     0x000015af       0x4e .\CortexM3\ARM_GCC_541\Debug\final_prova.a(CS.o)
                                0x1f2 (size before relaxing)
 .debug_str     0x000015fd      0x152 .\CortexM3\ARM_GCC_541\Debug\final_prova.a(PWM_B.o)
                                0x370 (size before relaxing)
 .debug_str     0x0000174f      0x14d .\CortexM3\ARM_GCC_541\Debug\final_prova.a(PWM_RG.o)
                                0x3ae (size before relaxing)
 .debug_str     0x0000189c      0x447 .\CortexM3\ARM_GCC_541\Debug\final_prova.a(ADC_DelSig.o)
                                0x707 (size before relaxing)
 .debug_str     0x00001ce3       0x68 .\CortexM3\ARM_GCC_541\Debug\final_prova.a(ADC_DelSig_INT.o)
                                0x202 (size before relaxing)
 .debug_str     0x00001d4b      0x17b .\CortexM3\ARM_GCC_541\Debug\final_prova.a(UART_IntClock.o)
                                0x355 (size before relaxing)
 .debug_str     0x00001ec6      0x138 .\CortexM3\ARM_GCC_541\Debug\final_prova.a(SPIM_IntClock.o)
                                0x355 (size before relaxing)
 .debug_str     0x00001ffe       0x7b .\CortexM3\ARM_GCC_541\Debug\final_prova.a(ADC_DelSig_AMux.o)
                                0x24f (size before relaxing)
 .debug_str     0x00002079      0x170 .\CortexM3\ARM_GCC_541\Debug\final_prova.a(ADC_DelSig_Ext_CP_Clk.o)
                                0x3b5 (size before relaxing)
 .debug_str     0x000021e9      0x1a3 .\CortexM3\ARM_GCC_541\Debug\final_prova.a(ADC_DelSig_theACLK.o)
                                0x3e2 (size before relaxing)
 .debug_str     0x0000238c      0x7c8 .\CortexM3\ARM_GCC_541\Debug\final_prova.a(CyLib.o)
                                0xa66 (size before relaxing)
 .debug_str     0x00002b54      0x365 .\CortexM3\ARM_GCC_541\Debug\final_prova.a(cyPm.o)
                                0x752 (size before relaxing)
 .debug_str     0x00002eb9       0x54 .\CortexM3\ARM_GCC_541\Debug\final_prova.a(BUTTON.o)
                                0x206 (size before relaxing)
 .debug_str     0x00002f0d      0x19b .\CortexM3\ARM_GCC_541\Debug\final_prova.a(PWM_ONBOARD.o)
                                0x3e2 (size before relaxing)
 .debug_str     0x000030a8       0xe5 .\CortexM3\ARM_GCC_541\Debug\final_prova.a(ISR_SW.o)
                                0x2d3 (size before relaxing)
 .debug_str     0x0000318d      0x128 .\CortexM3\ARM_GCC_541\Debug\final_prova.a(Timer_SW.o)
                                0x383 (size before relaxing)
 .debug_str     0x000032b5      0x1b4 .\CortexM3\ARM_GCC_541\Debug\final_prova.a(CyFlash.o)
                                0x3df (size before relaxing)
 .debug_str     0x00003469       0xac .\CortexM3\ARM_GCC_541\Debug\final_prova.a(CySpc.o)
                                0x357 (size before relaxing)

.debug_loc      0x00000000     0x3abb
 *(.debug_loc)
 .debug_loc     0x00000000      0x1ae .\CortexM3\ARM_GCC_541\Debug\main.o
 .debug_loc     0x000001ae      0x328 .\CortexM3\ARM_GCC_541\Debug\I2C_Interface.o
 .debug_loc     0x000004d6       0xc7 .\CortexM3\ARM_GCC_541\Debug\RGBLedDriver.o
 .debug_loc     0x0000059d      0x15a .\CortexM3\ARM_GCC_541\Debug\25LC256.o
 .debug_loc     0x000006f7      0x16c .\CortexM3\ARM_GCC_541\Debug\SPI_Interface.o
 .debug_loc     0x00000863      0x2cb .\CortexM3\ARM_GCC_541\Debug\cyfitter_cfg.o
 .debug_loc     0x00000b2e      0x144 .\CortexM3\ARM_GCC_541\Debug\Cm3Start.o
 .debug_loc     0x00000c72      0x258 .\CortexM3\ARM_GCC_541\Debug\final_prova.a(UART.o)
 .debug_loc     0x00000eca       0x39 .\CortexM3\ARM_GCC_541\Debug\final_prova.a(I2C_Master.o)
 .debug_loc     0x00000f03       0x29 .\CortexM3\ARM_GCC_541\Debug\final_prova.a(I2C_Master_INT.o)
 .debug_loc     0x00000f2c       0x13 .\CortexM3\ARM_GCC_541\Debug\final_prova.a(I2C_Master_PM.o)
 .debug_loc     0x00000f3f      0x52f .\CortexM3\ARM_GCC_541\Debug\final_prova.a(I2C_Master_MASTER.o)
 .debug_loc     0x0000146e      0x20d .\CortexM3\ARM_GCC_541\Debug\final_prova.a(SPIM.o)
 .debug_loc     0x0000167b       0x74 .\CortexM3\ARM_GCC_541\Debug\final_prova.a(SPIM_INT.o)
 .debug_loc     0x000016ef       0x42 .\CortexM3\ARM_GCC_541\Debug\final_prova.a(CS.o)
 .debug_loc     0x00001731       0x26 .\CortexM3\ARM_GCC_541\Debug\final_prova.a(PWM_B.o)
 .debug_loc     0x00001757       0x26 .\CortexM3\ARM_GCC_541\Debug\final_prova.a(PWM_RG.o)
 .debug_loc     0x0000177d      0x68c .\CortexM3\ARM_GCC_541\Debug\final_prova.a(ADC_DelSig.o)
 .debug_loc     0x00001e09      0x128 .\CortexM3\ARM_GCC_541\Debug\final_prova.a(UART_IntClock.o)
 .debug_loc     0x00001f31      0x128 .\CortexM3\ARM_GCC_541\Debug\final_prova.a(SPIM_IntClock.o)
 .debug_loc     0x00002059       0x6c .\CortexM3\ARM_GCC_541\Debug\final_prova.a(ADC_DelSig_AMux.o)
 .debug_loc     0x000020c5      0x12c .\CortexM3\ARM_GCC_541\Debug\final_prova.a(ADC_DelSig_Ext_CP_Clk.o)
 .debug_loc     0x000021f1      0x14d .\CortexM3\ARM_GCC_541\Debug\final_prova.a(ADC_DelSig_theACLK.o)
 .debug_loc     0x0000233e      0xa11 .\CortexM3\ARM_GCC_541\Debug\final_prova.a(CyLib.o)
 .debug_loc     0x00002d4f      0x1e4 .\CortexM3\ARM_GCC_541\Debug\final_prova.a(cyPm.o)
 .debug_loc     0x00002f33       0x42 .\CortexM3\ARM_GCC_541\Debug\final_prova.a(BUTTON.o)
 .debug_loc     0x00002f75       0x26 .\CortexM3\ARM_GCC_541\Debug\final_prova.a(PWM_ONBOARD.o)
 .debug_loc     0x00002f9b       0x56 .\CortexM3\ARM_GCC_541\Debug\final_prova.a(ISR_SW.o)
 .debug_loc     0x00002ff1       0x13 .\CortexM3\ARM_GCC_541\Debug\final_prova.a(Timer_SW.o)
 .debug_loc     0x00003004      0x3b2 .\CortexM3\ARM_GCC_541\Debug\final_prova.a(CyFlash.o)
 .debug_loc     0x000033b6      0x705 .\CortexM3\ARM_GCC_541\Debug\final_prova.a(CySpc.o)

.debug_macinfo
 *(.debug_macinfo)

.debug_ranges   0x00000000      0xdd8
 *(.debug_ranges)
 .debug_ranges  0x00000000       0x10 .\CortexM3\ARM_GCC_541\Debug\main.o
 .debug_ranges  0x00000010       0x58 .\CortexM3\ARM_GCC_541\Debug\I2C_Interface.o
 .debug_ranges  0x00000068       0x10 .\CortexM3\ARM_GCC_541\Debug\InterruptRoutines.o
 .debug_ranges  0x00000078       0x10 .\CortexM3\ARM_GCC_541\Debug\SW_State.o
 .debug_ranges  0x00000088       0x20 .\CortexM3\ARM_GCC_541\Debug\RGBLedDriver.o
 .debug_ranges  0x000000a8       0x10 .\CortexM3\ARM_GCC_541\Debug\SettingParameter.o
 .debug_ranges  0x000000b8       0x40 .\CortexM3\ARM_GCC_541\Debug\25LC256.o
 .debug_ranges  0x000000f8       0x28 .\CortexM3\ARM_GCC_541\Debug\SPI_Interface.o
 .debug_ranges  0x00000120       0x58 .\CortexM3\ARM_GCC_541\Debug\cyfitter_cfg.o
 .debug_ranges  0x00000178       0x38 .\CortexM3\ARM_GCC_541\Debug\Cm3Start.o
 .debug_ranges  0x000001b0       0xe0 .\CortexM3\ARM_GCC_541\Debug\final_prova.a(UART.o)
 .debug_ranges  0x00000290       0x28 .\CortexM3\ARM_GCC_541\Debug\final_prova.a(I2C_Master.o)
 .debug_ranges  0x000002b8       0x10 .\CortexM3\ARM_GCC_541\Debug\final_prova.a(I2C_Master_INT.o)
 .debug_ranges  0x000002c8       0x28 .\CortexM3\ARM_GCC_541\Debug\final_prova.a(I2C_Master_PM.o)
 .debug_ranges  0x000002f0       0x70 .\CortexM3\ARM_GCC_541\Debug\final_prova.a(I2C_Master_MASTER.o)
 .debug_ranges  0x00000360       0xc8 .\CortexM3\ARM_GCC_541\Debug\final_prova.a(SPIM.o)
 .debug_ranges  0x00000428       0x18 .\CortexM3\ARM_GCC_541\Debug\final_prova.a(SPIM_INT.o)
 .debug_ranges  0x00000440       0x28 .\CortexM3\ARM_GCC_541\Debug\final_prova.a(CS.o)
 .debug_ranges  0x00000468       0x88 .\CortexM3\ARM_GCC_541\Debug\final_prova.a(PWM_B.o)
 .debug_ranges  0x000004f0       0x98 .\CortexM3\ARM_GCC_541\Debug\final_prova.a(PWM_RG.o)
 .debug_ranges  0x00000588       0xd8 .\CortexM3\ARM_GCC_541\Debug\final_prova.a(ADC_DelSig.o)
 .debug_ranges  0x00000660       0x28 .\CortexM3\ARM_GCC_541\Debug\final_prova.a(ADC_DelSig_INT.o)
 .debug_ranges  0x00000688       0x60 .\CortexM3\ARM_GCC_541\Debug\final_prova.a(UART_IntClock.o)
 .debug_ranges  0x000006e8       0x60 .\CortexM3\ARM_GCC_541\Debug\final_prova.a(SPIM_IntClock.o)
 .debug_ranges  0x00000748       0x20 .\CortexM3\ARM_GCC_541\Debug\final_prova.a(ADC_DelSig_AMux.o)
 .debug_ranges  0x00000768       0x60 .\CortexM3\ARM_GCC_541\Debug\final_prova.a(ADC_DelSig_Ext_CP_Clk.o)
 .debug_ranges  0x000007c8       0x70 .\CortexM3\ARM_GCC_541\Debug\final_prova.a(ADC_DelSig_theACLK.o)
 .debug_ranges  0x00000838      0x290 .\CortexM3\ARM_GCC_541\Debug\final_prova.a(CyLib.o)
 .debug_ranges  0x00000ac8       0x88 .\CortexM3\ARM_GCC_541\Debug\final_prova.a(cyPm.o)
 .debug_ranges  0x00000b50       0x28 .\CortexM3\ARM_GCC_541\Debug\final_prova.a(BUTTON.o)
 .debug_ranges  0x00000b78       0x88 .\CortexM3\ARM_GCC_541\Debug\final_prova.a(PWM_ONBOARD.o)
 .debug_ranges  0x00000c00       0x70 .\CortexM3\ARM_GCC_541\Debug\final_prova.a(ISR_SW.o)
 .debug_ranges  0x00000c70       0x80 .\CortexM3\ARM_GCC_541\Debug\final_prova.a(Timer_SW.o)
 .debug_ranges  0x00000cf0       0x78 .\CortexM3\ARM_GCC_541\Debug\final_prova.a(CyFlash.o)
 .debug_ranges  0x00000d68       0x70 .\CortexM3\ARM_GCC_541\Debug\final_prova.a(CySpc.o)

.comment        0x00000000       0x6e
 .comment       0x00000000       0x6e .\CortexM3\ARM_GCC_541\Debug\main.o
                                 0x6f (size before relaxing)
 .comment       0x0000006e       0x6f .\CortexM3\ARM_GCC_541\Debug\I2C_Interface.o
 .comment       0x0000006e       0x6f .\CortexM3\ARM_GCC_541\Debug\InterruptRoutines.o
 .comment       0x0000006e       0x6f .\CortexM3\ARM_GCC_541\Debug\SW_State.o
 .comment       0x0000006e       0x6f .\CortexM3\ARM_GCC_541\Debug\RGBLedDriver.o
 .comment       0x0000006e       0x6f .\CortexM3\ARM_GCC_541\Debug\SettingParameter.o
 .comment       0x0000006e       0x6f .\CortexM3\ARM_GCC_541\Debug\25LC256.o
 .comment       0x0000006e       0x6f .\CortexM3\ARM_GCC_541\Debug\SPI_Interface.o
 .comment       0x0000006e       0x6f .\CortexM3\ARM_GCC_541\Debug\cyfitter_cfg.o
 .comment       0x0000006e       0x6f .\CortexM3\ARM_GCC_541\Debug\cymetadata.o
 .comment       0x0000006e       0x6f .\CortexM3\ARM_GCC_541\Debug\Cm3Start.o
 .comment       0x0000006e       0x6f .\CortexM3\ARM_GCC_541\Debug\final_prova.a(UART.o)
 .comment       0x0000006e       0x6f .\CortexM3\ARM_GCC_541\Debug\final_prova.a(I2C_Master.o)
 .comment       0x0000006e       0x6f .\CortexM3\ARM_GCC_541\Debug\final_prova.a(I2C_Master_INT.o)
 .comment       0x0000006e       0x6f .\CortexM3\ARM_GCC_541\Debug\final_prova.a(I2C_Master_PM.o)
 .comment       0x0000006e       0x6f .\CortexM3\ARM_GCC_541\Debug\final_prova.a(I2C_Master_MASTER.o)
 .comment       0x0000006e       0x6f .\CortexM3\ARM_GCC_541\Debug\final_prova.a(SPIM.o)
 .comment       0x0000006e       0x6f .\CortexM3\ARM_GCC_541\Debug\final_prova.a(SPIM_INT.o)
 .comment       0x0000006e       0x6f .\CortexM3\ARM_GCC_541\Debug\final_prova.a(CS.o)
 .comment       0x0000006e       0x6f .\CortexM3\ARM_GCC_541\Debug\final_prova.a(PWM_B.o)
 .comment       0x0000006e       0x6f .\CortexM3\ARM_GCC_541\Debug\final_prova.a(PWM_RG.o)
 .comment       0x0000006e       0x6f .\CortexM3\ARM_GCC_541\Debug\final_prova.a(ADC_DelSig.o)
 .comment       0x0000006e       0x6f .\CortexM3\ARM_GCC_541\Debug\final_prova.a(ADC_DelSig_INT.o)
 .comment       0x0000006e       0x6f .\CortexM3\ARM_GCC_541\Debug\final_prova.a(UART_IntClock.o)
 .comment       0x0000006e       0x6f .\CortexM3\ARM_GCC_541\Debug\final_prova.a(SPIM_IntClock.o)
 .comment       0x0000006e       0x6f .\CortexM3\ARM_GCC_541\Debug\final_prova.a(ADC_DelSig_AMux.o)
 .comment       0x0000006e       0x6f .\CortexM3\ARM_GCC_541\Debug\final_prova.a(ADC_DelSig_Ext_CP_Clk.o)
 .comment       0x0000006e       0x6f .\CortexM3\ARM_GCC_541\Debug\final_prova.a(ADC_DelSig_theACLK.o)
 .comment       0x0000006e       0x6f .\CortexM3\ARM_GCC_541\Debug\final_prova.a(CyLib.o)
 .comment       0x0000006e       0x6f .\CortexM3\ARM_GCC_541\Debug\final_prova.a(cyPm.o)
 .comment       0x0000006e       0x6f .\CortexM3\ARM_GCC_541\Debug\final_prova.a(BUTTON.o)
 .comment       0x0000006e       0x6f .\CortexM3\ARM_GCC_541\Debug\final_prova.a(PWM_ONBOARD.o)
 .comment       0x0000006e       0x6f .\CortexM3\ARM_GCC_541\Debug\final_prova.a(ISR_SW.o)
 .comment       0x0000006e       0x6f .\CortexM3\ARM_GCC_541\Debug\final_prova.a(Timer_SW.o)
 .comment       0x0000006e       0x6f .\CortexM3\ARM_GCC_541\Debug\final_prova.a(CyFlash.o)
 .comment       0x0000006e       0x6f .\CortexM3\ARM_GCC_541\Debug\final_prova.a(CySpc.o)

.debug_weaknames
 *(.debug_weaknames)

.debug_funcnames
 *(.debug_funcnames)

.debug_typenames
 *(.debug_typenames)

.debug_varnames
 *(.debug_varnames)

.note.gnu.arm.ident
 *(.note.gnu.arm.ident)

.ARM.attributes
                0x00000000       0x29
 *(.ARM.attributes)
 .ARM.attributes
                0x00000000       0x1d c:/program files (x86)/cypress/psoc creator/4.3/psoc creator/import/gnu/arm/5.4.1/bin/../lib/gcc/arm-none-eabi/5.4.1/armv7-m/crti.o
 .ARM.attributes
                0x0000001d       0x2d c:/program files (x86)/cypress/psoc creator/4.3/psoc creator/import/gnu/arm/5.4.1/bin/../lib/gcc/arm-none-eabi/5.4.1/armv7-m/crtbegin.o
 .ARM.attributes
                0x0000004a       0x1b c:/program files (x86)/cypress/psoc creator/4.3/psoc creator/import/gnu/arm/5.4.1/bin/../lib/gcc/arm-none-eabi/5.4.1/../../../../arm-none-eabi/lib/armv7-m/crt0.o
 .ARM.attributes
                0x00000065       0x33 .\CortexM3\ARM_GCC_541\Debug\main.o
 .ARM.attributes
                0x00000098       0x33 .\CortexM3\ARM_GCC_541\Debug\I2C_Interface.o
 .ARM.attributes
                0x000000cb       0x33 .\CortexM3\ARM_GCC_541\Debug\InterruptRoutines.o
 .ARM.attributes
                0x000000fe       0x33 .\CortexM3\ARM_GCC_541\Debug\SW_State.o
 .ARM.attributes
                0x00000131       0x33 .\CortexM3\ARM_GCC_541\Debug\RGBLedDriver.o
 .ARM.attributes
                0x00000164       0x33 .\CortexM3\ARM_GCC_541\Debug\SettingParameter.o
 .ARM.attributes
                0x00000197       0x33 .\CortexM3\ARM_GCC_541\Debug\25LC256.o
 .ARM.attributes
                0x000001ca       0x33 .\CortexM3\ARM_GCC_541\Debug\SPI_Interface.o
 .ARM.attributes
                0x000001fd       0x33 .\CortexM3\ARM_GCC_541\Debug\cyfitter_cfg.o
 .ARM.attributes
                0x00000230       0x33 .\CortexM3\ARM_GCC_541\Debug\cymetadata.o
 .ARM.attributes
                0x00000263       0x33 .\CortexM3\ARM_GCC_541\Debug\Cm3Start.o
 .ARM.attributes
                0x00000296       0x33 .\CortexM3\ARM_GCC_541\Debug\final_prova.a(UART.o)
 .ARM.attributes
                0x000002c9       0x33 .\CortexM3\ARM_GCC_541\Debug\final_prova.a(I2C_Master.o)
 .ARM.attributes
                0x000002fc       0x33 .\CortexM3\ARM_GCC_541\Debug\final_prova.a(I2C_Master_INT.o)
 .ARM.attributes
                0x0000032f       0x33 .\CortexM3\ARM_GCC_541\Debug\final_prova.a(I2C_Master_PM.o)
 .ARM.attributes
                0x00000362       0x33 .\CortexM3\ARM_GCC_541\Debug\final_prova.a(I2C_Master_MASTER.o)
 .ARM.attributes
                0x00000395       0x33 .\CortexM3\ARM_GCC_541\Debug\final_prova.a(SPIM.o)
 .ARM.attributes
                0x000003c8       0x33 .\CortexM3\ARM_GCC_541\Debug\final_prova.a(SPIM_INT.o)
 .ARM.attributes
                0x000003fb       0x33 .\CortexM3\ARM_GCC_541\Debug\final_prova.a(CS.o)
 .ARM.attributes
                0x0000042e       0x33 .\CortexM3\ARM_GCC_541\Debug\final_prova.a(PWM_B.o)
 .ARM.attributes
                0x00000461       0x33 .\CortexM3\ARM_GCC_541\Debug\final_prova.a(PWM_RG.o)
 .ARM.attributes
                0x00000494       0x33 .\CortexM3\ARM_GCC_541\Debug\final_prova.a(ADC_DelSig.o)
 .ARM.attributes
                0x000004c7       0x33 .\CortexM3\ARM_GCC_541\Debug\final_prova.a(ADC_DelSig_INT.o)
 .ARM.attributes
                0x000004fa       0x33 .\CortexM3\ARM_GCC_541\Debug\final_prova.a(UART_IntClock.o)
 .ARM.attributes
                0x0000052d       0x33 .\CortexM3\ARM_GCC_541\Debug\final_prova.a(SPIM_IntClock.o)
 .ARM.attributes
                0x00000560       0x33 .\CortexM3\ARM_GCC_541\Debug\final_prova.a(ADC_DelSig_AMux.o)
 .ARM.attributes
                0x00000593       0x33 .\CortexM3\ARM_GCC_541\Debug\final_prova.a(ADC_DelSig_Ext_CP_Clk.o)
 .ARM.attributes
                0x000005c6       0x33 .\CortexM3\ARM_GCC_541\Debug\final_prova.a(ADC_DelSig_theACLK.o)
 .ARM.attributes
                0x000005f9       0x33 .\CortexM3\ARM_GCC_541\Debug\final_prova.a(CyLib.o)
 .ARM.attributes
                0x0000062c       0x33 .\CortexM3\ARM_GCC_541\Debug\final_prova.a(cyPm.o)
 .ARM.attributes
                0x0000065f       0x33 .\CortexM3\ARM_GCC_541\Debug\final_prova.a(BUTTON.o)
 .ARM.attributes
                0x00000692       0x33 .\CortexM3\ARM_GCC_541\Debug\final_prova.a(PWM_ONBOARD.o)
 .ARM.attributes
                0x000006c5       0x33 .\CortexM3\ARM_GCC_541\Debug\final_prova.a(ISR_SW.o)
 .ARM.attributes